Archive member included because of file (symbol)

../../../libs/liblibmplmpu_m4_hardfp/liblibmplmpu.a(accel_auto_cal.o)
                              ./_debug/drv_motion.o (inv_enable_in_use_auto_calibration)
../../../libs/liblibmplmpu_m4_hardfp/liblibmplmpu.a(compass_vec_cal.o)
                              ../../../libs/liblibmplmpu_m4_hardfp/liblibmplmpu.a(accel_auto_cal.o) (inv_combine_compass_data)
../../../libs/liblibmplmpu_m4_hardfp/liblibmplmpu.a(fast_no_motion.o)
                              ../../../libs/liblibmplmpu_m4_hardfp/liblibmplmpu.a(accel_auto_cal.o) (inv_fast_nomot_parameter)
../../../libs/liblibmplmpu_m4_hardfp/liblibmplmpu.a(fusion_9axis.o)
                              ./_debug/drv_motion.o (inv_enable_9x_sensor_fusion)
../../../libs/liblibmplmpu_m4_hardfp/liblibmplmpu.a(gyro_tc.o)
                              ./_debug/drv_motion.o (inv_enable_gyro_tc)
../../../libs/liblibmplmpu_m4_hardfp/liblibmplmpu.a(heading_from_gyro.o)
                              ./_debug/drv_motion.o (inv_enable_heading_from_gyro)
../../../libs/liblibmplmpu_m4_hardfp/liblibmplmpu.a(mag_disturb.o)
                              ../../../libs/liblibmplmpu_m4_hardfp/liblibmplmpu.a(compass_vec_cal.o) (inv_set_magnetic_disturbance)
../../../libs/liblibmplmpu_m4_hardfp/liblibmplmpu.a(quaternion_supervisor.o)
                              ./_debug/drv_motion.o (inv_enable_quaternion)
../../../external/sdk13/components/toolchain/cmsis/dsp/GCC/libarm_cortexM4lf_math.a(arm_sin_f32.o)
                              ./_debug/drv_speaker.o (arm_sin_f32)
../../../external/sdk13/components/toolchain/cmsis/dsp/GCC/libarm_cortexM4lf_math.a(arm_common_tables.o)
                              ../../../external/sdk13/components/toolchain/cmsis/dsp/GCC/libarm_cortexM4lf_math.a(arm_sin_f32.o) (sinTable_f32)
../../../external/sdk13/components/nfc/t2t_lib/nfc_t2t_lib_gcc.a(nfc_t2t_lib_nfc_t2t_lib.c.o)
                              ./_debug/drv_nfc.o (nfc_t2t_setup)
/usr/local/gcc-arm-none-eabi-4_9-2015q3/bin/../lib/gcc/arm-none-eabi/4.9.3/../../../../arm-none-eabi/lib/armv7e-m/fpu/libc_nano.a(lib_a-abs.o)
                              ./_debug/m_motion.o (abs)
/usr/local/gcc-arm-none-eabi-4_9-2015q3/bin/../lib/gcc/arm-none-eabi/4.9.3/../../../../arm-none-eabi/lib/armv7e-m/fpu/libc_nano.a(lib_a-ctype_.o)
                              ./_debug/nrf_log_backend_serial.o (__ctype_ptr__)
/usr/local/gcc-arm-none-eabi-4_9-2015q3/bin/../lib/gcc/arm-none-eabi/4.9.3/../../../../arm-none-eabi/lib/armv7e-m/fpu/libc_nano.a(lib_a-exit.o)
                              /usr/local/gcc-arm-none-eabi-4_9-2015q3/bin/../lib/gcc/arm-none-eabi/4.9.3/../../../../arm-none-eabi/lib/armv7e-m/fpu/crt0.o (exit)
/usr/local/gcc-arm-none-eabi-4_9-2015q3/bin/../lib/gcc/arm-none-eabi/4.9.3/../../../../arm-none-eabi/lib/armv7e-m/fpu/libc_nano.a(lib_a-impure.o)
                              /usr/local/gcc-arm-none-eabi-4_9-2015q3/bin/../lib/gcc/arm-none-eabi/4.9.3/../../../../arm-none-eabi/lib/armv7e-m/fpu/libc_nano.a(lib_a-exit.o) (_global_impure_ptr)
/usr/local/gcc-arm-none-eabi-4_9-2015q3/bin/../lib/gcc/arm-none-eabi/4.9.3/../../../../arm-none-eabi/lib/armv7e-m/fpu/libc_nano.a(lib_a-init.o)
                              /usr/local/gcc-arm-none-eabi-4_9-2015q3/bin/../lib/gcc/arm-none-eabi/4.9.3/../../../../arm-none-eabi/lib/armv7e-m/fpu/crt0.o (__libc_init_array)
/usr/local/gcc-arm-none-eabi-4_9-2015q3/bin/../lib/gcc/arm-none-eabi/4.9.3/../../../../arm-none-eabi/lib/armv7e-m/fpu/libc_nano.a(lib_a-memcmp.o)
                              ./_debug/inv_mpu.o (memcmp)
/usr/local/gcc-arm-none-eabi-4_9-2015q3/bin/../lib/gcc/arm-none-eabi/4.9.3/../../../../arm-none-eabi/lib/armv7e-m/fpu/libc_nano.a(lib_a-memcpy.o)
                              ./_debug/ble_advertising.o (memcpy)
/usr/local/gcc-arm-none-eabi-4_9-2015q3/bin/../lib/gcc/arm-none-eabi/4.9.3/../../../../arm-none-eabi/lib/armv7e-m/fpu/libc_nano.a(lib_a-memmove.o)
                              ./_debug/start_manager.o (memmove)
/usr/local/gcc-arm-none-eabi-4_9-2015q3/bin/../lib/gcc/arm-none-eabi/4.9.3/../../../../arm-none-eabi/lib/armv7e-m/fpu/libc_nano.a(lib_a-memset.o)
                              /usr/local/gcc-arm-none-eabi-4_9-2015q3/bin/../lib/gcc/arm-none-eabi/4.9.3/../../../../arm-none-eabi/lib/armv7e-m/fpu/crt0.o (memset)
/usr/local/gcc-arm-none-eabi-4_9-2015q3/bin/../lib/gcc/arm-none-eabi/4.9.3/../../../../arm-none-eabi/lib/armv7e-m/fpu/libc_nano.a(lib_a-nano-vfprintf_float.o)
                              (_printf_float)
/usr/local/gcc-arm-none-eabi-4_9-2015q3/bin/../lib/gcc/arm-none-eabi/4.9.3/../../../../arm-none-eabi/lib/armv7e-m/fpu/libc_nano.a(lib_a-nano-vfprintf_i.o)
                              /usr/local/gcc-arm-none-eabi-4_9-2015q3/bin/../lib/gcc/arm-none-eabi/4.9.3/../../../../arm-none-eabi/lib/armv7e-m/fpu/libc_nano.a(lib_a-nano-vfprintf_float.o) (_printf_common)
[...]
Memory Configuration

Name             Origin             Length             Attributes
FLASH            0x0001f000         0x00056000         xr
RAM              0x200042a0         0x0000bd60         xrw
*default*        0x00000000         0xffffffff

Linker script and memory map


.text           0x0001f000    0x345d4
 *(.isr_vector)
 .isr_vector    0x0001f000      0x200 ./_debug/gcc_startup_nrf52.o
                0x0001f000                __isr_vector
 *(.text*)
 .text          0x0001f200       0x5c /usr/local/gcc-arm-none-eabi-4_9-2015q3/bin/../lib/gcc/arm-none-eabi/4.9.3/armv7e-m/fpu/crtbegin.o
 .text          0x0001f25c       0x74 /usr/local/gcc-arm-none-eabi-4_9-2015q3/bin/../lib/gcc/arm-none-eabi/4.9.3/../../../../arm-none-eabi/lib/armv7e-m/fpu/crt0.o
                0x0001f25c                _mainCRTStartup
                0x0001f25c                _start
 .text.sd_ble_gap_adv_start
                0x0001f2d0        0x8 ./_debug/ble_advertising.o
 .text.whitelist_has_entries
                0x0001f2d8       0x18 ./_debug/ble_advertising.o
 .text.addr_is_valid
                0x0001f2f0       0x38 ./_debug/ble_advertising.o
 .text.adv_mode_next_get
                0x0001f328       0x34 ./_debug/ble_advertising.o
 .text.on_connected
                0x0001f35c       0x28 ./_debug/ble_advertising.o
 .text.on_disconnected
                0x0001f384       0x4c ./_debug/ble_advertising.o
 .text.on_timeout
                0x0001f3d0       0x4c ./_debug/ble_advertising.o
 .text.flash_access_in_progress
                0x0001f41c       0x24 ./_debug/ble_advertising.o
 .text.adv_mode_next_avail_get
                0x0001f440       0x84 ./_debug/ble_advertising.o
 .text.set_adv_mode_directed
                0x0001f4c4       0x3c ./_debug/ble_advertising.o
 .text.set_adv_mode_directed_slow
                0x0001f500       0x48 ./_debug/ble_advertising.o
 .text.set_adv_mode_fast
                0x0001f548       0x84 ./_debug/ble_advertising.o
 .text.set_adv_mode_slow
                0x0001f5cc       0x84 ./_debug/ble_advertising.o
 .text.ble_advertising_conn_cfg_tag_set
                0x0001f650       0x20 ./_debug/ble_advertising.o
                0x0001f650                ble_advertising_conn_cfg_tag_set
 .text.ble_advertising_init
                0x0001f670      0x20c ./_debug/ble_advertising.o
                0x0001f670                ble_advertising_init
 .text.ble_advertising_start
                0x0001f87c      0x1d4 ./_debug/ble_advertising.o
                0x0001f87c                ble_advertising_start
 .text.ble_advertising_on_ble_evt
                0x0001fa50       0x38 ./_debug/ble_advertising.o
                0x0001fa50                ble_advertising_on_ble_evt
 .text.ble_advertising_on_sys_evt
                0x0001fa88       0x58 ./_debug/ble_advertising.o
                0x0001fa88                ble_advertising_on_sys_evt
 .text.NVIC_DisableIRQ
                0x0001fae0       0x34 ./_debug/ble_dfu.o
 .text.NVIC_ClearPendingIRQ
                0x0001fb14       0x34 ./_debug/ble_dfu.o
 .text.NVIC_SystemReset
                0x0001fb48       0x28 ./_debug/ble_dfu.o
 .text.sd_ble_gatts_service_add
                0x0001fb70        0x8 ./_debug/ble_dfu.o
 .text.sd_ble_gatts_characteristic_add
                0x0001fb78        0x8 ./_debug/ble_dfu.o
 .text.sd_ble_gatts_hvx
                0x0001fb80        0x8 ./_debug/ble_dfu.o
 .text.sd_ble_gatts_rw_authorize_reply
                0x0001fb88        0x8 ./_debug/ble_dfu.o
 .text.sd_ble_uuid_vs_add
                0x0001fb90        0x8 ./_debug/ble_dfu.o
 .text.sd_power_gpregret_set
                0x0001fb98        0x8 ./_debug/ble_dfu.o
 .text.sd_power_gpregret_clr
                0x0001fba0        0x8 ./_debug/ble_dfu.o
 .text.sd_softdevice_disable
                0x0001fba8        0x8 ./_debug/ble_dfu.o
 .text.sd_softdevice_vector_table_base_set
                0x0001fbb0        0x8 ./_debug/ble_dfu.o
 .text.interrupts_disable
                0x0001fbb8       0x48 ./_debug/ble_dfu.o
 .text.bootloader_start
                0x0001fc00       0x70 ./_debug/ble_dfu.o
 .text.enter_bootloader
                0x0001fc70       0x30 ./_debug/ble_dfu.o
 .text.buttonless_char_pt_add
                0x0001fca0      0x170 ./_debug/ble_dfu.o
 .text.ble_dfu_init
                0x0001fe10       0xb0 ./_debug/ble_dfu.o
                0x0001fe10                ble_dfu_init
 .text.resp_send
                0x0001fec0       0x60 ./_debug/ble_dfu.o
 .text.on_ctrlpt_write
                0x0001ff20       0xb0 ./_debug/ble_dfu.o
 .text.on_rw_authorize_req
                0x0001ffd0       0x5c ./_debug/ble_dfu.o
 .text.on_connect
                0x0002002c       0x1c ./_debug/ble_dfu.o
 .text.on_disconnect
                0x00020048       0x2c ./_debug/ble_dfu.o
 .text.on_write
                0x00020074       0x88 ./_debug/ble_dfu.o
 .text.on_hvc   0x000200fc       0x30 ./_debug/ble_dfu.o
 .text.ble_dfu_on_ble_evt
                0x0002012c       0x74 ./_debug/ble_dfu.o
                0x0002012c                ble_dfu_on_ble_evt
 .text.sd_ble_gap_addr_get
                0x000201a0        0x8 ./_debug/ble_advdata.o
 .text.sd_ble_gap_adv_data_set
                0x000201a8        0x8 ./_debug/ble_advdata.o
 .text.sd_ble_gap_appearance_get
                0x000201b0        0x8 ./_debug/ble_advdata.o
 .text.sd_ble_gap_device_name_get
                0x000201b8        0x8 ./_debug/ble_advdata.o
 .text.sd_ble_uuid_encode
                0x000201c0        0x8 ./_debug/ble_advdata.o
 .text.uint16_encode
                0x000201c8       0x30 ./_debug/ble_advdata.o
 .text.ble_device_addr_encode
                0x000201f8       0xd0 ./_debug/ble_advdata.o
 .text.name_encode
                0x000202c8      0x11c ./_debug/ble_advdata.o
 .text.appearance_encode
                0x000203e4       0x98 ./_debug/ble_advdata.o
 .text.flags_encode
                0x0002047c       0x80 ./_debug/ble_advdata.o
 .text.tx_power_level_encode
                0x000204fc       0x80 ./_debug/ble_advdata.o
 .text.uuid_list_sized_encode
                0x0002057c      0x140 ./_debug/ble_advdata.o
 .text.uuid_list_encode
                0x000206bc       0x60 ./_debug/ble_advdata.o
 .text.conn_int_check
                0x0002071c       0x84 ./_debug/ble_advdata.o
 .text.conn_int_encode
                0x000207a0       0xc0 ./_debug/ble_advdata.o
 .text.manuf_specific_data_encode
                0x00020860       0xe4 ./_debug/ble_advdata.o
 .text.service_data_encode
                0x00020944      0x104 ./_debug/ble_advdata.o
 .text.adv_data_encode
                0x00020a48      0x1cc ./_debug/ble_advdata.o
                0x00020a48                adv_data_encode
 .text.advdata_check
                0x00020c14       0x28 ./_debug/ble_advdata.o
 .text.srdata_check
                0x00020c3c       0x24 ./_debug/ble_advdata.o
 .text.ble_advdata_set
                0x00020c60       0xc8 ./_debug/ble_advdata.o
                0x00020c60                ble_advdata_set
 .text.sd_ble_gap_conn_param_update
                0x00020d28        0x8 ./_debug/ble_conn_params.o
 .text.sd_ble_gap_disconnect
                0x00020d30        0x8 ./_debug/ble_conn_params.o
 .text.sd_ble_gap_ppcp_set
                0x00020d38        0x8 ./_debug/ble_conn_params.o
 .text.sd_ble_gap_ppcp_get
                0x00020d40        0x8 ./_debug/ble_conn_params.o
 .text.is_conn_params_ok
                0x00020d48       0x38 ./_debug/ble_conn_params.o
 .text.update_timeout_handler
                0x00020d80       0xb4 ./_debug/ble_conn_params.o
 .text.ble_conn_params_init
                0x00020e34       0x98 ./_debug/ble_conn_params.o
                0x00020e34                ble_conn_params_init
 .text.conn_params_negotiation
                0x00020ecc       0xac ./_debug/ble_conn_params.o
 .text.on_connect
                0x00020f78       0x48 ./_debug/ble_conn_params.o
 .text.on_disconnect
                0x00020fc0       0x4c ./_debug/ble_conn_params.o
 .text.on_write
                0x0002100c       0x68 ./_debug/ble_conn_params.o
 .text.on_conn_params_update
                0x00021074       0x24 ./_debug/ble_conn_params.o
 .text.ble_conn_params_on_ble_evt
                0x00021098       0x4c ./_debug/ble_conn_params.o
                0x00021098                ble_conn_params_on_ble_evt
 .text.ble_conn_params_change_conn_params
                0x000210e4       0x8c ./_debug/ble_conn_params.o
                0x000210e4                ble_conn_params_change_conn_params
 .text.record_activate
                0x00021170       0x6c ./_debug/ble_conn_state.o
 .text.record_invalidate
                0x000211dc       0x2c ./_debug/ble_conn_state.o
 .text.record_set_disconnected
                0x00021208       0x28 ./_debug/ble_conn_state.o
 .text.record_purge_disconnected
                0x00021230       0x70 ./_debug/ble_conn_state.o
 .text.ble_conn_state_on_ble_evt
                0x000212a0       0xc4 ./_debug/ble_conn_state.o
                0x000212a0                ble_conn_state_on_ble_evt
 .text.uint16_decode
                0x00021364       0x2c ./_debug/ble_srv_common.o
 .text.ble_srv_is_notification_enabled
                0x00021390       0x2c ./_debug/ble_srv_common.o
                0x00021390                ble_srv_is_notification_enabled
 .text.ble_srv_is_indication_enabled
                0x000213bc       0x2c ./_debug/ble_srv_common.o
                0x000213bc                ble_srv_is_indication_enabled
 .text.nrf_clock_int_enable
                0x000213e8       0x1c ./_debug/nrf_drv_clock.o
 .text.nrf_clock_int_disable
                0x00021404       0x1c ./_debug/nrf_drv_clock.o
 .text.nrf_clock_task_trigger
                0x00021420       0x20 ./_debug/nrf_drv_clock.o
 .text.nrf_clock_event_clear
                0x00021440       0x2c ./_debug/nrf_drv_clock.o
 .text.nrf_clock_event_check
                0x0002146c       0x28 ./_debug/nrf_drv_clock.o
 .text.nrf_clock_lf_src_set
                0x00021494       0x24 ./_debug/nrf_drv_clock.o
 .text.nrf_clock_hf_is_running
                0x000214b8       0x34 ./_debug/nrf_drv_clock.o
 .text.nrf_drv_common_irq_enable_check
                0x000214ec       0x40 ./_debug/nrf_drv_clock.o
 .text.nrf_drv_common_power_clock_irq_init
                0x0002152c       0x20 ./_debug/nrf_drv_clock.o
 .text.sd_clock_hfclk_request
                0x0002154c        0x8 ./_debug/nrf_drv_clock.o
 .text.sd_clock_hfclk_release
                0x00021554        0x8 ./_debug/nrf_drv_clock.o
 .text.hfclk_start
                0x0002155c       0x2c ./_debug/nrf_drv_clock.o
 .text.hfclk_stop
                0x00021588       0x34 ./_debug/nrf_drv_clock.o
 .text.nrf_drv_clock_init
                0x000215bc       0x60 ./_debug/nrf_drv_clock.o
                0x000215bc                nrf_drv_clock_init
 .text.item_enqueue
                0x0002161c       0x40 ./_debug/nrf_drv_clock.o
 .text.item_dequeue
                0x0002165c       0x2c ./_debug/nrf_drv_clock.o
 .text.nrf_drv_clock_hfclk_request
                0x00021688       0x8c ./_debug/nrf_drv_clock.o
                0x00021688                nrf_drv_clock_hfclk_request
 .text.nrf_drv_clock_hfclk_release
                0x00021714       0x3c ./_debug/nrf_drv_clock.o
                0x00021714                nrf_drv_clock_hfclk_release
 .text.clock_clk_started_notify
                0x00021750       0x44 ./_debug/nrf_drv_clock.o
 .text.POWER_CLOCK_IRQHandler
                0x00021794       0x5c ./_debug/nrf_drv_clock.o
                0x00021794                POWER_CLOCK_IRQHandler
 .text.nrf_drv_clock_on_soc_event
                0x000217f0       0x1c ./_debug/nrf_drv_clock.o
                0x000217f0                nrf_drv_clock_on_soc_event
 .text.nrf_drv_clock_on_sd_enable
                0x0002180c       0x48 ./_debug/nrf_drv_clock.o
                0x0002180c                nrf_drv_clock_on_sd_enable
 .text.NVIC_EnableIRQ
                0x00021854       0x30 ./_debug/nrf_drv_common.o
 .text.NVIC_ClearPendingIRQ
                0x00021884       0x34 ./_debug/nrf_drv_common.o
 .text.NVIC_SetPriority
                0x000218b8       0x54 ./_debug/nrf_drv_common.o
 .text.nrf_drv_common_irq_enable
                0x0002190c       0x38 ./_debug/nrf_drv_common.o
                0x0002190c                nrf_drv_common_irq_enable
 .text.nrf_gpiote_event_is_set
                0x00021944       0x28 ./_debug/nrf_drv_gpiote.o
 .text.nrf_gpiote_event_clear
                0x0002196c       0x30 ./_debug/nrf_drv_gpiote.o
 .text.nrf_gpiote_event_addr_get
                0x0002199c       0x20 ./_debug/nrf_drv_gpiote.o
 .text.nrf_gpiote_int_enable
                0x000219bc       0x20 ./_debug/nrf_drv_gpiote.o
 .text.nrf_gpiote_int_disable
                0x000219dc       0x20 ./_debug/nrf_drv_gpiote.o
 .text.nrf_gpiote_int_is_enabled
                0x000219fc       0x24 ./_debug/nrf_drv_gpiote.o
 .text.nrf_gpiote_event_enable
                0x00021a20       0x34 ./_debug/nrf_drv_gpiote.o
 .text.nrf_gpiote_event_disable
                0x00021a54       0x34 ./_debug/nrf_drv_gpiote.o
 .text.nrf_gpiote_event_configure
                0x00021a88       0x68 ./_debug/nrf_drv_gpiote.o
 .text.nrf_gpiote_event_pin_get
                0x00021af0       0x2c ./_debug/nrf_drv_gpiote.o
 .text.nrf_gpiote_event_polarity_get
                0x00021b1c       0x2c ./_debug/nrf_drv_gpiote.o
 .text.nrf_gpiote_te_default
                0x00021b48       0x24 ./_debug/nrf_drv_gpiote.o
 .text.nrf_gpio_pin_port_decode
                0x00021b6c       0x18 ./_debug/nrf_drv_gpiote.o
 .text.nrf_gpio_cfg
                0x00021b84       0x50 ./_debug/nrf_drv_gpiote.o
 .text.nrf_gpio_cfg_input
                0x00021bd4       0x28 ./_debug/nrf_drv_gpiote.o
 .text.nrf_gpio_cfg_default
                0x00021bfc       0x24 ./_debug/nrf_drv_gpiote.o
 .text.nrf_gpio_cfg_watcher
                0x00021c20       0x38 ./_debug/nrf_drv_gpiote.o
 .text.nrf_gpio_cfg_sense_set
                0x00021c58       0x58 ./_debug/nrf_drv_gpiote.o
 .text.nrf_gpio_pin_read
                0x00021cb0       0x2c ./_debug/nrf_drv_gpiote.o
 .text.nrf_gpio_pin_sense_get
                0x00021cdc       0x30 ./_debug/nrf_drv_gpiote.o
 .text.nrf_gpio_port_in_read
                0x00021d0c       0x1c ./_debug/nrf_drv_gpiote.o
 .text.nrf_gpio_ports_read
                0x00021d28       0x50 ./_debug/nrf_drv_gpiote.o
 .text.nrf_bitmask_bit_is_set
                0x00021d78       0x3c ./_debug/nrf_drv_gpiote.o
 .text.nrf_bitmask_bit_set
                0x00021db4       0x4c ./_debug/nrf_drv_gpiote.o
 .text.pin_in_use_by_te
                0x00021e00       0x44 ./_debug/nrf_drv_gpiote.o
 .text.pin_in_use_by_port
                0x00021e44       0x30 ./_debug/nrf_drv_gpiote.o
 .text.pin_in_use_by_gpiote
                0x00021e74       0x2c ./_debug/nrf_drv_gpiote.o
 .text.pin_in_use_by_te_set
                0x00021ea0       0x54 ./_debug/nrf_drv_gpiote.o
 .text.pin_in_use_clear
                0x00021ef4       0x24 ./_debug/nrf_drv_gpiote.o
 .text.channel_port_get
                0x00021f18       0x24 ./_debug/nrf_drv_gpiote.o
 .text.channel_handler_get
                0x00021f3c       0x20 ./_debug/nrf_drv_gpiote.o
 .text.channel_port_alloc
                0x00021f5c       0x74 ./_debug/nrf_drv_gpiote.o
 .text.channel_free
                0x00021fd0       0x38 ./_debug/nrf_drv_gpiote.o
 .text.nrf_drv_gpiote_init
                0x00022008       0x80 ./_debug/nrf_drv_gpiote.o
                0x00022008                nrf_drv_gpiote_init
 .text.nrf_drv_gpiote_is_init
                0x00022088       0x24 ./_debug/nrf_drv_gpiote.o
                0x00022088                nrf_drv_gpiote_is_init
 .text.nrf_drv_gpiote_in_init
                0x000220ac       0xb4 ./_debug/nrf_drv_gpiote.o
                0x000220ac                nrf_drv_gpiote_in_init
 .text.nrf_drv_gpiote_in_event_enable
                0x00022160       0xd0 ./_debug/nrf_drv_gpiote.o
                0x00022160                nrf_drv_gpiote_in_event_enable
 .text.nrf_drv_gpiote_in_event_disable
                0x00022230       0x50 ./_debug/nrf_drv_gpiote.o
                0x00022230                nrf_drv_gpiote_in_event_disable
 .text.nrf_drv_gpiote_in_uninit
                0x00022280       0x4c ./_debug/nrf_drv_gpiote.o
                0x00022280                nrf_drv_gpiote_in_uninit
 .text.nrf_drv_gpiote_in_is_set
                0x000222cc       0x24 ./_debug/nrf_drv_gpiote.o
                0x000222cc                nrf_drv_gpiote_in_is_set
 .text.GPIOTE_IRQHandler
                0x000222f0      0x2e4 ./_debug/nrf_drv_gpiote.o
                0x000222f0                GPIOTE_IRQHandler
 .text.nrf_pdm_event_check
                0x000225d4       0x2c ./_debug/nrf_drv_pdm.o
 .text.nrf_pdm_event_clear
                0x00022600       0x34 ./_debug/nrf_drv_pdm.o
 .text.nrf_pdm_disable
                0x00022634       0x18 ./_debug/nrf_drv_pdm.o
 .text.nrf_pdm_buffer_set
                0x0002264c       0x28 ./_debug/nrf_drv_pdm.o
 .text.nrf_pdm_buffer_get
                0x00022674       0x18 ./_debug/nrf_drv_pdm.o
 .text.PDM_IRQHandler
                0x0002268c       0xc4 ./_debug/nrf_drv_pdm.o
                0x0002268c                PDM_IRQHandler
 .text.nrf_pwm_task_trigger
                0x00022750       0x20 ./_debug/nrf_drv_pwm.o
 .text.nrf_pwm_task_address_get
                0x00022770       0x20 ./_debug/nrf_drv_pwm.o
 .text.nrf_pwm_event_clear
                0x00022790       0x2c ./_debug/nrf_drv_pwm.o
 .text.nrf_pwm_event_check
                0x000227bc       0x2c ./_debug/nrf_drv_pwm.o
 .text.nrf_pwm_shorts_set
                0x000227e8       0x1c ./_debug/nrf_drv_pwm.o
 .text.nrf_pwm_int_set
                0x00022804       0x1c ./_debug/nrf_drv_pwm.o
 .text.nrf_pwm_enable
                0x00022820       0x1c ./_debug/nrf_drv_pwm.o
 .text.nrf_pwm_pins_set
                0x0002283c       0x3c ./_debug/nrf_drv_pwm.o
 .text.nrf_pwm_configure
                0x00022878       0x3c ./_debug/nrf_drv_pwm.o
 .text.nrf_pwm_sequence_set
                0x000228b4       0x54 ./_debug/nrf_drv_pwm.o
 .text.nrf_pwm_seq_ptr_set
                0x00022908       0x28 ./_debug/nrf_drv_pwm.o
 .text.nrf_pwm_seq_cnt_set
                0x00022930       0x28 ./_debug/nrf_drv_pwm.o
 .text.nrf_pwm_seq_refresh_set
                0x00022958       0x28 ./_debug/nrf_drv_pwm.o
 .text.nrf_pwm_seq_end_delay_set
                0x00022980       0x28 ./_debug/nrf_drv_pwm.o
 .text.nrf_pwm_decoder_set
                0x000229a8       0x28 ./_debug/nrf_drv_pwm.o
 .text.nrf_pwm_loop_set
                0x000229d0       0x20 ./_debug/nrf_drv_pwm.o
 .text.nrf_drv_get_IRQn
                0x000229f0       0x20 ./_debug/nrf_drv_pwm.o
 .text.nrf_gpio_pin_port_decode
                0x00022a10       0x18 ./_debug/nrf_drv_pwm.o
 .text.nrf_gpio_cfg
                0x00022a28       0x50 ./_debug/nrf_drv_pwm.o
 .text.nrf_gpio_cfg_output
                0x00022a78       0x24 ./_debug/nrf_drv_pwm.o
 .text.nrf_gpio_pin_set
                0x00022a9c       0x28 ./_debug/nrf_drv_pwm.o
 .text.nrf_gpio_pin_clear
                0x00022ac4       0x28 ./_debug/nrf_drv_pwm.o
 .text.nrf_gpio_port_out_set
                0x00022aec       0x1c ./_debug/nrf_drv_pwm.o
 .text.nrf_gpio_port_out_clear
                0x00022b08       0x1c ./_debug/nrf_drv_pwm.o
 .text.configure_pins
                0x00022b24       0xbc ./_debug/nrf_drv_pwm.o
 .text.nrf_drv_pwm_init
                0x00022be0       0xf8 ./_debug/nrf_drv_pwm.o
                0x00022be0                nrf_drv_pwm_init
 .text.start_playback
                0x00022cd8       0xb4 ./_debug/nrf_drv_pwm.o
 .text.nrf_drv_pwm_simple_playback
                0x00022d8c       0xc4 ./_debug/nrf_drv_pwm.o
                0x00022d8c                nrf_drv_pwm_simple_playback
 .text.nrf_drv_pwm_complex_playback
                0x00022e50       0x94 ./_debug/nrf_drv_pwm.o
                0x00022e50                nrf_drv_pwm_complex_playback
 .text.irq_handler
                0x00022ee4       0xe4 ./_debug/nrf_drv_pwm.o
 .text.PWM0_IRQHandler
                0x00022fc8       0x18 ./_debug/nrf_drv_pwm.o
                0x00022fc8                PWM0_IRQHandler
 .text.nrf_rng_int_enable
                0x00022fe0       0x20 ./_debug/nrf_drv_rng.o
 .text.nrf_rng_int_disable
                0x00023000       0x20 ./_debug/nrf_drv_rng.o
 .text.nrf_rng_int_get
                0x00023020       0x30 ./_debug/nrf_drv_rng.o
 .text.nrf_rng_task_trigger
                0x00023050       0x24 ./_debug/nrf_drv_rng.o
 .text.nrf_rng_event_clear
                0x00023074       0x34 ./_debug/nrf_drv_rng.o
 .text.nrf_rng_event_get
                0x000230a8       0x2c ./_debug/nrf_drv_rng.o
 .text.nrf_rng_random_value_get
                0x000230d4       0x1c ./_debug/nrf_drv_rng.o
 .text.sd_rand_application_bytes_available_get
                0x000230f0        0x8 ./_debug/nrf_drv_rng.o
 .text.sd_rand_application_vector_get
                0x000230f8        0x8 ./_debug/nrf_drv_rng.o
 .text.nrf_drv_rng_start
                0x00023100       0x1c ./_debug/nrf_drv_rng.o
 .text.nrf_drv_rng_stop
                0x0002311c       0x14 ./_debug/nrf_drv_rng.o
 .text.nrf_drv_rng_bytes_available
                0x00023130       0x38 ./_debug/nrf_drv_rng.o
                0x00023130                nrf_drv_rng_bytes_available
 .text.nrf_drv_rng_rand
                0x00023168       0x80 ./_debug/nrf_drv_rng.o
                0x00023168                nrf_drv_rng_rand
 .text.RNG_IRQHandler
                0x000231e8       0x78 ./_debug/nrf_drv_rng.o
                0x000231e8                RNG_IRQHandler
 .text.nrf_saadc_task_trigger
                0x00023260       0x24 ./_debug/nrf_drv_saadc.o
 .text.nrf_saadc_event_check
                0x00023284       0x2c ./_debug/nrf_drv_saadc.o
 .text.nrf_saadc_event_clear
                0x000232b0       0x34 ./_debug/nrf_drv_saadc.o
 .text.nrf_saadc_buffer_init
                0x000232e4       0x28 ./_debug/nrf_drv_saadc.o
 .text.SAADC_IRQHandler
                0x0002330c      0x240 ./_debug/nrf_drv_saadc.o
                0x0002330c                SAADC_IRQHandler
 .text.NVIC_DisableIRQ
                0x0002354c       0x34 ./_debug/nrf_drv_twi.o
 .text.nrf_twi_task_trigger
                0x00023580       0x20 ./_debug/nrf_drv_twi.o
 .text.nrf_twi_event_clear
                0x000235a0       0x2c ./_debug/nrf_drv_twi.o
 .text.nrf_twi_event_check
                0x000235cc       0x2c ./_debug/nrf_drv_twi.o
 .text.nrf_twi_shorts_disable
                0x000235f8       0x28 ./_debug/nrf_drv_twi.o
 .text.nrf_twi_int_enable
                0x00023620       0x1c ./_debug/nrf_drv_twi.o
 .text.nrf_twi_int_disable
                0x0002363c       0x1c ./_debug/nrf_drv_twi.o
 .text.nrf_twi_enable
                0x00023658       0x1c ./_debug/nrf_drv_twi.o
 .text.nrf_twi_disable
                0x00023674       0x1c ./_debug/nrf_drv_twi.o
 .text.nrf_twi_pins_set
                0x00023690       0x28 ./_debug/nrf_drv_twi.o
 .text.nrf_twi_frequency_set
                0x000236b8       0x1c ./_debug/nrf_drv_twi.o
 .text.nrf_twi_errorsrc_get_and_clear
                0x000236d4       0x28 ./_debug/nrf_drv_twi.o
 .text.nrf_twi_address_set
                0x000236fc       0x20 ./_debug/nrf_drv_twi.o
 .text.nrf_twi_rxd_get
                0x0002371c       0x1c ./_debug/nrf_drv_twi.o
 .text.nrf_twi_txd_set
                0x00023738       0x20 ./_debug/nrf_drv_twi.o
 .text.nrf_twi_shorts_set
                0x00023758       0x1c ./_debug/nrf_drv_twi.o
 .text.nrf_drv_common_irq_disable
                0x00023774       0x1c ./_debug/nrf_drv_twi.o
 .text.nrf_drv_get_IRQn
                0x00023790       0x20 ./_debug/nrf_drv_twi.o
 .text.nrf_gpio_pin_port_decode
                0x000237b0       0x18 ./_debug/nrf_drv_twi.o
 .text.nrf_gpio_pin_set
                0x000237c8       0x28 ./_debug/nrf_drv_twi.o
 .text.nrf_gpio_pin_clear
                0x000237f0       0x28 ./_debug/nrf_drv_twi.o
 .text.nrf_gpio_pin_read
                0x00023818       0x2c ./_debug/nrf_drv_twi.o
 .text.nrf_gpio_port_in_read
                0x00023844       0x1c ./_debug/nrf_drv_twi.o
 .text.nrf_gpio_port_out_set
                0x00023860       0x1c ./_debug/nrf_drv_twi.o
 .text.nrf_gpio_port_out_clear
                0x0002387c       0x1c ./_debug/nrf_drv_twi.o
 .text.nrf_delay_us
                0x00023898       0xa8 ./_debug/nrf_drv_twi.o
 .text.twi_process_error
                0x00023940       0x4c ./_debug/nrf_drv_twi.o
 .text.twi_clear_bus
                0x0002398c       0xe0 ./_debug/nrf_drv_twi.o
 .text.nrf_drv_twi_init
                0x00023a6c       0xf8 ./_debug/nrf_drv_twi.o
                0x00023a6c                nrf_drv_twi_init
 .text.nrf_drv_twi_uninit
                0x00023b64       0x90 ./_debug/nrf_drv_twi.o
                0x00023b64                nrf_drv_twi_uninit
 .text.nrf_drv_twi_enable
                0x00023bf4       0x3c ./_debug/nrf_drv_twi.o
                0x00023bf4                nrf_drv_twi_enable
 .text.nrf_drv_twi_disable
                0x00023c30       0x50 ./_debug/nrf_drv_twi.o
                0x00023c30                nrf_drv_twi_disable
 .text.twi_send_byte
                0x00023c80       0x60 ./_debug/nrf_drv_twi.o
 .text.twi_receive_byte
                0x00023ce0       0x6c ./_debug/nrf_drv_twi.o
 .text.twi_transfer
                0x00023d4c      0x170 ./_debug/nrf_drv_twi.o
 .text.twi_tx_start_transfer
                0x00023ebc      0x110 ./_debug/nrf_drv_twi.o
 .text.twi_rx_start_transfer
                0x00023fcc      0x108 ./_debug/nrf_drv_twi.o
 .text.twi_xfer
                0x000240d4      0x114 ./_debug/nrf_drv_twi.o
 .text.nrf_drv_twi_xfer
                0x000241e8       0x58 ./_debug/nrf_drv_twi.o
                0x000241e8                nrf_drv_twi_xfer
 .text.nrf_drv_twi_tx
                0x00024240       0x5c ./_debug/nrf_drv_twi.o
                0x00024240                nrf_drv_twi_tx
 .text.nrf_drv_twi_rx
                0x0002429c       0x54 ./_debug/nrf_drv_twi.o
                0x0002429c                nrf_drv_twi_rx
 .text.irq_handler_twi
                0x000242f0      0x13c ./_debug/nrf_drv_twi.o
 .text.SPIM0_SPIS0_TWIM0_TWIS0_SPI0_TWI0_IRQHandler
                0x0002442c       0x18 ./_debug/nrf_drv_twi.o
                0x0002442c                SPIM0_SPIS0_TWIM0_TWIS0_SPI0_TWI0_IRQHandler
 .text.detection_delay_timeout_handler
                0x00024444       0xc8 ./_debug/app_button.o
 .text.gpiote_event_handler
                0x0002450c       0xa0 ./_debug/app_button.o
 .text.app_button_init
                0x000245ac       0xd8 ./_debug/app_button.o
                0x000245ac                app_button_init
 .text.app_button_enable
                0x00024684       0x44 ./_debug/app_button.o
                0x00024684                app_button_enable
 .text.is_word_aligned
                0x000246c8       0x24 ./_debug/fds.o
 .text.flag_set
                0x000246ec       0x28 ./_debug/fds.o
 .text.flag_clear
                0x00024714       0x30 ./_debug/fds.o
 .text.flag_is_set
                0x00024744       0x30 ./_debug/fds.o
 .text.event_send
                0x00024774       0x3c ./_debug/fds.o
 .text.event_prepare
                0x000247b0       0xd8 ./_debug/fds.o
 .text.header_is_valid
                0x00024888       0x34 ./_debug/fds.o
 .text.address_is_valid
                0x000248bc       0x48 ./_debug/fds.o
 .text.chunk_is_aligned
                0x00024904       0x48 ./_debug/fds.o
 .text.page_identify
                0x0002494c       0x4c ./_debug/fds.o
 .text.page_is_erased
                0x00024998       0x40 ./_debug/fds.o
 .text.page_has_space
                0x000249d8       0x54 ./_debug/fds.o
 .text.page_from_record
                0x00024a2c       0x64 ./_debug/fds.o
 .text.page_scan
                0x00024a90       0xa0 ./_debug/fds.o
 .text.page_offsets_update
                0x00024b30       0x3c ./_debug/fds.o
 .text.page_tag_write_swap
                0x00024b6c       0x30 ./_debug/fds.o
 .text.page_tag_write_data
                0x00024b9c       0x2c ./_debug/fds.o
 .text.write_space_reserve
                0x00024bc8       0x9c ./_debug/fds.o
 .text.write_space_free
                0x00024c64       0x44 ./_debug/fds.o
 .text.record_id_new
                0x00024ca8       0x20 ./_debug/fds.o
 .text.record_find_next
                0x00024cc8       0x90 ./_debug/fds.o
 .text.record_find_by_desc
                0x00024d58       0xb8 ./_debug/fds.o
 .text.record_find
                0x00024e10       0xd4 ./_debug/fds.o
 .text.queue_advance
                0x00024ee4       0x74 ./_debug/fds.o
 .text.chunk_queue_next
                0x00024f58       0x38 ./_debug/fds.o
                0x00024f58                chunk_queue_next
 .text.chunk_queue_get_and_advance
                0x00024f90       0x44 ./_debug/fds.o
 .text.chunk_queue_skip
                0x00024fd4       0x44 ./_debug/fds.o
 .text.op_enqueue
                0x00025018       0xf0 ./_debug/fds.o
 .text.pages_init
                0x00025108      0x180 ./_debug/fds.o
 .text.record_header_write_begin
                0x00025288       0x40 ./_debug/fds.o
 .text.record_header_write_id
                0x000252c8       0x50 ./_debug/fds.o
 .text.record_header_write_finalize
                0x00025318       0x50 ./_debug/fds.o
 .text.record_header_flag_dirty
                0x00025368       0x50 ./_debug/fds.o
 .text.record_find_and_delete
                0x000253b8       0x6c ./_debug/fds.o
 .text.file_find_and_delete
                0x00025424       0x50 ./_debug/fds.o
 .text.record_write_chunk
                0x00025474       0x7c ./_debug/fds.o
 .text.gc_init  0x000254f0       0x60 ./_debug/fds.o
 .text.gc_page_next
                0x00025550       0x78 ./_debug/fds.o
 .text.gc_swap_erase
                0x000255c8       0x34 ./_debug/fds.o
 .text.gc_page_erase
                0x000255fc       0x5c ./_debug/fds.o
 .text.gc_record_copy
                0x00025658       0x54 ./_debug/fds.o
 .text.gc_record_find_next
                0x000256ac       0x38 ./_debug/fds.o
 .text.gc_swap_promote
                0x000256e4       0x2c ./_debug/fds.o
 .text.gc_tag_new_swap
                0x00025710       0x20 ./_debug/fds.o
 .text.gc_next_page
                0x00025730       0x40 ./_debug/fds.o
 .text.gc_update_swap_offset
                0x00025770       0x34 ./_debug/fds.o
 .text.gc_swap_pages
                0x000257a4       0x5c ./_debug/fds.o
 .text.gc_state_advance
                0x00025800       0x70 ./_debug/fds.o
 .text.init_execute
                0x00025870      0x164 ./_debug/fds.o
 .text.write_execute
                0x000259d4      0x10c ./_debug/fds.o
 .text.delete_execute
                0x00025ae0       0x64 ./_debug/fds.o
 .text.gc_execute
                0x00025b44       0x98 ./_debug/fds.o
 .text.queue_process
                0x00025bdc       0xdc ./_debug/fds.o
 .text.queue_start
                0x00025cb8       0x24 ./_debug/fds.o
 .text.fs_event_handler
                0x00025cdc       0x1c ./_debug/fds.o
 .text.write_enqueue
                0x00025cf8      0x174 ./_debug/fds.o
 .text.fds_register
                0x00025e6c       0x4c ./_debug/fds.o
                0x00025e6c                fds_register
 .text.fds_init
                0x00025eb8       0xfc ./_debug/fds.o
                0x00025eb8                fds_init
 .text.fds_record_open
                0x00025fb4       0x78 ./_debug/fds.o
                0x00025fb4                fds_record_open
 .text.fds_record_close
                0x0002602c       0x7c ./_debug/fds.o
                0x0002602c                fds_record_close
 .text.fds_record_write
                0x000260a8       0x20 ./_debug/fds.o
                0x000260a8                fds_record_write
 .text.fds_record_update
                0x000260c8       0x2c ./_debug/fds.o
                0x000260c8                fds_record_update
 .text.fds_gc   0x000260f4       0x58 ./_debug/fds.o
                0x000260f4                fds_gc
 .text.fds_record_find
                0x0002614c       0x30 ./_debug/fds.o
                0x0002614c                fds_record_find
 .text.fs_flash_page_end_addr
                0x0002617c       0x30 ./_debug/fstorage.o
 .text.sd_flash_write
                0x000261ac        0x8 ./_debug/fstorage.o
 .text.sd_flash_page_erase
                0x000261b4        0x8 ./_debug/fstorage.o
 .text.send_event
                0x000261bc       0x74 ./_debug/fstorage.o
 .text.check_config
                0x00026230       0x38 ./_debug/fstorage.o
 .text.store_execute
                0x00026268       0x5c ./_debug/fstorage.o
 .text.erase_execute
                0x000262c4       0x1c ./_debug/fstorage.o
 .text.queue_advance
                0x000262e0       0x5c ./_debug/fstorage.o
 .text.queue_process
                0x0002633c       0x8c ./_debug/fstorage.o
 .text.queue_start
                0x000263c8       0x34 ./_debug/fstorage.o
 .text.on_operation_success
                0x000263fc       0xac ./_debug/fstorage.o
 .text.on_operation_failure
                0x000264a8       0x38 ./_debug/fstorage.o
 .text.queue_get_next_free
                0x000264e0       0x90 ./_debug/fstorage.o
 .text.fs_init  0x00026570      0x118 ./_debug/fstorage.o
                0x00026570                fs_init
 .text.fs_store
                0x00026688       0xd4 ./_debug/fstorage.o
                0x00026688                fs_store
 .text.fs_erase
                0x0002675c       0xc4 ./_debug/fstorage.o
                0x0002675c                fs_erase
 .text.fs_queued_op_count_get
                0x00026820       0x30 ./_debug/fstorage.o
                0x00026820                fs_queued_op_count_get
 .text.fs_sys_event_handler
                0x00026850       0x8c ./_debug/fstorage.o
                0x00026850                fs_sys_event_handler
 .text.nrf_log_backend_init
                0x000268dc       0x44 ./_debug/nrf_log_backend_serial.o
                0x000268dc                nrf_log_backend_init
 .text.serial_is_busy
                0x00026920       0x18 ./_debug/nrf_log_backend_serial.o
 .text.serial_tx
                0x00026938       0x60 ./_debug/nrf_log_backend_serial.o
 .text.buf_len_update
                0x00026998       0x34 ./_debug/nrf_log_backend_serial.o
 .text.timestamp_process
                0x000269cc       0x74 ./_debug/nrf_log_backend_serial.o
 .text.nrf_log_backend_serial_std_handler
                0x00026a40      0x304 ./_debug/nrf_log_backend_serial.o
 .text.byte2hex
                0x00026d44       0x58 ./_debug/nrf_log_backend_serial.o
 .text.nrf_log_backend_serial_hexdump_handler
                0x00026d9c      0x2f4 ./_debug/nrf_log_backend_serial.o
 .text.nrf_log_backend_std_handler_get
                0x00027090       0x14 ./_debug/nrf_log_backend_serial.o
                0x00027090                nrf_log_backend_std_handler_get
 .text.nrf_log_backend_hexdump_handler_get
                0x000270a4       0x14 ./_debug/nrf_log_backend_serial.o
                0x000270a4                nrf_log_backend_hexdump_handler_get
 .text.nrf_log_init
                0x000270b8       0x38 ./_debug/nrf_log_frontend.o
                0x000270b8                nrf_log_init
 .text.nrf_log_frontend_init
                0x000270f0       0x1c ./_debug/nrf_log_frontend.o
                0x000270f0                nrf_log_frontend_init
 .text.nrf_log_handlers_set
                0x0002710c       0x24 ./_debug/nrf_log_frontend.o
                0x0002710c                nrf_log_handlers_set
 .text.nrf_log_direct_feed
                0x00027130       0x38 ./_debug/nrf_log_frontend.o
 .text.nrf_log_push
                0x00027168       0x18 ./_debug/nrf_log_frontend.o
                0x00027168                nrf_log_push
 .text.nrf_log_frontend_std_0
                0x00027180       0x20 ./_debug/nrf_log_frontend.o
                0x00027180                nrf_log_frontend_std_0
 .text.nrf_log_frontend_std_1
                0x000271a0       0x2c ./_debug/nrf_log_frontend.o
                0x000271a0                nrf_log_frontend_std_1
 .text.nrf_log_frontend_std_2
                0x000271cc       0x30 ./_debug/nrf_log_frontend.o
                0x000271cc                nrf_log_frontend_std_2
 .text.nrf_log_frontend_std_3
                0x000271fc       0x34 ./_debug/nrf_log_frontend.o
                0x000271fc                nrf_log_frontend_std_3
 .text.nrf_log_frontend_std_4
                0x00027230       0x38 ./_debug/nrf_log_frontend.o
                0x00027230                nrf_log_frontend_std_4
 .text.nrf_log_frontend_std_6
                0x00027268       0x40 ./_debug/nrf_log_frontend.o
                0x00027268                nrf_log_frontend_std_6
 .text.nrf_queue_next_idx
                0x000272a8       0x28 ./_debug/nrf_queue.o
 .text.queue_utilization_get
                0x000272d0       0x44 ./_debug/nrf_queue.o
 .text.nrf_queue_is_full
                0x00027314       0x38 ./_debug/nrf_queue.o
                0x00027314                nrf_queue_is_full
 .text.nrf_queue_push
                0x0002734c      0x148 ./_debug/nrf_queue.o
                0x0002734c                nrf_queue_push
 .text.queue_read
                0x00027494       0xd0 ./_debug/nrf_queue.o
 .text.nrf_queue_read
                0x00027564       0x58 ./_debug/nrf_queue.o
                0x00027564                nrf_queue_read
 .text.nrf_queue_utilization_get
                0x000275bc       0x30 ./_debug/nrf_queue.o
                0x000275bc                nrf_queue_utilization_get
 .text.is_word_aligned
                0x000275ec       0x24 ./_debug/app_scheduler.o
 .text.next_index
                0x00027610       0x30 ./_debug/app_scheduler.o
 .text.app_sched_queue_full
                0x00027640       0x38 ./_debug/app_scheduler.o
 .text.app_sched_queue_empty
                0x00027678       0x34 ./_debug/app_scheduler.o
 .text.app_sched_init
                0x000276ac       0x7c ./_debug/app_scheduler.o
                0x000276ac                app_sched_init
 .text.app_sched_event_put
                0x00027728       0xe4 ./_debug/app_scheduler.o
                0x00027728                app_sched_event_put
 .text.is_app_sched_paused
                0x0002780c       0x10 ./_debug/app_scheduler.o
 .text.app_sched_execute
                0x0002781c       0x8c ./_debug/app_scheduler.o
                0x0002781c                app_sched_execute
 .text.nrf_strerror_find
                0x000278a8       0x70 ./_debug/nrf_strerror.o
                0x000278a8                nrf_strerror_find
 .text.NVIC_EnableIRQ
                0x00027918       0x30 ./_debug/app_timer.o
 .text.NVIC_DisableIRQ
                0x00027948       0x34 ./_debug/app_timer.o
 .text.NVIC_SetPendingIRQ
                0x0002797c       0x34 ./_debug/app_timer.o
 .text.NVIC_ClearPendingIRQ
                0x000279b0       0x34 ./_debug/app_timer.o
 .text.NVIC_SetPriority
                0x000279e4       0x54 ./_debug/app_timer.o
 .text.nrf_delay_us
                0x00027a38       0xa8 ./_debug/app_timer.o
 .text.rtc1_init
                0x00027ae0       0x24 ./_debug/app_timer.o
 .text.rtc1_start
                0x00027b04       0x40 ./_debug/app_timer.o
 .text.rtc1_stop
                0x00027b44       0x50 ./_debug/app_timer.o
 .text.rtc1_counter_get
                0x00027b94       0x18 ./_debug/app_timer.o
 .text.ticks_diff_get
                0x00027bac       0x20 ./_debug/app_timer.o
 .text.rtc1_compare0_set
                0x00027bcc       0x20 ./_debug/app_timer.o
 .text.timer_list_insert
                0x00027bec       0xb4 ./_debug/app_timer.o
 .text.timer_list_remove
                0x00027ca0       0xc0 ./_debug/app_timer.o
 .text.timer_timeouts_check_sched
                0x00027d60        0xc ./_debug/app_timer.o
 .text.timer_list_handler_sched
                0x00027d6c        0xc ./_debug/app_timer.o
 .text.timeout_handler_scheduled_exec
                0x00027d78       0x48 ./_debug/app_timer.o
 .text.timeout_handler_exec
                0x00027dc0       0x48 ./_debug/app_timer.o
 .text.timer_timeouts_check
                0x00027e08       0xc4 ./_debug/app_timer.o
 .text.elapsed_ticks_acquire
                0x00027ecc       0x80 ./_debug/app_timer.o
 .text.expired_timers_handler
                0x00027f4c       0x9c ./_debug/app_timer.o
 .text.list_insertions_handler
                0x00027fe8      0x1b8 ./_debug/app_timer.o
 .text.compare_reg_update
                0x000281a0       0xb4 ./_debug/app_timer.o
 .text.timer_list_handler
                0x00028254       0x74 ./_debug/app_timer.o
 .text.user_op_enque
                0x000282c8       0x20 ./_debug/app_timer.o
 .text.user_op_alloc
                0x000282e8       0x5c ./_debug/app_timer.o
 .text.timer_start_op_schedule
                0x00028344       0x84 ./_debug/app_timer.o
 .text.timer_stop_op_schedule
                0x000283c8       0x68 ./_debug/app_timer.o
 .text.RTC1_IRQHandler
                0x00028430       0x40 ./_debug/app_timer.o
                0x00028430                RTC1_IRQHandler
 .text.SWI0_EGU0_IRQHandler
                0x00028470        0xc ./_debug/app_timer.o
                0x00028470                SWI0_EGU0_IRQHandler
 .text.app_timer_init
                0x0002847c       0x6c ./_debug/app_timer.o
                0x0002847c                app_timer_init
 .text.app_timer_create
                0x000284e8       0x68 ./_debug/app_timer.o
                0x000284e8                app_timer_create
 .text.app_timer_start
                0x00028550       0x68 ./_debug/app_timer.o
                0x00028550                app_timer_start
 .text.app_timer_stop
                0x000285b8       0x48 ./_debug/app_timer.o
                0x000285b8                app_timer_stop
 .text.app_timer_cnt_get
                0x00028600       0x10 ./_debug/app_timer.o
                0x00028600                app_timer_cnt_get
 .text.app_error_handler
                0x00028610       0x30 ./_debug/app_error.o
                0x00028610                app_error_handler
 .text.app_error_save_and_stop
                0x00028640       0x98 ./_debug/app_error.o
                0x00028640                app_error_save_and_stop
 .text.NVIC_GetPriority
                0x000286d8       0x50 ./_debug/app_util_platform.o
 .text.__sd_nvic_irq_disable
                0x00028728       0x20 ./_debug/app_util_platform.o
 .text.__sd_nvic_irq_enable
                0x00028748       0x10 ./_debug/app_util_platform.o
 .text.sd_nvic_critical_region_enter
                0x00028758       0x74 ./_debug/app_util_platform.o
 .text.sd_nvic_critical_region_exit
                0x000287cc       0x50 ./_debug/app_util_platform.o
 .text.app_util_critical_region_enter
                0x0002881c       0x14 ./_debug/app_util_platform.o
                0x0002881c                app_util_critical_region_enter
 .text.app_util_critical_region_exit
                0x00028830       0x18 ./_debug/app_util_platform.o
                0x00028830                app_util_critical_region_exit
 .text.current_int_priority_get
                0x00028848       0x3c ./_debug/app_util_platform.o
                0x00028848                current_int_priority_get
 .text.sdk_mapped_flags_set_by_index
                0x00028884       0x28 ./_debug/sdk_mapped_flags.o
 .text.sdk_mapped_flags_clear_by_index
                0x000288ac       0x2c ./_debug/sdk_mapped_flags.o
 .text.sdk_mapped_flags_get_by_index
                0x000288d8       0x30 ./_debug/sdk_mapped_flags.o
 .text.sdk_mapped_flags_first_key_index_get
                0x00028908       0x3c ./_debug/sdk_mapped_flags.o
                0x00028908                sdk_mapped_flags_first_key_index_get
 .text.sdk_mapped_flags_update_by_key
                0x00028944       0x30 ./_debug/sdk_mapped_flags.o
                0x00028944                sdk_mapped_flags_update_by_key
 .text.sdk_mapped_flags_bulk_update_by_key
                0x00028974       0x90 ./_debug/sdk_mapped_flags.o
                0x00028974                sdk_mapped_flags_bulk_update_by_key
 .text.sdk_mapped_flags_key_list_get
                0x00028a04       0x70 ./_debug/sdk_mapped_flags.o
                0x00028a04                sdk_mapped_flags_key_list_get
 .text.record_location_get
                0x00028a74       0x44 ./_debug/nfc_ndef_msg.o
 .text.nfc_ndef_msg_encode
                0x00028ab8       0xb0 ./_debug/nfc_ndef_msg.o
                0x00028ab8                nfc_ndef_msg_encode
 .text.nfc_ndef_msg_clear
                0x00028b68       0x18 ./_debug/nfc_ndef_msg.o
                0x00028b68                nfc_ndef_msg_clear
 .text.nfc_ndef_msg_record_add
                0x00028b80       0x44 ./_debug/nfc_ndef_msg.o
                0x00028b80                nfc_ndef_msg_record_add
 .text.uint32_big_encode
                0x00028bc4       0x24 ./_debug/nfc_ndef_record.o
 .text.record_header_size_calc
                0x00028be8       0x3c ./_debug/nfc_ndef_record.o
 .text.nfc_ndef_record_encode
                0x00028c24      0x140 ./_debug/nfc_ndef_record.o
                0x00028c24                nfc_ndef_record_encode
 .text.nfc_ndef_bin_payload_memcopy
                0x00028d64       0x48 ./_debug/nfc_ndef_record.o
                0x00028d64                nfc_ndef_bin_payload_memcopy
 .text.nfc_android_application_rec_declare
                0x00028dac       0x30 ./_debug/nfc_launchapp_rec.o
                0x00028dac                nfc_android_application_rec_declare
 .text.nfc_text_rec_payload_size_get
                0x00028ddc       0x24 ./_debug/nfc_text_rec.o
 .text.nfc_text_rec_payload_constructor
                0x00028e00       0xc4 ./_debug/nfc_text_rec.o
                0x00028e00                nfc_text_rec_payload_constructor
 .text.nfc_uri_payload_constructor
                0x00028ec4       0x58 ./_debug/nfc_uri_rec.o
 .text.nfc_uri_rec_declare
                0x00028f1c       0x38 ./_debug/nfc_uri_rec.o
                0x00028f1c                nfc_uri_rec_declare
 .text.NVIC_EnableIRQ
                0x00028f54       0x30 ./_debug/hal_nfc_t2t.o
 .text.NVIC_ClearPendingIRQ
                0x00028f84       0x34 ./_debug/hal_nfc_t2t.o
 .text.NVIC_SetPriority
                0x00028fb8       0x54 ./_debug/hal_nfc_t2t.o
 .text.field_timer_with_callback_config
                0x0002900c       0x50 ./_debug/hal_nfc_t2t.o
 .text.TIMER4_IRQHandler
                0x0002905c       0x18 ./_debug/hal_nfc_t2t.o
                0x0002905c                TIMER4_IRQHandler
 .text.hal_nfc_common_hw_setup
                0x00029074      0x134 ./_debug/hal_nfc_t2t.o
 .text.hal_nfc_setup
                0x000291a8       0x6c ./_debug/hal_nfc_t2t.o
                0x000291a8                hal_nfc_setup
 .text.nrf_nfct_event_clear
                0x00029214       0x20 ./_debug/hal_nfc_t2t.o
 .text.nrf_nfct_clock_event_handler
                0x00029234       0x28 ./_debug/hal_nfc_t2t.o
 .text.nrf_nfct_field_lost_hfclk_handle
                0x0002925c       0x24 ./_debug/hal_nfc_t2t.o
 .text.hal_nfc_start
                0x00029280       0x30 ./_debug/hal_nfc_t2t.o
                0x00029280                hal_nfc_start
 .text.hal_nfc_send
                0x000292b0       0x54 ./_debug/hal_nfc_t2t.o
                0x000292b0                hal_nfc_send
 .text.hal_nfc_stop
                0x00029304       0x1c ./_debug/hal_nfc_t2t.o
                0x00029304                hal_nfc_stop
 .text.NFCT_IRQHandler
                0x00029320      0x228 ./_debug/hal_nfc_t2t.o
                0x00029320                NFCT_IRQHandler
 .text.hal_nfc_field_check
                0x00029548       0x84 ./_debug/hal_nfc_t2t.o
 .text.nrf_nfct_field_event_handler
                0x000295cc       0x50 ./_debug/hal_nfc_t2t.o
 .text.hal_nfc_re_setup
                0x0002961c       0x14 ./_debug/hal_nfc_t2t.o
 .text.NVIC_EnableIRQ
                0x00029630       0x30 ./_debug/softdevice_handler.o
 .text.NVIC_DisableIRQ
                0x00029660       0x34 ./_debug/softdevice_handler.o
 .text.NVIC_GetPriority
                0x00029694       0x50 ./_debug/softdevice_handler.o
 .text.sd_evt_get
                0x000296e4        0x8 ./_debug/softdevice_handler.o
 .text.sd_softdevice_enable
                0x000296ec        0x8 ./_debug/softdevice_handler.o
 .text.is_word_aligned
                0x000296f4       0x24 ./_debug/softdevice_handler.o
 .text.sd_ble_enable
                0x00029718        0x8 ./_debug/softdevice_handler.o
 .text.sd_ble_evt_get
                0x00029720        0x8 ./_debug/softdevice_handler.o
 .text.__sd_nvic_app_accessible_irq
                0x00029728       0x60 ./_debug/softdevice_handler.o
 .text.__sd_nvic_is_app_accessible_priority
                0x00029788       0x3c ./_debug/softdevice_handler.o
 .text.sd_nvic_EnableIRQ
                0x000297c4       0x88 ./_debug/softdevice_handler.o
 .text.nrf_drv_common_irq_enable_check
                0x0002984c       0x40 ./_debug/softdevice_handler.o
 .text.softdevice_fault_handler
                0x0002988c       0x1c ./_debug/softdevice_handler.o
                0x0002988c                softdevice_fault_handler
 .text.intern_softdevice_events_execute
                0x000298a8      0x10c ./_debug/softdevice_handler.o
                0x000298a8                intern_softdevice_events_execute
 .text.softdevice_handler_is_enabled
                0x000299b4       0x18 ./_debug/softdevice_handler.o
                0x000299b4                softdevice_handler_is_enabled
 .text.softdevice_handler_init
                0x000299cc       0xcc ./_debug/softdevice_handler.o
                0x000299cc                softdevice_handler_init
 .text.softdevice_ble_evt_handler_set
                0x00029a98       0x2c ./_debug/softdevice_handler.o
                0x00029a98                softdevice_ble_evt_handler_set
 .text.softdevice_sys_evt_handler_set
                0x00029ac4       0x2c ./_debug/softdevice_handler.o
                0x00029ac4                softdevice_sys_evt_handler_set
 .text.SWI2_EGU2_IRQHandler
                0x00029af0       0x44 ./_debug/softdevice_handler.o
                0x00029af0                SWI2_EGU2_IRQHandler
 .text.ram_total_size_get
                0x00029b34       0x18 ./_debug/softdevice_handler.o
 .text.ram_end_address_get
                0x00029b4c       0x24 ./_debug/softdevice_handler.o
 .text.softdevice_app_ram_start_get
                0x00029b70       0x28 ./_debug/softdevice_handler.o
                0x00029b70                softdevice_app_ram_start_get
 .text.softdevice_enable
                0x00029b98       0x7c ./_debug/softdevice_handler.o
                0x00029b98                softdevice_enable
 .text          0x00029c14       0x3c ./_debug/gcc_startup_nrf52.o
                0x00029c14                Reset_Handler
                0x00029c3c                NMI_Handler
                0x00029c3e                HardFault_Handler
                0x00029c40                MemoryManagement_Handler
                0x00029c42                BusFault_Handler
                0x00029c44                UsageFault_Handler
                0x00029c46                SVC_Handler
                0x00029c48                DebugMon_Handler
                0x00029c4a                PendSV_Handler
                0x00029c4c                SysTick_Handler
                0x00029c4e                TIMER2_IRQHandler
                0x00029c4e                RTC0_IRQHandler
                0x00029c4e                PWM1_IRQHandler
                0x00029c4e                RADIO_IRQHandler
                0x00029c4e                TEMP_IRQHandler
                0x00029c4e                QDEC_IRQHandler
                0x00029c4e                TIMER3_IRQHandler
                0x00029c4e                FPU_IRQHandler
                0x00029c4e                UARTE0_UART0_IRQHandler
                0x00029c4e                I2S_IRQHandler
                0x00029c4e                SWI4_EGU4_IRQHandler
                0x00029c4e                TIMER0_IRQHandler
                0x00029c4e                TIMER1_IRQHandler
                0x00029c4e                PWM2_IRQHandler
                0x00029c4e                ECB_IRQHandler
                0x00029c4e                SPIM1_SPIS1_TWIM1_TWIS1_SPI1_TWI1_IRQHandler
                0x00029c4e                Default_Handler
                0x00029c4e                CCM_AAR_IRQHandler
                0x00029c4e                WDT_IRQHandler
                0x00029c4e                SWI5_EGU5_IRQHandler
                0x00029c4e                RTC2_IRQHandler
                0x00029c4e                SWI3_EGU3_IRQHandler
                0x00029c4e                SWI1_EGU1_IRQHandler
                0x00029c4e                SPIM2_SPIS2_SPI2_IRQHandler
                0x00029c4e                MWU_IRQHandler
                0x00029c4e                COMP_LPCOMP_IRQHandler
 .text.NVIC_SystemReset
                0x00029c50       0x28 ./_debug/system_nrf52.o
 .text.SystemCoreClockUpdate
                0x00029c78       0x1c ./_debug/system_nrf52.o
                0x00029c78                SystemCoreClockUpdate
 .text.SystemInit
                0x00029c94      0x280 ./_debug/system_nrf52.o
                0x00029c94                SystemInit
 .text.errata_12
                0x00029f14       0x64 ./_debug/system_nrf52.o
 .text.errata_16
                0x00029f78       0x44 ./_debug/system_nrf52.o
 .text.errata_31
                0x00029fbc       0x64 ./_debug/system_nrf52.o
 .text.errata_32
                0x0002a020       0x44 ./_debug/system_nrf52.o
 .text.errata_36
                0x0002a064       0x64 ./_debug/system_nrf52.o
 .text.errata_37
                0x0002a0c8       0x44 ./_debug/system_nrf52.o
 .text.errata_57
                0x0002a10c       0x44 ./_debug/system_nrf52.o
 .text.errata_66
                0x0002a150       0x44 ./_debug/system_nrf52.o
 .text.errata_108
                0x0002a194       0x64 ./_debug/system_nrf52.o
 .text._DoInit  0x0002a1f8       0x9c ./_debug/SEGGER_RTT.o
 .text._WriteBlocking
                0x0002a294       0xb4 ./_debug/SEGGER_RTT.o
 .text._WriteNoCheck
                0x0002a348       0x80 ./_debug/SEGGER_RTT.o
 .text._GetAvailWriteSpace
                0x0002a3c8       0x48 ./_debug/SEGGER_RTT.o
 .text.SEGGER_RTT_WriteNoLock
                0x0002a410       0x9c ./_debug/SEGGER_RTT.o
                0x0002a410                SEGGER_RTT_WriteNoLock
 .text.SEGGER_RTT_Write
                0x0002a4ac       0x50 ./_debug/SEGGER_RTT.o
                0x0002a4ac                SEGGER_RTT_Write
 .text.SEGGER_RTT_Init
                0x0002a4fc       0x18 ./_debug/SEGGER_RTT.o
                0x0002a4fc                SEGGER_RTT_Init
 .text.softdevice_evt_get
                0x0002a514       0x38 ./_debug/softdevice_handler_appsh.o
                0x0002a514                softdevice_evt_get
 .text.softdevice_evt_schedule
                0x0002a54c       0x18 ./_debug/softdevice_handler_appsh.o
                0x0002a54c                softdevice_evt_schedule
 .text.nrf_delay_us
                0x0002a564       0xa8 ./_debug/inv_mpu.o
 .text.nrf_delay_ms
                0x0002a60c       0x20 ./_debug/inv_mpu.o
 .text.set_int_enable
                0x0002a62c       0xbc ./_debug/inv_mpu.o
 .text.mpu_init
                0x0002a6e8      0x1a0 ./_debug/inv_mpu.o
                0x0002a6e8                mpu_init
 .text.mpu_lp_accel_mode
                0x0002a888      0x148 ./_debug/inv_mpu.o
                0x0002a888                mpu_lp_accel_mode
 .text.mpu_get_accel_reg
                0x0002a9d0       0x98 ./_debug/inv_mpu.o
                0x0002a9d0                mpu_get_accel_reg
 .text.mpu_get_temperature
                0x0002aa68       0xbc ./_debug/inv_mpu.o
                0x0002aa68                mpu_get_temperature
 .text.mpu_reset_fifo
                0x0002ab24      0x234 ./_debug/inv_mpu.o
                0x0002ab24                mpu_reset_fifo
 .text.mpu_get_gyro_fsr
                0x0002ad58       0x68 ./_debug/inv_mpu.o
                0x0002ad58                mpu_get_gyro_fsr
 .text.mpu_set_gyro_fsr
                0x0002adc0       0xa8 ./_debug/inv_mpu.o
                0x0002adc0                mpu_set_gyro_fsr
 .text.mpu_get_accel_fsr
                0x0002ae68       0x74 ./_debug/inv_mpu.o
                0x0002ae68                mpu_get_accel_fsr
 .text.mpu_set_accel_fsr
                0x0002aedc       0xd4 ./_debug/inv_mpu.o
                0x0002aedc                mpu_set_accel_fsr
 .text.mpu_set_lpf
                0x0002afb0       0xa0 ./_debug/inv_mpu.o
                0x0002afb0                mpu_set_lpf
 .text.mpu_get_sample_rate
                0x0002b050       0x34 ./_debug/inv_mpu.o
                0x0002b050                mpu_get_sample_rate
 .text.mpu_set_sample_rate
                0x0002b084       0xe0 ./_debug/inv_mpu.o
                0x0002b084                mpu_set_sample_rate
 .text.mpu_set_compass_sample_rate
                0x0002b164       0x84 ./_debug/inv_mpu.o
                0x0002b164                mpu_set_compass_sample_rate
 .text.mpu_configure_fifo
                0x0002b1e8       0xa4 ./_debug/inv_mpu.o
                0x0002b1e8                mpu_configure_fifo
 .text.mpu_set_sensors
                0x0002b28c      0x1d0 ./_debug/inv_mpu.o
                0x0002b28c                mpu_set_sensors
 .text.mpu_read_fifo
                0x0002b45c      0x334 ./_debug/inv_mpu.o
                0x0002b45c                mpu_read_fifo
 .text.mpu_read_fifo_stream
                0x0002b790      0x10c ./_debug/inv_mpu.o
                0x0002b790                mpu_read_fifo_stream
 .text.mpu_set_bypass
                0x0002b89c      0x1a4 ./_debug/inv_mpu.o
                0x0002b89c                mpu_set_bypass
 .text.mpu_set_int_latched
                0x0002ba40       0x8c ./_debug/inv_mpu.o
                0x0002ba40                mpu_set_int_latched
 .text.mpu_write_mem
                0x0002bacc       0xb0 ./_debug/inv_mpu.o
                0x0002bacc                mpu_write_mem
 .text.mpu_read_mem
                0x0002bb7c       0xb0 ./_debug/inv_mpu.o
                0x0002bb7c                mpu_read_mem
 .text.mpu_load_firmware
                0x0002bc2c      0x10c ./_debug/inv_mpu.o
                0x0002bc2c                mpu_load_firmware
 .text.mpu_set_dmp_state
                0x0002bd38       0xac ./_debug/inv_mpu.o
                0x0002bd38                mpu_set_dmp_state
 .text.setup_compass
                0x0002bde4      0x2b4 ./_debug/inv_mpu.o
 .text.mpu_get_compass_reg
                0x0002c098      0x114 ./_debug/inv_mpu.o
                0x0002c098                mpu_get_compass_reg
 .text.mpu_get_compass_fsr
                0x0002c1ac       0x24 ./_debug/inv_mpu.o
                0x0002c1ac                mpu_get_compass_fsr
 .text.get_ms   0x0002c1d0       0x28 ./_debug/inv_mpu_dmp_motion_driver.o
 .text.dmp_load_motion_driver_firmware
                0x0002c1f8       0x20 ./_debug/inv_mpu_dmp_motion_driver.o
                0x0002c1f8                dmp_load_motion_driver_firmware
 .text.dmp_set_orientation
                0x0002c218      0x1d0 ./_debug/inv_mpu_dmp_motion_driver.o
                0x0002c218                dmp_set_orientation
 .text.dmp_set_fifo_rate
                0x0002c3e8       0x94 ./_debug/inv_mpu_dmp_motion_driver.o
                0x0002c3e8                dmp_set_fifo_rate
 .text.dmp_set_tap_thresh
                0x0002c47c      0x27c ./_debug/inv_mpu_dmp_motion_driver.o
                0x0002c47c                dmp_set_tap_thresh
 .text.dmp_set_tap_axes
                0x0002c6f8       0x64 ./_debug/inv_mpu_dmp_motion_driver.o
                0x0002c6f8                dmp_set_tap_axes
 .text.dmp_set_tap_count
                0x0002c75c       0x44 ./_debug/inv_mpu_dmp_motion_driver.o
                0x0002c75c                dmp_set_tap_count
 .text.dmp_set_tap_time
                0x0002c7a0       0x44 ./_debug/inv_mpu_dmp_motion_driver.o
                0x0002c7a0                dmp_set_tap_time
 .text.dmp_set_tap_time_multi
                0x0002c7e4       0x44 ./_debug/inv_mpu_dmp_motion_driver.o
                0x0002c7e4                dmp_set_tap_time_multi
 .text.dmp_set_shake_reject_thresh
                0x0002c828       0x60 ./_debug/inv_mpu_dmp_motion_driver.o
                0x0002c828                dmp_set_shake_reject_thresh
 .text.dmp_set_shake_reject_time
                0x0002c888       0x44 ./_debug/inv_mpu_dmp_motion_driver.o
                0x0002c888                dmp_set_shake_reject_time
 .text.dmp_set_shake_reject_timeout
                0x0002c8cc       0x44 ./_debug/inv_mpu_dmp_motion_driver.o
                0x0002c8cc                dmp_set_shake_reject_timeout
 .text.dmp_get_pedometer_step_count
                0x0002c910       0x54 ./_debug/inv_mpu_dmp_motion_driver.o
                0x0002c910                dmp_get_pedometer_step_count
 .text.dmp_get_pedometer_walk_time
                0x0002c964       0x5c ./_debug/inv_mpu_dmp_motion_driver.o
                0x0002c964                dmp_get_pedometer_walk_time
 .text.dmp_enable_feature
                0x0002c9c0      0x250 ./_debug/inv_mpu_dmp_motion_driver.o
                0x0002c9c0                dmp_enable_feature
 .text.dmp_enable_gyro_cal
                0x0002cc10       0x68 ./_debug/inv_mpu_dmp_motion_driver.o
                0x0002cc10                dmp_enable_gyro_cal
 .text.dmp_enable_lp_quat
                0x0002cc78       0x50 ./_debug/inv_mpu_dmp_motion_driver.o
                0x0002cc78                dmp_enable_lp_quat
 .text.dmp_enable_6x_lp_quat
                0x0002ccc8       0x50 ./_debug/inv_mpu_dmp_motion_driver.o
                0x0002ccc8                dmp_enable_6x_lp_quat
 .text.decode_gesture
                0x0002cd18       0x88 ./_debug/inv_mpu_dmp_motion_driver.o
 .text.dmp_read_fifo
                0x0002cda0      0x2e4 ./_debug/inv_mpu_dmp_motion_driver.o
                0x0002cda0                dmp_read_fifo
 .text.dmp_register_tap_cb
                0x0002d084       0x20 ./_debug/inv_mpu_dmp_motion_driver.o
                0x0002d084                dmp_register_tap_cb
 .text.dmp_register_android_orient_cb
                0x0002d0a4       0x20 ./_debug/inv_mpu_dmp_motion_driver.o
                0x0002d0a4                dmp_register_android_orient_cb
 .text._MLPrintLog
                0x0002d0c4      0x108 ./_debug/log_nrf52.o
                0x0002d0c4                _MLPrintLog
 .text.inv_get_sensor_type_accel
                0x0002d1cc       0x34 ./_debug/eMPL_outputs.o
                0x0002d1cc                inv_get_sensor_type_accel
 .text.inv_get_sensor_type_gyro
                0x0002d200       0x34 ./_debug/eMPL_outputs.o
                0x0002d200                inv_get_sensor_type_gyro
 .text.inv_get_sensor_type_compass
                0x0002d234       0x34 ./_debug/eMPL_outputs.o
                0x0002d234                inv_get_sensor_type_compass
 .text.inv_get_sensor_type_quat
                0x0002d268       0x38 ./_debug/eMPL_outputs.o
                0x0002d268                inv_get_sensor_type_quat
 .text.inv_get_sensor_type_heading
                0x0002d2a0      0x108 ./_debug/eMPL_outputs.o
                0x0002d2a0                inv_get_sensor_type_heading
 .text.inv_get_sensor_type_euler
                0x0002d3a8      0x304 ./_debug/eMPL_outputs.o
                0x0002d3a8                inv_get_sensor_type_euler
 .text.inv_get_sensor_type_rot_mat
                0x0002d6ac       0x38 ./_debug/eMPL_outputs.o
                0x0002d6ac                inv_get_sensor_type_rot_mat
 .text.inv_generate_eMPL_outputs
                0x0002d6e4      0x168 ./_debug/eMPL_outputs.o
 .text.inv_start_eMPL_outputs
                0x0002d84c       0x1c ./_debug/eMPL_outputs.o
 .text.inv_init_eMPL_outputs
                0x0002d868       0x18 ./_debug/eMPL_outputs.o
 .text.inv_enable_eMPL_outputs
                0x0002d880       0x2c ./_debug/eMPL_outputs.o
                0x0002d880                inv_enable_eMPL_outputs
 .text.inv_db_load_func
                0x0002d8ac       0x58 ./_debug/data_builder.o
 .text.inv_db_save_func
                0x0002d904       0x20 ./_debug/data_builder.o
 .text.inv_init_data_builder
                0x0002d924       0x44 ./_debug/data_builder.o
                0x0002d924                inv_init_data_builder
 .text.set_sensor_orientation_and_scale
                0x0002d968       0x24 ./_debug/data_builder.o
                0x0002d968                set_sensor_orientation_and_scale
 .text.inv_set_gyro_orientation_and_scale
                0x0002d98c       0x20 ./_debug/data_builder.o
                0x0002d98c                inv_set_gyro_orientation_and_scale
 .text.inv_set_gyro_sample_rate
                0x0002d9ac       0x4c ./_debug/data_builder.o
                0x0002d9ac                inv_set_gyro_sample_rate
 .text.inv_set_accel_sample_rate
                0x0002d9f8       0x50 ./_debug/data_builder.o
                0x0002d9f8                inv_set_accel_sample_rate
 .text.inv_set_compass_sample_rate
                0x0002da48       0x54 ./_debug/data_builder.o
                0x0002da48                inv_set_compass_sample_rate
 .text.inv_get_compass_on
                0x0002da9c       0x28 ./_debug/data_builder.o
                0x0002da9c                inv_get_compass_on
 .text.inv_get_gyro_on
                0x0002dac4       0x24 ./_debug/data_builder.o
                0x0002dac4                inv_get_gyro_on
 .text.inv_get_accel_on
                0x0002dae8       0x24 ./_debug/data_builder.o
                0x0002dae8                inv_get_accel_on
 .text.inv_get_last_timestamp
                0x0002db0c       0x90 ./_debug/data_builder.o
                0x0002db0c                inv_get_last_timestamp
 .text.inv_set_accel_orientation_and_scale
                0x0002db9c       0x20 ./_debug/data_builder.o
                0x0002db9c                inv_set_accel_orientation_and_scale
 .text.inv_set_compass_orientation_and_scale
                0x0002dbbc       0x20 ./_debug/data_builder.o
                0x0002dbbc                inv_set_compass_orientation_and_scale
 .text.inv_apply_calibration
                0x0002dbdc       0x94 ./_debug/data_builder.o
                0x0002dbdc                inv_apply_calibration
 .text.inv_get_compass_bias
                0x0002dc70       0x24 ./_debug/data_builder.o
                0x0002dc70                inv_get_compass_bias
 .text.inv_set_compass_bias
                0x0002dc94       0x5c ./_debug/data_builder.o
                0x0002dc94                inv_set_compass_bias
 .text.inv_set_compass_disturbance
                0x0002dcf0       0x20 ./_debug/data_builder.o
                0x0002dcf0                inv_set_compass_disturbance
 .text.inv_set_accel_accuracy
                0x0002dd10       0x30 ./_debug/data_builder.o
                0x0002dd10                inv_set_accel_accuracy
 .text.inv_set_accel_bias_mask
                0x0002dd40       0x84 ./_debug/data_builder.o
                0x0002dd40                inv_set_accel_bias_mask
 .text.inv_set_gyro_bias
                0x0002ddc4       0x88 ./_debug/data_builder.o
                0x0002ddc4                inv_set_gyro_bias
 .text.inv_get_gyro_bias_tc_set
                0x0002de4c       0x34 ./_debug/data_builder.o
                0x0002de4c                inv_get_gyro_bias_tc_set
 .text.inv_get_gyro_bias
                0x0002de80       0x38 ./_debug/data_builder.o
                0x0002de80                inv_get_gyro_bias
 .text.inv_get_accel_bias
                0x0002deb8       0x38 ./_debug/data_builder.o
                0x0002deb8                inv_get_accel_bias
 .text.inv_build_accel
                0x0002def0       0xc4 ./_debug/data_builder.o
                0x0002def0                inv_build_accel
 .text.inv_build_gyro
                0x0002dfb4       0x4c ./_debug/data_builder.o
                0x0002dfb4                inv_build_gyro
 .text.inv_build_compass
                0x0002e000       0xe4 ./_debug/data_builder.o
                0x0002e000                inv_build_compass
 .text.inv_build_temp
                0x0002e0e4       0x48 ./_debug/data_builder.o
                0x0002e0e4                inv_build_temp
 .text.inv_build_quat
                0x0002e12c       0x54 ./_debug/data_builder.o
                0x0002e12c                inv_build_quat
 .text.inv_register_data_cb
                0x0002e180      0x144 ./_debug/data_builder.o
                0x0002e180                inv_register_data_cb
 .text.inv_unregister_data_cb
                0x0002e2c4       0x94 ./_debug/data_builder.o
                0x0002e2c4                inv_unregister_data_cb
 .text.inv_execute_on_data
                0x0002e358       0xe4 ./_debug/data_builder.o
                0x0002e358                inv_execute_on_data
 .text.inv_set_contiguous
                0x0002e43c      0x130 ./_debug/data_builder.o
 .text.inv_get_accel_set
                0x0002e56c       0x48 ./_debug/data_builder.o
                0x0002e56c                inv_get_accel_set
 .text.inv_get_gyro_set
                0x0002e5b4       0x44 ./_debug/data_builder.o
                0x0002e5b4                inv_get_gyro_set
 .text.inv_get_gyro
                0x0002e5f8       0x1c ./_debug/data_builder.o
                0x0002e5f8                inv_get_gyro
 .text.inv_get_compass_set
                0x0002e614       0x5c ./_debug/data_builder.o
                0x0002e614                inv_get_compass_set
 .text.inv_get_gyro_accuracy
                0x0002e670       0x18 ./_debug/data_builder.o
                0x0002e670                inv_get_gyro_accuracy
 .text.inv_get_mag_accuracy
                0x0002e688       0x2c ./_debug/data_builder.o
                0x0002e688                inv_get_mag_accuracy
 .text.inv_get_accel_accuracy
                0x0002e6b4       0x18 ./_debug/data_builder.o
                0x0002e6b4                inv_get_accel_accuracy
 .text.inv_get_compass_soft_iron_output_data
                0x0002e6cc       0x40 ./_debug/data_builder.o
                0x0002e6cc                inv_get_compass_soft_iron_output_data
 .text.inv_set_compass_soft_iron_input_data
                0x0002e70c       0x80 ./_debug/data_builder.o
                0x0002e70c                inv_set_compass_soft_iron_input_data
 .text.inv_reset_compass_soft_iron_matrix
                0x0002e78c       0x78 ./_debug/data_builder.o
                0x0002e78c                inv_reset_compass_soft_iron_matrix
 .text.inv_disable_compass_soft_iron_matrix
                0x0002e804       0x18 ./_debug/data_builder.o
                0x0002e804                inv_disable_compass_soft_iron_matrix
 .text.inv_get_sensor_type_gravity
                0x0002e81c       0x8c ./_debug/hal_outputs.o
                0x0002e81c                inv_get_sensor_type_gravity
 .text.inv_set_message
                0x0002e8a8       0x3c ./_debug/message_layer.o
                0x0002e8a8                inv_set_message
 .text.inv_q30_to_float
                0x0002e8e4       0x2c ./_debug/ml_math_func.o
 .text.inv_compass_angle
                0x0002e910      0x128 ./_debug/ml_math_func.o
                0x0002e910                inv_compass_angle
 .text.inv_get_gyro_sum_of_sqr
                0x0002ea38       0x4c ./_debug/ml_math_func.o
                0x0002ea38                inv_get_gyro_sum_of_sqr
 .text.inv_q29_mult
                0x0002ea84       0x50 ./_debug/ml_math_func.o
                0x0002ea84                inv_q29_mult
 .text.inv_q30_mult
                0x0002ead4       0x50 ./_debug/ml_math_func.o
                0x0002ead4                inv_q30_mult
 .text.inv_q_mult
                0x0002eb24      0x194 ./_debug/ml_math_func.o
                0x0002eb24                inv_q_mult
 .text.inv_q_add
                0x0002ecb8       0x60 ./_debug/ml_math_func.o
                0x0002ecb8                inv_q_add
 .text.inv_q_invert
                0x0002ed18       0x48 ./_debug/ml_math_func.o
                0x0002ed18                inv_q_invert
 .text.inv_q_rotate
                0x0002ed60       0x6c ./_debug/ml_math_func.o
                0x0002ed60                inv_q_rotate
 .text.inv_q_multf
                0x0002edcc      0x194 ./_debug/ml_math_func.o
                0x0002edcc                inv_q_multf
 .text.inv_q_addf
                0x0002ef60       0x80 ./_debug/ml_math_func.o
                0x0002ef60                inv_q_addf
 .text.inv_q_normalizef
                0x0002efe0      0x220 ./_debug/ml_math_func.o
                0x0002efe0                inv_q_normalizef
 .text.inv_q_norm4
                0x0002f200      0x104 ./_debug/ml_math_func.o
                0x0002f200                inv_q_norm4
 .text.inv_q_invertf
                0x0002f304       0x58 ./_debug/ml_math_func.o
                0x0002f304                inv_q_invertf
 .text.inv_quaternion_to_rotation
                0x0002f35c      0x1e4 ./_debug/ml_math_func.o
                0x0002f35c                inv_quaternion_to_rotation
 .text.inv_row_2_scale
                0x0002f540       0x84 ./_debug/ml_math_func.o
 .text.inv_orientation_matrix_to_scalar
                0x0002f5c4       0x4c ./_debug/ml_math_func.o
                0x0002f5c4                inv_orientation_matrix_to_scalar
 .text.inv_convert_to_body_with_scale
                0x0002f610       0xbc ./_debug/ml_math_func.o
                0x0002f610                inv_convert_to_body_with_scale
 .text.mlMatrixVectorMult
                0x0002f6cc       0x74 ./_debug/ml_math_func.o
                0x0002f6cc                mlMatrixVectorMult
 .text.__print_result_location
                0x0002f740       0x30 ./_debug/mpl.o
 .text.inv_init_mpl
                0x0002f770       0x84 ./_debug/mpl.o
                0x0002f770                inv_init_mpl
 .text.inv_start_mpl
                0x0002f7f4       0x38 ./_debug/mpl.o
                0x0002f7f4                inv_start_mpl
 .text.inv_store_gaming_quaternion
                0x0002f82c       0x34 ./_debug/results_holder.o
                0x0002f82c                inv_store_gaming_quaternion
 .text.inv_set_compass_correction
                0x0002f860       0x34 ./_debug/results_holder.o
                0x0002f860                inv_set_compass_correction
 .text.inv_get_compass_correction
                0x0002f894       0x2c ./_debug/results_holder.o
                0x0002f894                inv_get_compass_correction
 .text.inv_get_large_mag_field
                0x0002f8c0       0x18 ./_debug/results_holder.o
                0x0002f8c0                inv_get_large_mag_field
 .text.inv_get_acc_state
                0x0002f8d8       0x18 ./_debug/results_holder.o
                0x0002f8d8                inv_get_acc_state
 .text.inv_get_motion_state
                0x0002f8f0       0x28 ./_debug/results_holder.o
                0x0002f8f0                inv_get_motion_state
 .text.inv_set_motion_state
                0x0002f918       0x64 ./_debug/results_holder.o
                0x0002f918                inv_set_motion_state
 .text.inv_get_local_field
                0x0002f97c       0x1c ./_debug/results_holder.o
                0x0002f97c                inv_get_local_field
 .text.inv_get_gravity
                0x0002f998       0xa0 ./_debug/results_holder.o
                0x0002f998                inv_get_gravity
 .text.inv_get_6axis_quaternion
                0x0002fa38       0x20 ./_debug/results_holder.o
                0x0002fa38                inv_get_6axis_quaternion
 .text.inv_get_quaternion
                0x0002fa58       0x4c ./_debug/results_holder.o
                0x0002fa58                inv_get_quaternion
 .text.inv_get_quaternion_set
                0x0002faa4       0x6c ./_debug/results_holder.o
                0x0002faa4                inv_get_quaternion_set
 .text.inv_generate_results
                0x0002fb10       0x24 ./_debug/results_holder.o
                0x0002fb10                inv_generate_results
 .text.inv_start_results_holder
                0x0002fb34       0x1c ./_debug/results_holder.o
                0x0002fb34                inv_start_results_holder
 .text.inv_init_results_holder
                0x0002fb50       0x54 ./_debug/results_holder.o
                0x0002fb50                inv_init_results_holder
 .text.inv_enable_results_holder
                0x0002fba4       0x2c ./_debug/results_holder.o
                0x0002fba4                inv_enable_results_holder
 .text.inv_set_accel_bias_found
                0x0002fbd0       0x1c ./_debug/results_holder.o
                0x0002fbd0                inv_set_accel_bias_found
 .text.inv_got_compass_bias
                0x0002fbec       0x18 ./_debug/results_holder.o
                0x0002fbec                inv_got_compass_bias
 .text.inv_set_compass_bias_found
                0x0002fc04       0x1c ./_debug/results_holder.o
                0x0002fc04                inv_set_compass_bias_found
 .text.inv_set_compass_state
                0x0002fc20       0x1c ./_debug/results_holder.o
                0x0002fc20                inv_set_compass_state
 .text.inv_get_compass_state
                0x0002fc3c       0x18 ./_debug/results_holder.o
                0x0002fc3c                inv_get_compass_state
 .text.inv_set_compass_bias_error
                0x0002fc54       0x1c ./_debug/results_holder.o
                0x0002fc54                inv_set_compass_bias_error
 .text.inv_get_compass_bias_error
                0x0002fc70       0x1c ./_debug/results_holder.o
                0x0002fc70                inv_get_compass_bias_error
 .text.inv_get_linear_accel
                0x0002fc8c       0x64 ./_debug/results_holder.o
                0x0002fc8c                inv_get_linear_accel
 .text.inv_get_linear_accel_float
                0x0002fcf0       0x6c ./_debug/results_holder.o
                0x0002fcf0                inv_get_linear_accel_float
 .text.inv_init_start_manager
                0x0002fd5c       0x18 ./_debug/start_manager.o
                0x0002fd5c                inv_init_start_manager
 .text.inv_unregister_mpl_start_notification
                0x0002fd74       0x80 ./_debug/start_manager.o
                0x0002fd74                inv_unregister_mpl_start_notification
 .text.inv_register_mpl_start_notification
                0x0002fdf4       0x40 ./_debug/start_manager.o
                0x0002fdf4                inv_register_mpl_start_notification
 .text.inv_execute_mpl_start_notification
                0x0002fe34       0x4c ./_debug/start_manager.o
                0x0002fe34                inv_execute_mpl_start_notification
 .text.inv_init_storage_manager
                0x0002fe80       0x1c ./_debug/storage_manager.o
                0x0002fe80                inv_init_storage_manager
 .text.inv_register_load_store
                0x0002fe9c       0xc0 ./_debug/storage_manager.o
                0x0002fe9c                inv_register_load_store
 .text.NVIC_ClearPendingIRQ
                0x0002ff5c       0x34 ./_debug/main.o
 .text.NVIC_SystemReset
                0x0002ff90       0x28 ./_debug/main.o
 .text.sd_power_system_off
                0x0002ffb8        0x8 ./_debug/main.o
 .text.sd_app_evt_wait
                0x0002ffc0        0x8 ./_debug/main.o
 .text.nrf_gpio_pin_port_decode
                0x0002ffc8       0x18 ./_debug/main.o
 .text.nrf_gpio_cfg
                0x0002ffe0       0x50 ./_debug/main.o
 .text.nrf_gpio_cfg_sense_input
                0x00030030       0x2c ./_debug/main.o
 .text.nrf_delay_us
                0x0003005c       0xa8 ./_debug/main.o
 .text.nrf_delay_ms
                0x00030104       0x20 ./_debug/main.o
 .text.app_error_fault_handler
                0x00030124       0x70 ./_debug/main.o
                0x00030124                app_error_fault_handler
 .text.sleep_mode_enter
                0x00030194       0xb4 ./_debug/main.o
 .text.power_manage
                0x00030248       0x4c ./_debug/main.o
 .text.thingy_ble_evt_handler
                0x00030294       0x5c ./_debug/main.o
 .text.thingy_init
                0x000302f0      0x178 ./_debug/main.o
 .text.board_init
                0x00030468       0x40 ./_debug/main.o
 .text.main     0x000304a8       0x8c ./_debug/main.o
                0x000304a8                main
 .text.sd_ble_gatts_service_add
                0x00030534        0x8 ./_debug/ble_tcs.o
 .text.sd_ble_gatts_characteristic_add
                0x0003053c        0x8 ./_debug/ble_tcs.o
 .text.sd_ble_gatts_value_set
                0x00030544        0x8 ./_debug/ble_tcs.o
 .text.sd_ble_gatts_rw_authorize_reply
                0x0003054c        0x8 ./_debug/ble_tcs.o
 .text.sd_ble_uuid_vs_add
                0x00030554        0x8 ./_debug/ble_tcs.o
 .text.on_connect
                0x0003055c       0x20 ./_debug/ble_tcs.o
 .text.on_disconnect
                0x0003057c       0x20 ./_debug/ble_tcs.o
 .text.on_authorize_req
                0x0003059c      0x2b4 ./_debug/ble_tcs.o
 .text.device_name_char_add
                0x00030850      0x104 ./_debug/ble_tcs.o
 .text.adv_params_char_add
                0x00030954      0x100 ./_debug/ble_tcs.o
 .text.conn_params_char_add
                0x00030a54      0x100 ./_debug/ble_tcs.o
 .text.beacon_data_char_add
                0x00030b54      0x108 ./_debug/ble_tcs.o
 .text.token_data_char_add
                0x00030c5c      0x108 ./_debug/ble_tcs.o
 .text.fw_version_char_add
                0x00030d64       0xd8 ./_debug/ble_tcs.o
 .text.mtu_char_add
                0x00030e3c      0x104 ./_debug/ble_tcs.o
 .text.nfc_char_add
                0x00030f40      0x10c ./_debug/ble_tcs.o
 .text.ble_tcs_on_ble_evt
                0x0003104c       0x50 ./_debug/ble_tcs.o
                0x0003104c                ble_tcs_on_ble_evt
 .text.ble_tcs_init
                0x0003109c      0x134 ./_debug/ble_tcs.o
                0x0003109c                ble_tcs_init
 .text.ble_tcs_mtu_set
                0x000311d0       0x58 ./_debug/ble_tcs.o
                0x000311d0                ble_tcs_mtu_set
 .text.ble_tcs_nfc_set
                0x00031228       0x48 ./_debug/ble_tcs.o
                0x00031228                ble_tcs_nfc_set
 .text.sd_ble_gatts_hvx
                0x00031270        0x8 ./_debug/ble_tss.o
 .text.ble_tss_spkr_stat_set
                0x00031278       0x80 ./_debug/ble_tss.o
                0x00031278                ble_tss_spkr_stat_set
 .text.sd_ble_gatts_service_add
                0x000312f8        0x8 ./_debug/ble_uis.o
 .text.sd_ble_gatts_characteristic_add
                0x00031300        0x8 ./_debug/ble_uis.o
 .text.sd_ble_gatts_hvx
                0x00031308        0x8 ./_debug/ble_uis.o
 .text.sd_ble_gatts_rw_authorize_reply
                0x00031310        0x8 ./_debug/ble_uis.o
 .text.sd_ble_uuid_vs_add
                0x00031318        0x8 ./_debug/ble_uis.o
 .text.on_connect
                0x00031320       0x1c ./_debug/ble_uis.o
 .text.on_disconnect
                0x0003133c       0x1c ./_debug/ble_uis.o
 .text.on_write
                0x00031358       0x48 ./_debug/ble_uis.o
 .text.valid_data_check
                0x000313a0       0xd8 ./_debug/ble_uis.o
 .text.on_authorize_req
                0x00031478      0x1e0 ./_debug/ble_uis.o
 .text.ble_uis_on_ble_evt
                0x00031658       0x64 ./_debug/ble_uis.o
                0x00031658                ble_uis_on_ble_evt
 .text.led_char_add
                0x000316bc       0xf4 ./_debug/ble_uis.o
 .text.button_char_add
                0x000317b0      0x138 ./_debug/ble_uis.o
 .text.pin_char_add
                0x000318e8       0xfc ./_debug/ble_uis.o
 .text.ble_uis_init
                0x000319e4       0xc8 ./_debug/ble_uis.o
                0x000319e4                ble_uis_init
 .text.ble_uis_on_button_change
                0x00031aac       0x74 ./_debug/ble_uis.o
                0x00031aac                ble_uis_on_button_change
 .text.nrf_gpio_pin_port_decode
                0x00031b20       0x18 ./_debug/drv_acc_lis3dh.o
 .text.nrf_gpio_cfg
                0x00031b38       0x50 ./_debug/drv_acc_lis3dh.o
 .text.nrf_gpio_cfg_sense_input
                0x00031b88       0x2c ./_debug/drv_acc_lis3dh.o
 .text.nrf_delay_us
                0x00031bb4       0xa8 ./_debug/drv_acc_lis3dh.o
 .text.nrf_delay_ms
                0x00031c5c       0x20 ./_debug/drv_acc_lis3dh.o
 .text.twi_open
                0x00031c7c       0x5c ./_debug/drv_acc_lis3dh.o
 .text.twi_close
                0x00031cd8       0x24 ./_debug/drv_acc_lis3dh.o
 .text.lis3dh_reboot_mem
                0x00031cfc       0x50 ./_debug/drv_acc_lis3dh.o
 .text.lis3dh_verify_id
                0x00031d4c       0x50 ./_debug/drv_acc_lis3dh.o
 .text.lis3dh_int1_clear
                0x00031d9c       0x44 ./_debug/drv_acc_lis3dh.o
 .text.lis3dh_read_regs
                0x00031de0       0x90 ./_debug/drv_acc_lis3dh.o
 .text.lis3dh_write_regs
                0x00031e70       0x9c ./_debug/drv_acc_lis3dh.o
 .text.drv_acc_wakeup_prepare
                0x00031f0c      0x1fc ./_debug/drv_acc_lis3dh.o
                0x00031f0c                drv_acc_wakeup_prepare
 .text.drv_acc_init
                0x00032108      0x14c ./_debug/drv_acc_lis3dh.o
                0x00032108                drv_acc_init
 .text.nrf_delay_us
                0x00032254       0xa8 ./_debug/drv_ext_gpio.o
 .text.nrf_delay_ms
                0x000322fc       0x20 ./_debug/drv_ext_gpio.o
 .text.drv_ext_gpio_cfg
                0x0003231c      0x3ec ./_debug/drv_ext_gpio.o
                0x0003231c                drv_ext_gpio_cfg
 .text.drv_ext_gpio_reset
                0x00032708       0x84 ./_debug/drv_ext_gpio.o
                0x00032708                drv_ext_gpio_reset
 .text.drv_ext_gpio_reg_data_init
                0x0003278c       0xa0 ./_debug/drv_ext_gpio.o
                0x0003278c                drv_ext_gpio_reg_data_init
 .text.drv_ext_gpio_cfg_output
                0x0003282c       0xa8 ./_debug/drv_ext_gpio.o
                0x0003282c                drv_ext_gpio_cfg_output
 .text.drv_ext_gpio_pin_set
                0x000328d4       0xac ./_debug/drv_ext_gpio.o
                0x000328d4                drv_ext_gpio_pin_set
 .text.drv_ext_gpio_pin_clear
                0x00032980       0xac ./_debug/drv_ext_gpio.o
                0x00032980                drv_ext_gpio_pin_clear
 .text.drv_ext_gpio_init
                0x00032a2c       0x48 ./_debug/drv_ext_gpio.o
                0x00032a2c                drv_ext_gpio_init
 .text.nrf_gpio_pin_port_decode
                0x00032a74       0x18 ./_debug/drv_ext_light.o
 .text.nrf_gpio_cfg
                0x00032a8c       0x50 ./_debug/drv_ext_light.o
 .text.nrf_gpio_cfg_output
                0x00032adc       0x24 ./_debug/drv_ext_light.o
 .text.nrf_gpio_pin_set
                0x00032b00       0x28 ./_debug/drv_ext_light.o
 .text.nrf_gpio_pin_clear
                0x00032b28       0x28 ./_debug/drv_ext_light.o
 .text.nrf_gpio_port_out_set
                0x00032b50       0x1c ./_debug/drv_ext_light.o
 .text.nrf_gpio_port_out_clear
                0x00032b6c       0x1c ./_debug/drv_ext_light.o
 .text.nrf_delay_us
                0x00032b88       0xa8 ./_debug/drv_ext_light.o
 .text.m_is_rgb_light
                0x00032c30       0x30 ./_debug/drv_ext_light.o
 .text.m_is_monochrome_light
                0x00032c60       0x30 ./_debug/drv_ext_light.o
 .text.m_pin_within_range_check
                0x00032c90       0x24 ./_debug/drv_ext_light.o
 .text.m_port_mask_create
                0x00032cb4       0xec ./_debug/drv_ext_light.o
 .text.m_osc_on_margin_calculate
                0x00032da0       0x30 ./_debug/drv_ext_light.o
 .text.m_led_driver_sequence_restart
                0x00032dd0       0x74 ./_debug/drv_ext_light.o
 .text.ioext_osc_start_stop
                0x00032e44      0x124 ./_debug/drv_ext_light.o
 .text.m_ioext_osc_status_change
                0x00032f68      0x108 ./_debug/drv_ext_light.o
 .text.m_light_timer_handler
                0x00033070      0x2b8 ./_debug/drv_ext_light.o
 .text.m_io_ext_oper_mode_chk
                0x00033328       0xfc ./_debug/drv_ext_light.o
 .text.m_ioext_led_drv_ctrl
                0x00033424      0x260 ./_debug/drv_ext_light.o
 .text.m_ioext_cmd_process_rgb_intensity
                0x00033684       0x7c ./_debug/drv_ext_light.o
 .text.m_rgb_intensity
                0x00033700      0x1b4 ./_debug/drv_ext_light.o
 .text.m_ioext_color_select_cmd_send
                0x000338b4      0x178 ./_debug/drv_ext_light.o
 .text.m_ioext_cmd_process
                0x00033a2c      0x4c0 ./_debug/drv_ext_light.o
 .text.io_extender_counters_resync
                0x00033eec       0x24 ./_debug/drv_ext_light.o
                0x00033eec                io_extender_counters_resync
 .text.drv_ext_light_off
                0x00033f10       0xa0 ./_debug/drv_ext_light.o
                0x00033f10                drv_ext_light_off
 .text.drv_ext_light_rgb_intensity_set
                0x00033fb0       0x98 ./_debug/drv_ext_light.o
                0x00033fb0                drv_ext_light_rgb_intensity_set
 .text.drv_ext_light_rgb_sequence
                0x00034048       0x9c ./_debug/drv_ext_light.o
                0x00034048                drv_ext_light_rgb_sequence
 .text.drv_ext_light_init
                0x000340e4      0x59c ./_debug/drv_ext_light.o
                0x000340e4                drv_ext_light_init
 .text.nrf_delay_us
                0x00034680       0xa8 ./_debug/drv_motion.o
 .text.nrf_delay_ms
                0x00034728       0x20 ./_debug/drv_motion.o
 .text.print_sensor_status
                0x00034748      0x318 ./_debug/drv_motion.o
                0x00034748                print_sensor_status
 .text.mpulib_data_send
                0x00034a60      0x2bc ./_debug/drv_motion.o
 .text.mpulib_data_handler
                0x00034d1c      0x288 ./_debug/drv_motion.o
 .text.mpulib_data_handler_cb
                0x00034fa4       0x10 ./_debug/drv_motion.o
 .text.mpulib_tap_cb
                0x00034fb4       0x48 ./_debug/drv_motion.o
 .text.mpulib_orient_cb
                0x00034ffc       0x38 ./_debug/drv_motion.o
 .text.mpulib_init
                0x00035034      0x214 ./_debug/drv_motion.o
 .text.mpulib_config
                0x00035248      0x218 ./_debug/drv_motion.o
 .text.dmp_init
                0x00035460      0x164 ./_debug/drv_motion.o
 .text.mpu9250_power
                0x000355c4       0x78 ./_debug/drv_motion.o
 .text.temp_timeout_handler
                0x0003563c       0x1c ./_debug/drv_motion.o
 .text.compass_timeout_handler
                0x00035658       0x1c ./_debug/drv_motion.o
 .text.pedo_timeout_handler
                0x00035674       0x1c ./_debug/drv_motion.o
 .text.drv_motion_enable
                0x00035690      0x248 ./_debug/drv_motion.o
                0x00035690                drv_motion_enable
 .text.drv_motion_sleep_prepare
                0x000358d8       0x1c ./_debug/drv_motion.o
                0x000358d8                drv_motion_sleep_prepare
 .text.drv_motion_init
                0x000358f4      0x22c ./_debug/drv_motion.o
                0x000358f4                drv_motion_init
 .text.nrf_gpio_pin_port_decode
                0x00035b20       0x18 ./_debug/drv_mpu9250.o
 .text.nrf_gpio_pin_read
                0x00035b38       0x2c ./_debug/drv_mpu9250.o
 .text.nrf_gpio_port_in_read
                0x00035b64       0x1c ./_debug/drv_mpu9250.o
 .text.gpiote_evt_sceduled
                0x00035b80       0x38 ./_debug/drv_mpu9250.o
 .text.gpiote_evt_handler
                0x00035bb8       0x80 ./_debug/drv_mpu9250.o
 .text.twi_open
                0x00035c38       0x4c ./_debug/drv_mpu9250.o
 .text.twi_close
                0x00035c84       0x24 ./_debug/drv_mpu9250.o
 .text.drv_mpu9250_write
                0x00035ca8       0xe4 ./_debug/drv_mpu9250.o
                0x00035ca8                drv_mpu9250_write
 .text.drv_mpu9250_read
                0x00035d8c       0xa4 ./_debug/drv_mpu9250.o
                0x00035d8c                drv_mpu9250_read
 .text.drv_mpu9250_ms_get
                0x00035e30       0x28 ./_debug/drv_mpu9250.o
                0x00035e30                drv_mpu9250_ms_get
 .text.drv_mpu9250_int_register
                0x00035e58       0x38 ./_debug/drv_mpu9250.o
                0x00035e58                drv_mpu9250_int_register
 .text.drv_mpu9250_enable
                0x00035e90       0xa0 ./_debug/drv_mpu9250.o
                0x00035e90                drv_mpu9250_enable
 .text.drv_mpu9250_init
                0x00035f30       0x48 ./_debug/drv_mpu9250.o
                0x00035f30                drv_mpu9250_init
 .text.nfc_callback
                0x00035f78       0x40 ./_debug/drv_nfc.o
 .text.drv_nfc_raw_data_set
                0x00035fb8       0xa8 ./_debug/drv_nfc.o
                0x00035fb8                drv_nfc_raw_data_set
 .text.drv_nfc_raw_data_get
                0x00036060       0x58 ./_debug/drv_nfc.o
                0x00036060                drv_nfc_raw_data_get
 .text.drv_nfc_string_record_add
                0x000360b8       0xb0 ./_debug/drv_nfc.o
                0x000360b8                drv_nfc_string_record_add
 .text.drv_nfc_uri_record_add
                0x00036168       0x98 ./_debug/drv_nfc.o
                0x00036168                drv_nfc_uri_record_add
 .text.drv_nfc_app_launch_android_record_add
                0x00036200       0x94 ./_debug/drv_nfc.o
                0x00036200                drv_nfc_app_launch_android_record_add
 .text.drv_nfc_enable
                0x00036294       0xf4 ./_debug/drv_nfc.o
                0x00036294                drv_nfc_enable
 .text.drv_nfc_disable
                0x00036388       0x60 ./_debug/drv_nfc.o
                0x00036388                drv_nfc_disable
 .text.drv_nfc_init
                0x000363e8       0x68 ./_debug/drv_nfc.o
                0x000363e8                drv_nfc_init
 .text.nrf_gpio_pin_port_decode
                0x00036450       0x18 ./_debug/drv_speaker.o
 .text.nrf_gpio_cfg
                0x00036468       0x50 ./_debug/drv_speaker.o
 .text.nrf_gpio_cfg_output
                0x000364b8       0x24 ./_debug/drv_speaker.o
 .text.nrf_gpio_pin_set
                0x000364dc       0x28 ./_debug/drv_speaker.o
 .text.nrf_gpio_pin_clear
                0x00036504       0x28 ./_debug/drv_speaker.o
 .text.nrf_gpio_port_out_set