Archive member included because of file (symbol)

../../../../external/sdk13/components/../external/micro-ecc/nrf52_armgcc/armgcc/micro_ecc_lib_nrf52.a(micro_ecc_lib_uECC.c.o)
                              ./_debug/micro_ecc_lib_shared.o (uECC_secp160r1)
/usr/local/gcc-arm-none-eabi-4_9-2015q3/bin/../lib/gcc/arm-none-eabi/4.9.3/../../../../arm-none-eabi/lib/armv7e-m/fpu/libc_nano.a(lib_a-abs.o)
                              ./_debug/sx150x_led_drv_calc.o (abs)
/usr/local/gcc-arm-none-eabi-4_9-2015q3/bin/../lib/gcc/arm-none-eabi/4.9.3/../../../../arm-none-eabi/lib/armv7e-m/fpu/libc_nano.a(lib_a-exit.o)
                              /usr/local/gcc-arm-none-eabi-4_9-2015q3/bin/../lib/gcc/arm-none-eabi/4.9.3/../../../../arm-none-eabi/lib/armv7e-m/fpu/crt0.o (exit)
/usr/local/gcc-arm-none-eabi-4_9-2015q3/bin/../lib/gcc/arm-none-eabi/4.9.3/../../../../arm-none-eabi/lib/armv7e-m/fpu/libc_nano.a(lib_a-impure.o)
                              /usr/local/gcc-arm-none-eabi-4_9-2015q3/bin/../lib/gcc/arm-none-eabi/4.9.3/../../../../arm-none-eabi/lib/armv7e-m/fpu/libc_nano.a(lib_a-exit.o) (_global_impure_ptr)
/usr/local/gcc-arm-none-eabi-4_9-2015q3/bin/../lib/gcc/arm-none-eabi/4.9.3/../../../../arm-none-eabi/lib/armv7e-m/fpu/libc_nano.a(lib_a-init.o)
                              /usr/local/gcc-arm-none-eabi-4_9-2015q3/bin/../lib/gcc/arm-none-eabi/4.9.3/../../../../arm-none-eabi/lib/armv7e-m/fpu/crt0.o (__libc_init_array)
/usr/local/gcc-arm-none-eabi-4_9-2015q3/bin/../lib/gcc/arm-none-eabi/4.9.3/../../../../arm-none-eabi/lib/armv7e-m/fpu/libc_nano.a(lib_a-memcmp.o)
                              ./_debug/dfu_req_handling.o (memcmp)
/usr/local/gcc-arm-none-eabi-4_9-2015q3/bin/../lib/gcc/arm-none-eabi/4.9.3/../../../../arm-none-eabi/lib/armv7e-m/fpu/libc_nano.a(lib_a-memcpy.o)
                              ./_debug/ble_advdata.o (memcpy)
/usr/local/gcc-arm-none-eabi-4_9-2015q3/bin/../lib/gcc/arm-none-eabi/4.9.3/../../../../arm-none-eabi/lib/armv7e-m/fpu/libc_nano.a(lib_a-memset.o)
                              /usr/local/gcc-arm-none-eabi-4_9-2015q3/bin/../lib/gcc/arm-none-eabi/4.9.3/../../../../arm-none-eabi/lib/armv7e-m/fpu/crt0.o (memset)
/usr/local/gcc-arm-none-eabi-4_9-2015q3/bin/../lib/gcc/arm-none-eabi/4.9.3/../../../../arm-none-eabi/lib/armv7e-m/fpu/libc_nano.a(lib_a-sprintf.o)
                              ./_debug/support_func.o (sprintf)
/usr/local/gcc-arm-none-eabi-4_9-2015q3/bin/../lib/gcc/arm-none-eabi/4.9.3/../../../../arm-none-eabi/lib/armv7e-m/fpu/libc_nano.a(lib_a-strcpy.o)
                              ./_debug/support_func.o (strcpy)
/usr/local/gcc-arm-none-eabi-4_9-2015q3/bin/../lib/gcc/arm-none-eabi/4.9.3/../../../../arm-none-eabi/lib/armv7e-m/fpu/libc_nano.a(lib_a-strlen.o)
                              ./_debug/ble_srv_common.o (strlen)
/usr/local/gcc-arm-none-eabi-4_9-2015q3/bin/../lib/gcc/arm-none-eabi/4.9.3/../../../../arm-none-eabi/lib/armv7e-m/fpu/libc_nano.a(lib_a-nano-svfprintf.o)
                              /usr/local/gcc-arm-none-eabi-4_9-2015q3/bin/../lib/gcc/arm-none-eabi/4.9.3/../../../../arm-none-eabi/lib/armv7e-m/fpu/libc_nano.a(lib_a-sprintf.o) (_svfprintf_r)
/usr/local/gcc-arm-none-eabi-4_9-2015q3/bin/../lib/gcc/arm-none-eabi/4.9.3/../../../../arm-none-eabi/lib/armv7e-m/fpu/libc_nano.a(lib_a-nano-vfprintf_i.o)
                              /usr/local/gcc-arm-none-eabi-4_9-2015q3/bin/../lib/gcc/arm-none-eabi/4.9.3/../../../../arm-none-eabi/lib/armv7e-m/fpu/libc_nano.a(lib_a-nano-svfprintf.o) (_printf_i)
/usr/local/gcc-arm-none-eabi-4_9-2015q3/bin/../lib/gcc/arm-none-eabi/4.9.3/../../../../arm-none-eabi/lib/armv7e-m/fpu/libc_nano.a(lib_a-memchr.o)
                              /usr/local/gcc-arm-none-eabi-4_9-2015q3/bin/../lib/gcc/arm-none-eabi/4.9.3/../../../../arm-none-eabi/lib/armv7e-m/fpu/libc_nano.a(lib_a-nano-svfprintf.o) (memchr)
/usr/local/gcc-arm-none-eabi-4_9-2015q3/bin/../lib/gcc/arm-none-eabi/4.9.3/../../../../arm-none-eabi/lib/armv7e-m/fpu/libc_nano.a(lib_a-memmove.o)
                              /usr/local/gcc-arm-none-eabi-4_9-2015q3/bin/../lib/gcc/arm-none-eabi/4.9.3/../../../../arm-none-eabi/lib/armv7e-m/fpu/libc_nano.a(lib_a-nano-svfprintf.o) (memmove)
/usr/local/gcc-arm-none-eabi-4_9-2015q3/bin/../lib/gcc/arm-none-eabi/4.9.3/../../../../arm-none-eabi/lib/armv7e-m/fpu/libc_nano.a(lib_a-nano-freer.o)
                              /usr/local/gcc-arm-none-eabi-4_9-2015q3/bin/../lib/gcc/arm-none-eabi/4.9.3/../../../../arm-none-eabi/lib/armv7e-m/fpu/libc_nano.a(lib_a-nano-svfprintf.o) (_free_r)
/usr/local/gcc-arm-none-eabi-4_9-2015q3/bin/../lib/gcc/arm-none-eabi/4.9.3/../../../../arm-none-eabi/lib/armv7e-m/fpu/libc_nano.a(lib_a-nano-mallocr.o)
                              /usr/local/gcc-arm-none-eabi-4_9-2015q3/bin/../lib/gcc/arm-none-eabi/4.9.3/../../../../arm-none-eabi/lib/armv7e-m/fpu/libc_nano.a(lib_a-nano-svfprintf.o) (_malloc_r)
[...]
Memory Configuration

Name             Origin             Length             Attributes
FLASH            0x00069000         0x0000f000         xr
RAM              0x20002c00         0x00005380         xrw
NOINIT           0x20007f80         0x00000080         xrw
BOOTLOADER_SETTINGS 0x0007f000         0x00001000         rw
UICR_BOOTLOADER  0x10001014         0x00000004         r
MBR_PARAMS_PAGE  0x0007e000         0x00001000         rw
UICR_MBR_PARAM_PAGE 0x10001018         0x00000004         r
*default*        0x00000000         0xffffffff

Linker script and memory map


.text           0x00069000     0xe554
 *(.isr_vector)
 .isr_vector    0x00069000      0x200 ./_debug/gcc_startup_nrf52.o
                0x00069000                __isr_vector
 *(.text*)
 .text          0x00069200       0x5c /usr/local/gcc-arm-none-eabi-4_9-2015q3/bin/../lib/gcc/arm-none-eabi/4.9.3/armv7e-m/fpu/crtbegin.o
 .text          0x0006925c       0x74 /usr/local/gcc-arm-none-eabi-4_9-2015q3/bin/../lib/gcc/arm-none-eabi/4.9.3/../../../../arm-none-eabi/lib/armv7e-m/fpu/crt0.o
                0x0006925c                _mainCRTStartup
                0x0006925c                _start
 .text.sd_ble_gap_conn_param_update
                0x000692d0        0x8 ./_debug/ble_conn_params.o
 .text.sd_ble_gap_disconnect
                0x000692d8        0x8 ./_debug/ble_conn_params.o
 .text.sd_ble_gap_ppcp_set
                0x000692e0        0x8 ./_debug/ble_conn_params.o
 .text.sd_ble_gap_ppcp_get
                0x000692e8        0x8 ./_debug/ble_conn_params.o
 .text.is_conn_params_ok
                0x000692f0       0x2c ./_debug/ble_conn_params.o
 .text.update_timeout_handler
                0x0006931c       0xb4 ./_debug/ble_conn_params.o
 .text.ble_conn_params_init
                0x000693d0       0x94 ./_debug/ble_conn_params.o
                0x000693d0                ble_conn_params_init
 .text.ble_conn_params_stop
                0x00069464       0x14 ./_debug/ble_conn_params.o
                0x00069464                ble_conn_params_stop
 .text.conn_params_negotiation
                0x00069478       0xb0 ./_debug/ble_conn_params.o
 .text.on_connect
                0x00069528       0x44 ./_debug/ble_conn_params.o
 .text.on_disconnect
                0x0006956c       0x4c ./_debug/ble_conn_params.o
 .text.on_write
                0x000695b8       0x64 ./_debug/ble_conn_params.o
 .text.on_conn_params_update
                0x0006961c       0x24 ./_debug/ble_conn_params.o
 .text.ble_conn_params_on_ble_evt
                0x00069640       0x48 ./_debug/ble_conn_params.o
                0x00069640                ble_conn_params_on_ble_evt
 .text.uint16_decode
                0x00069688       0x20 ./_debug/ble_srv_common.o
 .text.ble_srv_is_notification_enabled
                0x000696a8       0x2c ./_debug/ble_srv_common.o
                0x000696a8                ble_srv_is_notification_enabled
 .text.NVIC_EnableIRQ
                0x000696d4       0x2c ./_debug/nrf_drv_common.o
 .text.NVIC_ClearPendingIRQ
                0x00069700       0x2c ./_debug/nrf_drv_common.o
 .text.NVIC_SetPriority
                0x0006972c       0x4c ./_debug/nrf_drv_common.o
 .text.nrf_drv_common_irq_enable
                0x00069778       0x3c ./_debug/nrf_drv_common.o
                0x00069778                nrf_drv_common_irq_enable
 .text.nrf_nvmc_page_erase
                0x000697b4       0x48 ./_debug/nrf_nvmc.o
                0x000697b4                nrf_nvmc_page_erase
 .text.nrf_nvmc_write_words
                0x000697fc       0x70 ./_debug/nrf_nvmc.o
                0x000697fc                nrf_nvmc_write_words
 .text.nrf_rng_int_disable
                0x0006986c       0x14 ./_debug/nrf_drv_rng.o
 .text.nrf_rng_int_get
                0x00069880       0x28 ./_debug/nrf_drv_rng.o
 .text.nrf_rng_task_trigger
                0x000698a8       0x1c ./_debug/nrf_drv_rng.o
 .text.nrf_rng_event_clear
                0x000698c4       0x30 ./_debug/nrf_drv_rng.o
 .text.nrf_rng_event_get
                0x000698f4       0x28 ./_debug/nrf_drv_rng.o
 .text.nrf_rng_random_value_get
                0x0006991c       0x10 ./_debug/nrf_drv_rng.o
 .text.nrf_drv_rng_stop
                0x0006992c       0x10 ./_debug/nrf_drv_rng.o
 .text.RNG_IRQHandler
                0x0006993c       0x80 ./_debug/nrf_drv_rng.o
                0x0006993c                RNG_IRQHandler
 .text.NVIC_DisableIRQ
                0x000699bc       0x2c ./_debug/nrf_drv_twi.o
 .text.nrf_twi_task_trigger
                0x000699e8       0x1c ./_debug/nrf_drv_twi.o
 .text.nrf_twi_event_clear
                0x00069a04       0x28 ./_debug/nrf_drv_twi.o
 .text.nrf_twi_event_check
                0x00069a2c       0x24 ./_debug/nrf_drv_twi.o
 .text.nrf_twi_shorts_disable
                0x00069a50       0x1c ./_debug/nrf_drv_twi.o
 .text.nrf_twi_int_enable
                0x00069a6c       0x14 ./_debug/nrf_drv_twi.o
 .text.nrf_twi_int_disable
                0x00069a80       0x14 ./_debug/nrf_drv_twi.o
 .text.nrf_twi_enable
                0x00069a94       0x10 ./_debug/nrf_drv_twi.o
 .text.nrf_twi_disable
                0x00069aa4       0x10 ./_debug/nrf_drv_twi.o
 .text.nrf_twi_pins_set
                0x00069ab4       0x1c ./_debug/nrf_drv_twi.o
 .text.nrf_twi_frequency_set
                0x00069ad0       0x14 ./_debug/nrf_drv_twi.o
 .text.nrf_twi_errorsrc_get_and_clear
                0x00069ae4       0x1c ./_debug/nrf_drv_twi.o
 .text.nrf_twi_address_set
                0x00069b00       0x18 ./_debug/nrf_drv_twi.o
 .text.nrf_twi_rxd_get
                0x00069b18       0x14 ./_debug/nrf_drv_twi.o
 .text.nrf_twi_txd_set
                0x00069b2c       0x18 ./_debug/nrf_drv_twi.o
 .text.nrf_twi_shorts_set
                0x00069b44       0x14 ./_debug/nrf_drv_twi.o
 .text.nrf_drv_common_irq_disable
                0x00069b58       0x1c ./_debug/nrf_drv_twi.o
 .text.nrf_drv_get_IRQn
                0x00069b74       0x18 ./_debug/nrf_drv_twi.o
 .text.nrf_gpio_pin_port_decode
                0x00069b8c       0x10 ./_debug/nrf_drv_twi.o
 .text.nrf_gpio_pin_set
                0x00069b9c       0x28 ./_debug/nrf_drv_twi.o
 .text.nrf_gpio_pin_clear
                0x00069bc4       0x28 ./_debug/nrf_drv_twi.o
 .text.nrf_gpio_pin_read
                0x00069bec       0x2c ./_debug/nrf_drv_twi.o
 .text.nrf_gpio_port_in_read
                0x00069c18       0x10 ./_debug/nrf_drv_twi.o
 .text.nrf_gpio_port_out_set
                0x00069c28       0x14 ./_debug/nrf_drv_twi.o
 .text.nrf_gpio_port_out_clear
                0x00069c3c       0x14 ./_debug/nrf_drv_twi.o
 .text.nrf_delay_us
                0x00069c50       0x9c ./_debug/nrf_drv_twi.o
 .text.twi_process_error
                0x00069cec       0x40 ./_debug/nrf_drv_twi.o
 .text.twi_clear_bus
                0x00069d2c       0xdc ./_debug/nrf_drv_twi.o
 .text.nrf_drv_twi_init
                0x00069e08       0xf4 ./_debug/nrf_drv_twi.o
                0x00069e08                nrf_drv_twi_init
 .text.nrf_drv_twi_uninit
                0x00069efc       0x8c ./_debug/nrf_drv_twi.o
                0x00069efc                nrf_drv_twi_uninit
 .text.nrf_drv_twi_enable
                0x00069f88       0x38 ./_debug/nrf_drv_twi.o
                0x00069f88                nrf_drv_twi_enable
 .text.nrf_drv_twi_disable
                0x00069fc0       0x4c ./_debug/nrf_drv_twi.o
                0x00069fc0                nrf_drv_twi_disable
 .text.twi_send_byte
                0x0006a00c       0x64 ./_debug/nrf_drv_twi.o
 .text.twi_receive_byte
                0x0006a070       0x70 ./_debug/nrf_drv_twi.o
 .text.twi_transfer
                0x0006a0e0      0x174 ./_debug/nrf_drv_twi.o
 .text.twi_tx_start_transfer
                0x0006a254      0x114 ./_debug/nrf_drv_twi.o
 .text.twi_rx_start_transfer
                0x0006a368      0x10c ./_debug/nrf_drv_twi.o
 .text.twi_xfer
                0x0006a474      0x110 ./_debug/nrf_drv_twi.o
 .text.nrf_drv_twi_xfer
                0x0006a584       0x54 ./_debug/nrf_drv_twi.o
                0x0006a584                nrf_drv_twi_xfer
 .text.nrf_drv_twi_tx
                0x0006a5d8       0x64 ./_debug/nrf_drv_twi.o
                0x0006a5d8                nrf_drv_twi_tx
 .text.nrf_drv_twi_rx
                0x0006a63c       0x5c ./_debug/nrf_drv_twi.o
                0x0006a63c                nrf_drv_twi_rx
 .text.irq_handler_twi
                0x0006a698      0x13c ./_debug/nrf_drv_twi.o
 .text.SPIM0_SPIS0_TWIM0_TWIS0_SPI0_TWI0_IRQHandler
                0x0006a7d4       0x14 ./_debug/nrf_drv_twi.o
                0x0006a7d4                SPIM0_SPIS0_TWIM0_TWIS0_SPI0_TWI0_IRQHandler
 .text.sd_ble_gap_addr_set
                0x0006a7e8        0x8 ./_debug/nrf_ble_dfu.o
 .text.sd_ble_gap_addr_get
                0x0006a7f0        0x8 ./_debug/nrf_ble_dfu.o
 .text.sd_ble_gap_adv_data_set
                0x0006a7f8        0x8 ./_debug/nrf_ble_dfu.o
 .text.sd_ble_gap_adv_start
                0x0006a800        0x8 ./_debug/nrf_ble_dfu.o
 .text.sd_ble_gap_adv_stop
                0x0006a808        0x8 ./_debug/nrf_ble_dfu.o
 .text.sd_ble_gap_disconnect
                0x0006a810        0x8 ./_debug/nrf_ble_dfu.o
 .text.sd_ble_gap_ppcp_set
                0x0006a818        0x8 ./_debug/nrf_ble_dfu.o
 .text.sd_ble_gap_device_name_set
                0x0006a820        0x8 ./_debug/nrf_ble_dfu.o
 .text.sd_ble_gap_device_name_get
                0x0006a828        0x8 ./_debug/nrf_ble_dfu.o
 .text.sd_ble_gap_sec_params_reply
                0x0006a830        0x8 ./_debug/nrf_ble_dfu.o
 .text.sd_ble_gap_sec_info_reply
                0x0006a838        0x8 ./_debug/nrf_ble_dfu.o
 .text.sd_ble_gap_data_length_update
                0x0006a840        0x8 ./_debug/nrf_ble_dfu.o
 .text.sd_ble_gatts_service_add
                0x0006a848        0x8 ./_debug/nrf_ble_dfu.o
 .text.sd_ble_gatts_characteristic_add
                0x0006a850        0x8 ./_debug/nrf_ble_dfu.o
 .text.sd_ble_gatts_value_get
                0x0006a858        0x8 ./_debug/nrf_ble_dfu.o
 .text.sd_ble_gatts_hvx
                0x0006a860        0x8 ./_debug/nrf_ble_dfu.o
 .text.sd_ble_gatts_rw_authorize_reply
                0x0006a868        0x8 ./_debug/nrf_ble_dfu.o
 .text.sd_ble_gatts_sys_attr_set
                0x0006a870        0x8 ./_debug/nrf_ble_dfu.o
 .text.sd_ble_gatts_exchange_mtu_reply
                0x0006a878        0x8 ./_debug/nrf_ble_dfu.o
 .text.sd_ble_cfg_set
                0x0006a880        0x8 ./_debug/nrf_ble_dfu.o
 .text.sd_ble_uuid_vs_add
                0x0006a888        0x8 ./_debug/nrf_ble_dfu.o
 .text.sd_ble_user_mem_reply
                0x0006a890        0x8 ./_debug/nrf_ble_dfu.o
 .text.uint32_encode
                0x0006a898       0x44 ./_debug/nrf_ble_dfu.o
 .text.uint16_decode
                0x0006a8dc       0x20 ./_debug/nrf_ble_dfu.o
 .text.uint32_decode
                0x0006a8fc       0x30 ./_debug/nrf_ble_dfu.o
 .text.sd_softdevice_vector_table_base_set
                0x0006a92c        0x8 ./_debug/nrf_ble_dfu.o
 .text.nrf_gpio_pin_port_decode
                0x0006a934       0x10 ./_debug/nrf_ble_dfu.o
 .text.nrf_gpio_cfg
                0x0006a944       0x60 ./_debug/nrf_ble_dfu.o
 .text.nrf_gpio_cfg_output
                0x0006a9a4       0x20 ./_debug/nrf_ble_dfu.o
 .text.nrf_gpio_pin_set
                0x0006a9c4       0x28 ./_debug/nrf_ble_dfu.o
 .text.nrf_gpio_pin_clear
                0x0006a9ec       0x28 ./_debug/nrf_ble_dfu.o
 .text.nrf_gpio_port_out_set
                0x0006aa14       0x14 ./_debug/nrf_ble_dfu.o
 .text.nrf_gpio_port_out_clear
                0x0006aa28       0x14 ./_debug/nrf_ble_dfu.o
 .text.conn_params_error_handler
                0x0006aa3c       0x14 ./_debug/nrf_ble_dfu.o
 .text.conn_params_init
                0x0006aa50       0x68 ./_debug/nrf_ble_dfu.o
 .text.advertising_init
                0x0006aab8       0xd8 ./_debug/nrf_ble_dfu.o
 .text.advertising_start
                0x0006ab90       0x8c ./_debug/nrf_ble_dfu.o
 .text.advertising_stop
                0x0006ac1c       0x44 ./_debug/nrf_ble_dfu.o
 .text.is_cccd_configured
                0x0006ac60       0x58 ./_debug/nrf_ble_dfu.o
 .text.send_hvx
                0x0006acb8       0x64 ./_debug/nrf_ble_dfu.o
 .text.response_send
                0x0006ad1c       0xc8 ./_debug/nrf_ble_dfu.o
 .text.response_crc_cmd_send
                0x0006ade4       0xd4 ./_debug/nrf_ble_dfu.o
 .text.response_select_object_cmd_send
                0x0006aeb8       0xf4 ./_debug/nrf_ble_dfu.o
 .text.on_ctrl_pt_write
                0x0006afac      0x1e4 ./_debug/nrf_ble_dfu.o
 .text.on_rw_authorize_req
                0x0006b190       0xe0 ./_debug/nrf_ble_dfu.o
 .text.on_write
                0x0006b270       0x9c ./_debug/nrf_ble_dfu.o
 .text.on_ble_evt
                0x0006b30c      0x310 ./_debug/nrf_ble_dfu.o
 .text.ble_evt_dispatch
                0x0006b61c       0x18 ./_debug/nrf_ble_dfu.o
 .text.leds_init
                0x0006b634       0x1c ./_debug/nrf_ble_dfu.o
 .text.gap_address_change
                0x0006b650       0x44 ./_debug/nrf_ble_dfu.o
 .text.gap_params_init
                0x0006b694       0x8c ./_debug/nrf_ble_dfu.o
 .text.ble_stack_init
                0x0006b720      0x120 ./_debug/nrf_ble_dfu.o
 .text.dfu_pkt_char_add
                0x0006b840       0xf4 ./_debug/nrf_ble_dfu.o
 .text.dfu_ctrl_pt_add
                0x0006b934      0x10c ./_debug/nrf_ble_dfu.o
 .text.ble_dfu_init
                0x0006ba40       0xac ./_debug/nrf_ble_dfu.o
                0x0006ba40                ble_dfu_init
 .text.ble_dfu_transport_init
                0x0006baec       0x8c ./_debug/nrf_ble_dfu.o
                0x0006baec                ble_dfu_transport_init
 .text.ble_dfu_transport_close
                0x0006bb78       0x60 ./_debug/nrf_ble_dfu.o
                0x0006bb78                ble_dfu_transport_close
 .text.NVIC_SystemReset
                0x0006bbd8       0x24 ./_debug/nrf_dfu.o
 .text.sd_app_evt_wait
                0x0006bbfc        0x8 ./_debug/nrf_dfu.o
 .text.reset_delay_timer_handler
                0x0006bc04       0x10 ./_debug/nrf_dfu.o
 .text.timers_init
                0x0006bc14       0x3c ./_debug/nrf_dfu.o
 .text.scheduler_init
                0x0006bc50       0x2c ./_debug/nrf_dfu.o
 .text.wait_for_event
                0x0006bc7c        0xc ./_debug/nrf_dfu.o
 .text.nrf_dfu_wait
                0x0006bc88        0xc ./_debug/nrf_dfu.o
                0x0006bc88                nrf_dfu_wait
 .text.nrf_dfu_init
                0x0006bc94       0x94 ./_debug/nrf_dfu.o
                0x0006bc94                nrf_dfu_init
 .text.fs_evt_handler
                0x0006bd28       0x5c ./_debug/nrf_dfu_flash.o
 .text.nrf_dfu_flash_init
                0x0006bd84       0x58 ./_debug/nrf_dfu_flash.o
                0x0006bd84                nrf_dfu_flash_init
 .text.nrf_dfu_flash_store
                0x0006bddc       0xe8 ./_debug/nrf_dfu_flash.o
                0x0006bddc                nrf_dfu_flash_store
 .text.nrf_dfu_flash_erase
                0x0006bec4      0x104 ./_debug/nrf_dfu_flash.o
                0x0006bec4                nrf_dfu_flash_erase
 .text.ext_error_set
                0x0006bfc8       0x1c ./_debug/nrf_dfu_handling_error.o
                0x0006bfc8                ext_error_set
 .text.ext_error_get
                0x0006bfe4       0x20 ./_debug/nrf_dfu_handling_error.o
                0x0006bfe4                ext_error_get
 .text.sd_mbr_command
                0x0006c004        0x8 ./_debug/nrf_dfu_mbr.o
 .text.nrf_dfu_mbr_copy_bl
                0x0006c00c       0x44 ./_debug/nrf_dfu_mbr.o
                0x0006c00c                nrf_dfu_mbr_copy_bl
 .text.nrf_dfu_mbr_copy_sd
                0x0006c050       0x44 ./_debug/nrf_dfu_mbr.o
                0x0006c050                nrf_dfu_mbr_copy_sd
 .text.nrf_dfu_mbr_init_sd
                0x0006c094       0x38 ./_debug/nrf_dfu_mbr.o
                0x0006c094                nrf_dfu_mbr_init_sd
 .text.nrf_dfu_mbr_compare
                0x0006c0cc       0x34 ./_debug/nrf_dfu_mbr.o
                0x0006c0cc                nrf_dfu_mbr_compare
 .text.nrf_delay_us
                0x0006c100       0x9c ./_debug/nrf_dfu_settings.o
 .text.nrf_delay_ms
                0x0006c19c       0x1c ./_debug/nrf_dfu_settings.o
 .text.dfu_settings_write_callback
                0x0006c1b8       0x40 ./_debug/nrf_dfu_settings.o
 .text.delay_operation
                0x0006c1f8       0x10 ./_debug/nrf_dfu_settings.o
 .text.wait_for_pending
                0x0006c208       0x18 ./_debug/nrf_dfu_settings.o
 .text.wait_for_queue
                0x0006c220       0x14 ./_debug/nrf_dfu_settings.o
 .text.nrf_dfu_settings_calculate_crc
                0x0006c234       0x18 ./_debug/nrf_dfu_settings.o
                0x0006c234                nrf_dfu_settings_calculate_crc
 .text.nrf_dfu_settings_init
                0x0006c24c       0x6c ./_debug/nrf_dfu_settings.o
                0x0006c24c                nrf_dfu_settings_init
 .text.nrf_dfu_settings_write
                0x0006c2b8       0xa4 ./_debug/nrf_dfu_settings.o
                0x0006c2b8                nrf_dfu_settings_write
 .text.nrf_dfu_transports_init
                0x0006c35c       0x54 ./_debug/nrf_dfu_transport.o
                0x0006c35c                nrf_dfu_transports_init
 .text.nrf_dfu_transports_close
                0x0006c3b0       0x54 ./_debug/nrf_dfu_transport.o
                0x0006c3b0                nrf_dfu_transports_close
 .text.align_to_page
                0x0006c404       0x1c ./_debug/nrf_dfu_utils.o
 .text.nrf_dfu_invalidate_bank
                0x0006c420       0x34 ./_debug/nrf_dfu_utils.o
 .text.nrf_dfu_app_continue
                0x0006c454      0x130 ./_debug/nrf_dfu_utils.o
 .text.nrf_dfu_sd_continue_impl
                0x0006c584       0xf4 ./_debug/nrf_dfu_utils.o
 .text.reset_device_callback
                0x0006c678       0x40 ./_debug/nrf_dfu_utils.o
 .text.nrf_dfu_sd_continue
                0x0006c6b8       0x38 ./_debug/nrf_dfu_utils.o
 .text.nrf_dfu_bl_continue
                0x0006c6f0       0x68 ./_debug/nrf_dfu_utils.o
 .text.nrf_dfu_sd_bl_continue
                0x0006c758       0x40 ./_debug/nrf_dfu_utils.o
 .text.nrf_dfu_continue_bank
                0x0006c798       0x7c ./_debug/nrf_dfu_utils.o
 .text.nrf_dfu_continue
                0x0006c814       0x68 ./_debug/nrf_dfu_utils.o
                0x0006c814                nrf_dfu_continue
 .text.nrf_dfu_app_is_valid
                0x0006c87c       0x4c ./_debug/nrf_dfu_utils.o
                0x0006c87c                nrf_dfu_app_is_valid
 .text.nrf_dfu_find_cache
                0x0006c8c8       0xf0 ./_debug/nrf_dfu_utils.o
                0x0006c8c8                nrf_dfu_find_cache
 .text.nrf_bootloader_init
                0x0006c9b8       0x34 ./_debug/nrf_bootloader.o
                0x0006c9b8                nrf_bootloader_init
 .text.sd_softdevice_vector_table_base_set
                0x0006c9ec        0x8 ./_debug/nrf_bootloader_app_start.o
 .text.nrf_bootloader_app_start
                0x0006c9f4       0x40 ./_debug/nrf_bootloader_app_start.o
                0x0006c9f4                nrf_bootloader_app_start
 .text.nrf_bootloader_app_start_impl
                0x0006ca34       0x50 ./_debug/nrf_bootloader_app_start_asm.o
                0x0006ca34                nrf_bootloader_app_start_impl
 .text.crc32_compute
                0x0006ca84       0x78 ./_debug/crc32.o
                0x0006ca84                crc32_compute
 .text.is_word_aligned
                0x0006cafc       0x1c ./_debug/micro_ecc_lib_ecdsa.o
 .text.nrf_crypto_ecdsa_verify_hash
                0x0006cb18      0x104 ./_debug/micro_ecc_lib_ecdsa.o
                0x0006cb18                nrf_crypto_ecdsa_verify_hash
 .text.nrf_crypto_hash_init
                0x0006cc1c       0x50 ./_debug/nrf_crypto_sw_hash.o
                0x0006cc1c                nrf_crypto_hash_init
 .text.nrf_crypto_hash_update
                0x0006cc6c       0x44 ./_debug/nrf_crypto_sw_hash.o
                0x0006cc6c                nrf_crypto_hash_update
 .text.nrf_crypto_hash_finalize
                0x0006ccb0       0x8c ./_debug/nrf_crypto_sw_hash.o
                0x0006ccb0                nrf_crypto_hash_finalize
 .text.nrf_crypto_hash_compute
                0x0006cd3c       0xac ./_debug/nrf_crypto_sw_hash.o
                0x0006cd3c                nrf_crypto_hash_compute
 .text.nrf_crypto_ecdsa_sizes_get
                0x0006cde8      0x13c ./_debug/nrf_crypto_ecdsa.o
                0x0006cde8                nrf_crypto_ecdsa_sizes_get
 .text.nrf_crypto_hash_size_get
                0x0006cf24       0x74 ./_debug/nrf_crypto_hash.o
                0x0006cf24                nrf_crypto_hash_size_get
 .text.sd_flash_write
                0x0006cf98        0x8 ./_debug/fstorage.o
 .text.sd_flash_page_erase
                0x0006cfa0        0x8 ./_debug/fstorage.o
 .text.send_event
                0x0006cfa8       0x7c ./_debug/fstorage.o
 .text.check_config
                0x0006d024       0x30 ./_debug/fstorage.o
 .text.store_execute
                0x0006d054       0x60 ./_debug/fstorage.o
 .text.erase_execute
                0x0006d0b4       0x1c ./_debug/fstorage.o
 .text.queue_advance
                0x0006d0d0       0x44 ./_debug/fstorage.o
 .text.queue_process
                0x0006d114       0x88 ./_debug/fstorage.o
 .text.queue_start
                0x0006d19c       0x34 ./_debug/fstorage.o
 .text.on_operation_success
                0x0006d1d0       0xb0 ./_debug/fstorage.o
 .text.on_operation_failure
                0x0006d280       0x38 ./_debug/fstorage.o
 .text.queue_get_next_free
                0x0006d2b8       0x7c ./_debug/fstorage.o
 .text.fs_fake_init
                0x0006d334       0x18 ./_debug/fstorage.o
                0x0006d334                fs_fake_init
 .text.fs_store
                0x0006d34c       0xd8 ./_debug/fstorage.o
                0x0006d34c                fs_store
 .text.fs_erase
                0x0006d424       0xc8 ./_debug/fstorage.o
                0x0006d424                fs_erase
 .text.fs_sys_event_handler
                0x0006d4ec       0x84 ./_debug/fstorage.o
                0x0006d4ec                fs_sys_event_handler
 .text.fs_queue_is_full
                0x0006d570       0x18 ./_debug/fstorage.o
                0x0006d570                fs_queue_is_full
 .text.nrf_queue_next_idx
                0x0006d588       0x20 ./_debug/nrf_queue.o
 .text.queue_utilization_get
                0x0006d5a8       0x38 ./_debug/nrf_queue.o
 .text.nrf_queue_is_full
                0x0006d5e0       0x34 ./_debug/nrf_queue.o
                0x0006d5e0                nrf_queue_is_full
 .text.nrf_queue_push
                0x0006d614      0x150 ./_debug/nrf_queue.o
                0x0006d614                nrf_queue_push
 .text.is_word_aligned
                0x0006d764       0x1c ./_debug/app_scheduler.o
 .text.next_index
                0x0006d780       0x2c ./_debug/app_scheduler.o
 .text.app_sched_queue_full
                0x0006d7ac       0x3c ./_debug/app_scheduler.o
 .text.app_sched_queue_empty
                0x0006d7e8       0x2c ./_debug/app_scheduler.o
 .text.app_sched_init
                0x0006d814       0x88 ./_debug/app_scheduler.o
                0x0006d814                app_sched_init
 .text.app_sched_event_put
                0x0006d89c       0xfc ./_debug/app_scheduler.o
                0x0006d89c                app_sched_event_put
 .text.is_app_sched_paused
                0x0006d998        0x8 ./_debug/app_scheduler.o
 .text.app_sched_execute
                0x0006d9a0       0x98 ./_debug/app_scheduler.o
                0x0006d9a0                app_sched_execute
 .text.sha256_transform
                0x0006da38      0x270 ./_debug/sha256.o
                0x0006da38                sha256_transform
 .text.sha256_init
                0x0006dca8       0x7c ./_debug/sha256.o
                0x0006dca8                sha256_init
 .text.sha256_update
                0x0006dd24       0x88 ./_debug/sha256.o
                0x0006dd24                sha256_update
 .text.sha256_final
                0x0006ddac      0x35c ./_debug/sha256.o
                0x0006ddac                sha256_final
 .text.NVIC_EnableIRQ
                0x0006e108       0x2c ./_debug/app_timer.o
 .text.NVIC_DisableIRQ
                0x0006e134       0x2c ./_debug/app_timer.o
 .text.NVIC_SetPendingIRQ
                0x0006e160       0x2c ./_debug/app_timer.o
 .text.NVIC_ClearPendingIRQ
                0x0006e18c       0x2c ./_debug/app_timer.o
 .text.NVIC_SetPriority
                0x0006e1b8       0x4c ./_debug/app_timer.o
 .text.nrf_delay_us
                0x0006e204       0x9c ./_debug/app_timer.o
 .text.rtc1_init
                0x0006e2a0       0x20 ./_debug/app_timer.o
 .text.rtc1_start
                0x0006e2c0       0x40 ./_debug/app_timer.o
 .text.rtc1_stop
                0x0006e300       0x50 ./_debug/app_timer.o
 .text.rtc1_counter_get
                0x0006e350       0x10 ./_debug/app_timer.o
 .text.ticks_diff_get
                0x0006e360       0x18 ./_debug/app_timer.o
 .text.rtc1_compare0_set
                0x0006e378       0x14 ./_debug/app_timer.o
 .text.timer_list_insert
                0x0006e38c       0xa8 ./_debug/app_timer.o
 .text.timer_list_remove
                0x0006e434       0xbc ./_debug/app_timer.o
 .text.timer_timeouts_check_sched
                0x0006e4f0        0xc ./_debug/app_timer.o
 .text.timer_list_handler_sched
                0x0006e4fc        0xc ./_debug/app_timer.o
 .text.timeout_handler_scheduled_exec
                0x0006e508       0x40 ./_debug/app_timer.o
 .text.timeout_handler_exec
                0x0006e548       0x3c ./_debug/app_timer.o
 .text.timer_timeouts_check
                0x0006e584       0xc4 ./_debug/app_timer.o
 .text.elapsed_ticks_acquire
                0x0006e648       0x78 ./_debug/app_timer.o
 .text.expired_timers_handler
                0x0006e6c0       0x90 ./_debug/app_timer.o
 .text.list_insertions_handler
                0x0006e750      0x1bc ./_debug/app_timer.o
 .text.compare_reg_update
                0x0006e90c       0xb0 ./_debug/app_timer.o
 .text.timer_list_handler
                0x0006e9bc       0x80 ./_debug/app_timer.o
 .text.user_op_enque
                0x0006ea3c       0x18 ./_debug/app_timer.o
 .text.user_op_alloc
                0x0006ea54       0x5c ./_debug/app_timer.o
 .text.timer_start_op_schedule
                0x0006eab0       0x88 ./_debug/app_timer.o
 .text.timer_stop_op_schedule
                0x0006eb38       0x70 ./_debug/app_timer.o
 .text.RTC1_IRQHandler
                0x0006eba8       0x3c ./_debug/app_timer.o
                0x0006eba8                RTC1_IRQHandler
 .text.SWI0_EGU0_IRQHandler
                0x0006ebe4        0x8 ./_debug/app_timer.o
                0x0006ebe4                SWI0_EGU0_IRQHandler
 .text.app_timer_init
                0x0006ebec       0x68 ./_debug/app_timer.o
                0x0006ebec                app_timer_init
 .text.app_timer_create
                0x0006ec54       0x60 ./_debug/app_timer.o
                0x0006ec54                app_timer_create
 .text.app_timer_start
                0x0006ecb4       0x64 ./_debug/app_timer.o
                0x0006ecb4                app_timer_start
 .text.app_timer_stop
                0x0006ed18       0x44 ./_debug/app_timer.o
                0x0006ed18                app_timer_stop
 .text.NVIC_GetPriority
                0x0006ed5c       0x48 ./_debug/app_util_platform.o
 .text.__sd_nvic_irq_disable
                0x0006eda4       0x18 ./_debug/app_util_platform.o
 .text.__sd_nvic_irq_enable
                0x0006edbc        0x4 ./_debug/app_util_platform.o
 .text.sd_nvic_critical_region_enter
                0x0006edc0       0x74 ./_debug/app_util_platform.o
 .text.sd_nvic_critical_region_exit
                0x0006ee34       0x54 ./_debug/app_util_platform.o
 .text.app_util_critical_region_enter
                0x0006ee88       0x14 ./_debug/app_util_platform.o
                0x0006ee88                app_util_critical_region_enter
 .text.app_util_critical_region_exit
                0x0006ee9c       0x1c ./_debug/app_util_platform.o
                0x0006ee9c                app_util_critical_region_exit
 .text.current_int_priority_get
                0x0006eeb8       0x3c ./_debug/app_util_platform.o
                0x0006eeb8                current_int_priority_get
 .text.NVIC_EnableIRQ
                0x0006eef4       0x2c ./_debug/softdevice_handler.o
 .text.NVIC_DisableIRQ
                0x0006ef20       0x2c ./_debug/softdevice_handler.o
 .text.NVIC_GetPriority
                0x0006ef4c       0x48 ./_debug/softdevice_handler.o
 .text.sd_evt_get
                0x0006ef94        0x8 ./_debug/softdevice_handler.o
 .text.sd_softdevice_enable
                0x0006ef9c        0x8 ./_debug/softdevice_handler.o
 .text.is_word_aligned
                0x0006efa4       0x1c ./_debug/softdevice_handler.o
 .text.sd_ble_enable
                0x0006efc0        0x8 ./_debug/softdevice_handler.o
 .text.sd_ble_evt_get
                0x0006efc8        0x8 ./_debug/softdevice_handler.o
 .text.__sd_nvic_app_accessible_irq
                0x0006efd0       0x58 ./_debug/softdevice_handler.o
 .text.__sd_nvic_is_app_accessible_priority
                0x0006f028       0x34 ./_debug/softdevice_handler.o
 .text.sd_nvic_EnableIRQ
                0x0006f05c       0x88 ./_debug/softdevice_handler.o
 .text.nrf_drv_common_irq_enable_check
                0x0006f0e4       0x38 ./_debug/softdevice_handler.o
 .text.softdevice_fault_handler
                0x0006f11c       0x1c ./_debug/softdevice_handler.o
                0x0006f11c                softdevice_fault_handler
 .text.intern_softdevice_events_execute
                0x0006f138      0x114 ./_debug/softdevice_handler.o
                0x0006f138                intern_softdevice_events_execute
 .text.softdevice_handler_is_enabled
                0x0006f24c       0x10 ./_debug/softdevice_handler.o
                0x0006f24c                softdevice_handler_is_enabled
 .text.softdevice_handler_init
                0x0006f25c       0xac ./_debug/softdevice_handler.o
                0x0006f25c                softdevice_handler_init
 .text.softdevice_ble_evt_handler_set
                0x0006f308       0x20 ./_debug/softdevice_handler.o
                0x0006f308                softdevice_ble_evt_handler_set
 .text.softdevice_sys_evt_handler_set
                0x0006f328       0x20 ./_debug/softdevice_handler.o
                0x0006f328                softdevice_sys_evt_handler_set
 .text.SWI2_EGU2_IRQHandler
                0x0006f348       0x38 ./_debug/softdevice_handler.o
                0x0006f348                SWI2_EGU2_IRQHandler
 .text.softdevice_app_ram_start_get
                0x0006f380       0x20 ./_debug/softdevice_handler.o
                0x0006f380                softdevice_app_ram_start_get
 .text.softdevice_enable
                0x0006f3a0       0x20 ./_debug/softdevice_handler.o
                0x0006f3a0                softdevice_enable
 .text.softdevice_evt_get
                0x0006f3c0       0x34 ./_debug/softdevice_handler_appsh.o
                0x0006f3c0                softdevice_evt_get
 .text.softdevice_evt_schedule
                0x0006f3f4       0x18 ./_debug/softdevice_handler_appsh.o
                0x0006f3f4                softdevice_evt_schedule
 .text          0x0006f40c       0x3c ./_debug/gcc_startup_nrf52.o
                0x0006f40c                Reset_Handler
                0x0006f434                NMI_Handler
                0x0006f436                HardFault_Handler
                0x0006f438                MemoryManagement_Handler
                0x0006f43a                BusFault_Handler
                0x0006f43c                UsageFault_Handler
                0x0006f43e                SVC_Handler
                0x0006f440                DebugMon_Handler
                0x0006f442                PendSV_Handler
                0x0006f444                SysTick_Handler
                0x0006f446                TIMER2_IRQHandler
                0x0006f446                RTC0_IRQHandler
                0x0006f446                GPIOTE_IRQHandler
                0x0006f446                PWM1_IRQHandler
                0x0006f446                POWER_CLOCK_IRQHandler
                0x0006f446                RADIO_IRQHandler
                0x0006f446                PDM_IRQHandler
                0x0006f446                TEMP_IRQHandler
                0x0006f446                QDEC_IRQHandler
                0x0006f446                TIMER3_IRQHandler
                0x0006f446                FPU_IRQHandler
                0x0006f446                UARTE0_UART0_IRQHandler
                0x0006f446                TIMER4_IRQHandler
                0x0006f446                I2S_IRQHandler
                0x0006f446                SWI4_EGU4_IRQHandler
                0x0006f446                TIMER0_IRQHandler
                0x0006f446                TIMER1_IRQHandler
                0x0006f446                PWM2_IRQHandler
                0x0006f446                ECB_IRQHandler
                0x0006f446                SPIM1_SPIS1_TWIM1_TWIS1_SPI1_TWI1_IRQHandler
                0x0006f446                Default_Handler
                0x0006f446                SAADC_IRQHandler
                0x0006f446                CCM_AAR_IRQHandler
                0x0006f446                WDT_IRQHandler
                0x0006f446                SWI5_EGU5_IRQHandler
                0x0006f446                RTC2_IRQHandler
                0x0006f446                PWM0_IRQHandler
                0x0006f446                SWI3_EGU3_IRQHandler
                0x0006f446                SWI1_EGU1_IRQHandler
                0x0006f446                SPIM2_SPIS2_SPI2_IRQHandler
                0x0006f446                NFCT_IRQHandler
                0x0006f446                MWU_IRQHandler
                0x0006f446                COMP_LPCOMP_IRQHandler
 .text.NVIC_SystemReset
                0x0006f448       0x24 ./_debug/system_nrf52.o
 .text.SystemCoreClockUpdate
                0x0006f46c       0x10 ./_debug/system_nrf52.o
                0x0006f46c                SystemCoreClockUpdate
 .text.SystemInit
                0x0006f47c      0x294 ./_debug/system_nrf52.o
                0x0006f47c                SystemInit
 .text.errata_12
                0x0006f710       0x58 ./_debug/system_nrf52.o
 .text.errata_16
                0x0006f768       0x38 ./_debug/system_nrf52.o
 .text.errata_31
                0x0006f7a0       0x58 ./_debug/system_nrf52.o
 .text.errata_32
                0x0006f7f8       0x38 ./_debug/system_nrf52.o
 .text.errata_36
                0x0006f830       0x58 ./_debug/system_nrf52.o
 .text.errata_37
                0x0006f888       0x38 ./_debug/system_nrf52.o
 .text.errata_57
                0x0006f8c0       0x38 ./_debug/system_nrf52.o
 .text.errata_66
                0x0006f8f8       0x38 ./_debug/system_nrf52.o
 .text.errata_108
                0x0006f930       0x58 ./_debug/system_nrf52.o
 .text.pb_field_iter_begin
                0x0006f988       0x58 ./_debug/pb_common.o
                0x0006f988                pb_field_iter_begin
 .text.pb_field_iter_next
                0x0006f9e0       0xfc ./_debug/pb_common.o
                0x0006f9e0                pb_field_iter_next
 .text.pb_field_iter_find
                0x0006fadc       0x48 ./_debug/pb_common.o
                0x0006fadc                pb_field_iter_find
 .text.buf_read
                0x0006fb24       0x44 ./_debug/pb_decode.o
 .text.pb_read  0x0006fb68       0x98 ./_debug/pb_decode.o
                0x0006fb68                pb_read
 .text.pb_readbyte
                0x0006fc00       0x44 ./_debug/pb_decode.o
 .text.pb_istream_from_buffer
                0x0006fc44       0x38 ./_debug/pb_decode.o
                0x0006fc44                pb_istream_from_buffer
 .text.pb_decode_varint32
                0x0006fc7c       0xa4 ./_debug/pb_decode.o
 .text.pb_decode_varint
                0x0006fd20       0xac ./_debug/pb_decode.o
                0x0006fd20                pb_decode_varint
 .text.pb_skip_varint
                0x0006fdcc       0x3c ./_debug/pb_decode.o
 .text.pb_skip_string
                0x0006fe08       0x38 ./_debug/pb_decode.o
 .text.pb_decode_tag
                0x0006fe40       0x78 ./_debug/pb_decode.o
                0x0006fe40                pb_decode_tag
 .text.pb_skip_field
                0x0006feb8       0x70 ./_debug/pb_decode.o
                0x0006feb8                pb_skip_field
 .text.read_raw_value
                0x0006ff28       0xa4 ./_debug/pb_decode.o
 .text.pb_make_string_substream
                0x0006ffcc       0x58 ./_debug/pb_decode.o
                0x0006ffcc                pb_make_string_substream
 .text.pb_close_string_substream
                0x00070024       0x14 ./_debug/pb_decode.o
                0x00070024                pb_close_string_substream
 .text.decode_static_field
                0x00070038      0x1d4 ./_debug/pb_decode.o
 .text.decode_pointer_field
                0x0007020c       0x14 ./_debug/pb_decode.o
 .text.decode_callback_field
                0x00070220       0xe0 ./_debug/pb_decode.o
 .text.decode_field
                0x00070300       0x64 ./_debug/pb_decode.o
 .text.iter_from_extension
                0x00070364       0x4c ./_debug/pb_decode.o
 .text.default_extension_decoder
                0x000703b0       0x50 ./_debug/pb_decode.o
 .text.decode_extension
                0x00070400       0x88 ./_debug/pb_decode.o
 .text.find_extension_field
                0x00070488       0x38 ./_debug/pb_decode.o
 .text.pb_field_set_to_default
                0x000704c0      0x13c ./_debug/pb_decode.o
 .text.pb_message_set_to_defaults
                0x000705fc       0x3c ./_debug/pb_decode.o
 .text.pb_decode_noinit
                0x00070638      0x204 ./_debug/pb_decode.o
                0x00070638                pb_decode_noinit
 .text.pb_decode
                0x0007083c       0x30 ./_debug/pb_decode.o
                0x0007083c                pb_decode
 .text.pb_decode_svarint
                0x0007086c       0x70 ./_debug/pb_decode.o
                0x0007086c                pb_decode_svarint
 .text.pb_decode_fixed32
                0x000708dc       0x50 ./_debug/pb_decode.o
                0x000708dc                pb_decode_fixed32
 .text.pb_decode_fixed64
                0x0007092c      0x114 ./_debug/pb_decode.o
                0x0007092c                pb_decode_fixed64
 .text.pb_dec_varint
                0x00070a40       0xe4 ./_debug/pb_decode.o
 .text.pb_dec_uvarint
                0x00070b24       0xc8 ./_debug/pb_decode.o
 .text.pb_dec_svarint
                0x00070bec       0xc8 ./_debug/pb_decode.o
 .text.pb_dec_fixed32
                0x00070cb4       0x1c ./_debug/pb_decode.o
 .text.pb_dec_fixed64
                0x00070cd0       0x1c ./_debug/pb_decode.o
 .text.pb_dec_bytes
                0x00070cec       0x88 ./_debug/pb_decode.o
 .text.pb_dec_string
                0x00070d74       0x80 ./_debug/pb_decode.o
 .text.pb_dec_submessage
                0x00070df4       0x80 ./_debug/pb_decode.o
 .text.NVIC_SystemReset
                0x00070e74       0x24 ./_debug/main.o
 .text.nrf_gpio_pin_port_decode
                0x00070e98       0x10 ./_debug/main.o
 .text.nrf_gpio_cfg
                0x00070ea8       0x60 ./_debug/main.o
 .text.nrf_gpio_cfg_sense_input
                0x00070f08       0x30 ./_debug/main.o
 .text.nrf_gpio_pin_clear
                0x00070f38       0x28 ./_debug/main.o
 .text.nrf_gpio_port_out_clear
                0x00070f60       0x14 ./_debug/main.o
 .text.app_error_fault_handler
                0x00070f74       0x14 ./_debug/main.o
                0x00070f74                app_error_fault_handler
 .text.app_error_handler_bare
                0x00070f88       0x10 ./_debug/main.o
                0x00070f88                app_error_handler_bare
 .text.buttons_init
                0x00070f98       0x10 ./_debug/main.o
 .text.main     0x00070fa8       0x3c ./_debug/main.o
                0x00070fa8                main
 .text.nrf_gpio_pin_port_decode
                0x00070fe4       0x10 ./_debug/thingy_dfu.o
 .text.nrf_gpio_cfg
                0x00070ff4       0x60 ./_debug/thingy_dfu.o
 .text.nrf_gpio_cfg_output
                0x00071054       0x20 ./_debug/thingy_dfu.o
 .text.nrf_gpio_cfg_sense_input
                0x00071074       0x30 ./_debug/thingy_dfu.o
 .text.nrf_gpio_pin_set
                0x000710a4       0x28 ./_debug/thingy_dfu.o
 .text.nrf_gpio_pin_read
                0x000710cc       0x2c ./_debug/thingy_dfu.o
 .text.nrf_gpio_port_in_read
                0x000710f8       0x10 ./_debug/thingy_dfu.o
 .text.nrf_gpio_port_out_set
                0x00071108       0x14 ./_debug/thingy_dfu.o
 .text.leds_init
                0x0007111c       0x28 ./_debug/thingy_dfu.o
 .text.leds_on  0x00071144       0x10 ./_debug/thingy_dfu.o
 .text.nrf_dfu_enter_check
                0x00071154       0x78 ./_debug/thingy_dfu.o
                0x00071154                nrf_dfu_enter_check
 .text.nrf_dfu_init_user
                0x000711cc       0x30 ./_debug/thingy_dfu.o
                0x000711cc                nrf_dfu_init_user
 .text.NVIC_SystemReset
                0x000711fc       0x24 ./_debug/dfu_req_handling.o
 .text.reset_device
                0x00071220        0xc ./_debug/dfu_req_handling.o
 .text.on_dfu_complete
                0x0007122c       0x2c ./_debug/dfu_req_handling.o
 .text.nrf_dfu_req_handler_reset_if_dfu_complete
                0x00071258       0x28 ./_debug/dfu_req_handling.o
                0x00071258                nrf_dfu_req_handler_reset_if_dfu_complete
 .text.dfu_data_write_handler
                0x00071280       0x1c ./_debug/dfu_req_handling.o
 .text.pb_decoding_callback
                0x0007129c       0x50 ./_debug/dfu_req_handling.o
 .text.dfu_handle_prevalidate
                0x000712ec      0x380 ./_debug/dfu_req_handling.o
 .text.nrf_dfu_postvalidate
                0x0007166c      0x2a8 ./_debug/dfu_req_handling.o
 .text.dfu_handle_signed_command
                0x00071914       0x60 ./_debug/dfu_req_handling.o
 .text.dfu_handle_command
                0x00071974       0x18 ./_debug/dfu_req_handling.o
 .text.dfu_decode_commmand
                0x0007198c       0x70 ./_debug/dfu_req_handling.o
 .text.nrf_dfu_command_req
                0x000719fc      0x1e0 ./_debug/dfu_req_handling.o
 .text.nrf_dfu_data_req
                0x00071bdc      0x4d4 ./_debug/dfu_req_handling.o
 .text.nrf_dfu_req_handler_init
                0x000720b0       0xb4 ./_debug/dfu_req_handling.o
                0x000720b0                nrf_dfu_req_handler_init
 .text.nrf_dfu_req_handler_on_req
                0x00072164       0x8c ./_debug/dfu_req_handling.o
                0x00072164                nrf_dfu_req_handler_on_req
 .text.nrf_delay_us
                0x000721f0       0x9c ./_debug/drv_ext_gpio.o
 .text.nrf_delay_ms
                0x0007228c       0x1c ./_debug/drv_ext_gpio.o
 .text.drv_ext_gpio_cfg
                0x000722a8      0x2f4 ./_debug/drv_ext_gpio.o
                0x000722a8                drv_ext_gpio_cfg
 .text.drv_ext_gpio_reset
                0x0007259c       0x5c ./_debug/drv_ext_gpio.o
                0x0007259c                drv_ext_gpio_reset
 .text.drv_ext_gpio_reg_data_init
                0x000725f8       0x68 ./_debug/drv_ext_gpio.o
                0x000725f8                drv_ext_gpio_reg_data_init
 .text.drv_ext_gpio_init
                0x00072660       0x48 ./_debug/drv_ext_gpio.o
                0x00072660                drv_ext_gpio_init
 .text.nrf_gpio_pin_port_decode
                0x000726a8       0x10 ./_debug/drv_ext_light.o
 .text.nrf_gpio_cfg
                0x000726b8       0x60 ./_debug/drv_ext_light.o
 .text.nrf_gpio_cfg_output
                0x00072718       0x20 ./_debug/drv_ext_light.o
 .text.nrf_gpio_pin_set
                0x00072738       0x28 ./_debug/drv_ext_light.o
 .text.nrf_gpio_pin_clear
                0x00072760       0x28 ./_debug/drv_ext_light.o
 .text.nrf_gpio_port_out_set
                0x00072788       0x14 ./_debug/drv_ext_light.o
 .text.nrf_gpio_port_out_clear
                0x0007279c       0x14 ./_debug/drv_ext_light.o
 .text.nrf_delay_us
                0x000727b0       0x9c ./_debug/drv_ext_light.o
 .text.m_is_rgb_light
                0x0007284c       0x24 ./_debug/drv_ext_light.o
 .text.m_is_monochrome_light
                0x00072870       0x24 ./_debug/drv_ext_light.o
 .text.m_pin_within_range_check
                0x00072894       0x1c ./_debug/drv_ext_light.o
 .text.m_port_mask_create
                0x000728b0       0xf0 ./_debug/drv_ext_light.o
 .text.m_osc_on_margin_calculate
                0x000729a0       0x28 ./_debug/drv_ext_light.o
 .text.m_led_driver_sequence_restart
                0x000729c8       0x44 ./_debug/drv_ext_light.o
 .text.ioext_osc_start_stop
                0x00072a0c      0x108 ./_debug/drv_ext_light.o
 .text.m_ioext_osc_status_change
                0x00072b14       0xb8 ./_debug/drv_ext_light.o
 .text.m_light_timer_handler
                0x00072bcc      0x234 ./_debug/drv_ext_light.o
 .text.m_io_ext_oper_mode_chk
                0x00072e00       0xf4 ./_debug/drv_ext_light.o
 .text.m_ioext_led_drv_ctrl
                0x00072ef4      0x180 ./_debug/drv_ext_light.o
 .text.m_ioext_color_select_cmd_send
                0x00073074      0x11c ./_debug/drv_ext_light.o
 .text.m_ioext_cmd_process
                0x00073190      0x320 ./_debug/drv_ext_light.o
 .text.io_extender_counters_resync
                0x000734b0       0x24 ./_debug/drv_ext_light.o
                0x000734b0                io_extender_counters_resync
 .text.drv_ext_light_rgb_sequence
                0x000734d4       0x60 ./_debug/drv_ext_light.o
                0x000734d4                drv_ext_light_rgb_sequence
 .text.drv_ext_light_init
                0x00073534      0x394 ./_debug/drv_ext_light.o
                0x00073534                drv_ext_light_init
 .text.nrf_delay_us
                0x000738c8       0x9c ./_debug/drv_sx1509.o
 .text.nrf_delay_ms
                0x00073964       0x1c ./_debug/drv_sx1509.o
 .text.m_onoffcfgx_base_addr_get
                0x00073980       0x84 ./_debug/drv_sx1509.o
 .text.m_risefallcfgx_base_addr_get
                0x00073a04       0x5c ./_debug/drv_sx1509.o
 .text.reg_set  0x00073a60       0x6c ./_debug/drv_sx1509.o
 .text.reg_get  0x00073acc       0x68 ./_debug/drv_sx1509.o
 .text.register_bits_modify
                0x00073b34       0xd4 ./_debug/drv_sx1509.o
 .text.multi_byte_register_set
                0x00073c08       0x58 ./_debug/drv_sx1509.o
 .text.drv_sx1509_init
                0x00073c60        0xc ./_debug/drv_sx1509.o
                0x00073c60                drv_sx1509_init
 .text.drv_sx1509_open
                0x00073c6c       0x4c ./_debug/drv_sx1509.o
                0x00073c6c                drv_sx1509_open
 .text.drv_sx1509_inpbufdisable_modify
                0x00073cb8       0x84 ./_debug/drv_sx1509.o
                0x00073cb8                drv_sx1509_inpbufdisable_modify
 .text.drv_sx1509_longslewrate_modify
                0x00073d3c       0x84 ./_debug/drv_sx1509.o
                0x00073d3c                drv_sx1509_longslewrate_modify
 .text.drv_sx1509_pullup_modify
                0x00073dc0       0x84 ./_debug/drv_sx1509.o
                0x00073dc0                drv_sx1509_pullup_modify
 .text.drv_sx1509_pulldown_modify
                0x00073e44       0x84 ./_debug/drv_sx1509.o
                0x00073e44                drv_sx1509_pulldown_modify
 .text.drv_sx1509_opendrain_modify
                0x00073ec8       0x84 ./_debug/drv_sx1509.o
                0x00073ec8                drv_sx1509_opendrain_modify
 .text.drv_sx1509_dir_modify
                0x00073f4c       0x84 ./_debug/drv_sx1509.o
                0x00073f4c                drv_sx1509_dir_modify
 .text.drv_sx1509_data_set
                0x00073fd0       0x50 ./_debug/drv_sx1509.o
                0x00073fd0                drv_sx1509_data_set
 .text.drv_sx1509_data_modify
                0x00074020       0x84 ./_debug/drv_sx1509.o
                0x00074020                drv_sx1509_data_modify
 .text.drv_sx1509_clock_modify
                0x000740a4       0x84 ./_debug/drv_sx1509.o
                0x000740a4                drv_sx1509_clock_modify
 .text.drv_sx1509_misc_modify
                0x00074128       0x68 ./_debug/drv_sx1509.o
                0x00074128                drv_sx1509_misc_modify
 .text.drv_sx1509_leddriverenable_modify
                0x00074190       0x84 ./_debug/drv_sx1509.o
                0x00074190                drv_sx1509_leddriverenable_modify
 .text.drv_sx1509_onoffcfgx_modify
                0x00074214       0xd8 ./_debug/drv_sx1509.o
                0x00074214                drv_sx1509_onoffcfgx_modify
 .text.drv_sx1509_risefallcfgx_modify
                0x000742ec       0xc8 ./_debug/drv_sx1509.o
                0x000742ec                drv_sx1509_risefallcfgx_modify
 .text.drv_sx1509_reset
                0x000743b4       0x58 ./_debug/drv_sx1509.o
                0x000743b4                drv_sx1509_reset
 .text.drv_sx1509_close
                0x0007440c       0x38 ./_debug/drv_sx1509.o
                0x0007440c                drv_sx1509_close
 .text.nrf_delay_us
                0x00074444       0x9c ./_debug/support_func.o
 .text.nrf_delay_ms
                0x000744e0       0x1c ./_debug/support_func.o
 .text.nrf_gpio_pin_port_decode
                0x000744fc       0x10 ./_debug/support_func.o
 .text.nrf_gpio_cfg
                0x0007450c       0x60 ./_debug/support_func.o
 .text.nrf_gpio_cfg_output
                0x0007456c       0x20 ./_debug/support_func.o
 .text.nrf_gpio_pin_set
                0x0007458c       0x28 ./_debug/support_func.o
 .text.nrf_gpio_pin_clear
                0x000745b4       0x28 ./_debug/support_func.o
 .text.nrf_gpio_port_out_set
                0x000745dc       0x14 ./_debug/support_func.o
 .text.nrf_gpio_port_out_clear
                0x000745f0       0x14 ./_debug/support_func.o
 .text.ioext_pin_cfg
                0x00074604       0x48 ./_debug/support_func.o
 .text.nrf_pin_cfg
                0x0007464c       0x74 ./_debug/support_func.o
 .text.configure_default_ioext_gpio_state
                0x000746c0      0x134 ./_debug/support_func.o
 .text.configure_default_nrf_gpio_state
                0x000747f4       0x74 ./_debug/support_func.o
 .text.support_func_configure_io_startup
                0x00074868       0x58 ./_debug/support_func.o
                0x00074868                support_func_configure_io_startup
 .text.sx150x_led_drv_calc_fade_supp
                0x000748c0       0x50 ./_debug/sx150x_led_drv_calc.o
                0x000748c0                sx150x_led_drv_calc_fade_supp
 .text.diff_above_limit
                0x00074910       0x6c ./_debug/sx150x_led_drv_calc.o
 .text.optimal_time_settings_onoff_calculate
                0x0007497c      0x37c ./_debug/sx150x_led_drv_calc.o
 .text.optimal_time_settings_risefall_calculate
                0x00074cf8      0x49c ./_debug/sx150x_led_drv_calc.o
 .text.sx150x_led_drv_calc_convert
                0x00075194       0xfc ./_debug/sx150x_led_drv_calc.o
                0x00075194                sx150x_led_drv_calc_convert
 .text.sx150x_led_drv_calc_init
                0x00075290       0x38 ./_debug/sx150x_led_drv_calc.o
                0x00075290                sx150x_led_drv_calc_init
 .text.twi_manager_request
                0x000752c8       0x5c ./_debug/twi_manager.o
                0x000752c8                twi_manager_request
 .text.bcopy    0x00075324        0xc ../../../../external/sdk13/components/../external/micro-ecc/nrf52_armgcc/armgcc/micro_ecc_lib_nrf52.a(micro_ecc_lib_uECC.c.o)
 .text.uECC_vli_cmp_unsafe
                0x00075330       0x2a ../../../../external/sdk13/components/../external/micro-ecc/nrf52_armgcc/armgcc/micro_ecc_lib_nrf52.a(micro_ecc_lib_uECC.c.o)
 *fill*         0x0007535a        0x6 
 .text.uECC_vli_add
                0x00075360       0x58 ../../../../external/sdk13/components/../external/micro-ecc/nrf52_armgcc/armgcc/micro_ecc_lib_nrf52.a(micro_ecc_lib_uECC.c.o)
                0x00075360                uECC_vli_add
 *fill*         0x000753b8        0x8 
 .text.uECC_vli_sub
                0x000753c0       0x60 ../../../../external/sdk13/components/../external/micro-ecc/nrf52_armgcc/armgcc/micro_ecc_lib_nrf52.a(micro_ecc_lib_uECC.c.o)
                0x000753c0                uECC_vli_sub
 .text.uECC_vli_mult
                0x00075420      0x312 ../../../../external/sdk13/components/../external/micro-ecc/nrf52_armgcc/armgcc/micro_ecc_lib_nrf52.a(micro_ecc_lib_uECC.c.o)
                0x00075420                uECC_vli_mult
 .text.uECC_vli_square
                0x00075732      0x28c ../../../../external/sdk13/components/../external/micro-ecc/nrf52_armgcc/armgcc/micro_ecc_lib_nrf52.a(micro_ecc_lib_uECC.c.o)
                0x00075732                uECC_vli_square
 .text.uECC_vli_clear
                0x000759be       0x18 ../../../../external/sdk13/components/../external/micro-ecc/nrf52_armgcc/armgcc/micro_ecc_lib_nrf52.a(micro_ecc_lib_uECC.c.o)
                0x000759be                uECC_vli_clear
 .text.bits2int
                0x000759d6       0x88 ../../../../external/sdk13/components/../external/micro-ecc/nrf52_armgcc/armgcc/micro_ecc_lib_nrf52.a(micro_ecc_lib_uECC.c.o)
 .text.uECC_vli_isZero
                0x00075a5e       0x1e ../../../../external/sdk13/components/../external/micro-ecc/nrf52_armgcc/armgcc/micro_ecc_lib_nrf52.a(micro_ecc_lib_uECC.c.o)
                0x00075a5e                uECC_vli_isZero
 .text.uECC_vli_testBit
                0x00075a7c       0x12 ../../../../external/sdk13/components/../external/micro-ecc/nrf52_armgcc/armgcc/micro_ecc_lib_nrf52.a(micro_ecc_lib_uECC.c.o)
                0x00075a7c                uECC_vli_testBit
 .text.uECC_vli_numBits
                0x00075a8e       0x44 ../../../../external/sdk13/components/../external/micro-ecc/nrf52_armgcc/armgcc/micro_ecc_lib_nrf52.a(micro_ecc_lib_uECC.c.o)
                0x00075a8e                uECC_vli_numBits
 .text.uECC_vli_set
                0x00075ad2       0x1a ../../../../external/sdk13/components/../external/micro-ecc/nrf52_armgcc/armgcc/micro_ecc_lib_nrf52.a(micro_ecc_lib_uECC.c.o)
                0x00075ad2                uECC_vli_set
 .text.vli_mmod_fast_secp256r1
                0x00075aec      0x1b0 ../../../../external/sdk13/components/../external/micro-ecc/nrf52_armgcc/armgcc/micro_ecc_lib_nrf52.a(micro_ecc_lib_uECC.c.o)
 .text.uECC_vli_equal
                0x00075c9c       0x2a ../../../../external/sdk13/components/../external/micro-ecc/nrf52_armgcc/armgcc/micro_ecc_lib_nrf52.a(micro_ecc_lib_uECC.c.o)
                0x00075c9c                uECC_vli_equal
 .text.uECC_vli_rshift1
                0x00075cc6       0x1a ../../../../external/sdk13/components/../external/micro-ecc/nrf52_armgcc/armgcc/micro_ecc_lib_nrf52.a(micro_ecc_lib_uECC.c.o)
                0x00075cc6                uECC_vli_rshift1
 .text.vli_modInv_update
                0x00075ce0       0x3a ../../../../external/sdk13/components/../external/micro-ecc/nrf52_armgcc/armgcc/micro_ecc_lib_nrf52.a(micro_ecc_lib_uECC.c.o)
 .text.uECC_vli_modAdd
                0x00075d1a       0x32 ../../../../external/sdk13/components/../external/micro-ecc/nrf52_armgcc/armgcc/micro_ecc_lib_nrf52.a(micro_ecc_lib_uECC.c.o)
                0x00075d1a                uECC_vli_modAdd
 .text.uECC_vli_modSub
                0x00075d4c       0x24 ../../../../external/sdk13/components/../external/micro-ecc/nrf52_armgcc/armgcc/micro_ecc_lib_nrf52.a(micro_ecc_lib_uECC.c.o)
                0x00075d4c                uECC_vli_modSub
 .text.uECC_vli_mmod
                0x00075d70      0x13c ../../../../external/sdk13/components/../external/micro-ecc/nrf52_armgcc/armgcc/micro_ecc_lib_nrf52.a(micro_ecc_lib_uECC.c.o)
                0x00075d70                uECC_vli_mmod
 .text.uECC_vli_modMult
                0x00075eac       0x24 ../../../../external/sdk13/components/../external/micro-ecc/nrf52_armgcc/armgcc/micro_ecc_lib_nrf52.a(micro_ecc_lib_uECC.c.o)
                0x00075eac                uECC_vli_modMult
 .text.uECC_vli_modMult_fast
                0x00075ed0       0x20 ../../../../external/sdk13/components/../external/micro-ecc/nrf52_armgcc/armgcc/micro_ecc_lib_nrf52.a(micro_ecc_lib_uECC.c.o)
                0x00075ed0                uECC_vli_modMult_fast
 .text.uECC_vli_modSquare_fast
                0x00075ef0       0x20 ../../../../external/sdk13/components/../external/micro-ecc/nrf52_armgcc/armgcc/micro_ecc_lib_nrf52.a(micro_ecc_lib_uECC.c.o)
                0x00075ef0                uECC_vli_modSquare_fast
 .text.x_side_default
                0x00075f10       0x5a ../../../../external/sdk13/components/../external/micro-ecc/nrf52_armgcc/armgcc/micro_ecc_lib_nrf52.a(micro_ecc_lib_uECC.c.o)
 .text.double_jacobian_default
                0x00075f6a      0x154 ../../../../external/sdk13/components/../external/micro-ecc/nrf52_armgcc/armgcc/micro_ecc_lib_nrf52.a(micro_ecc_lib_uECC.c.o)
 .text.XYcZ_add
                0x000760be       0xca ../../../../external/sdk13/components/../external/micro-ecc/nrf52_armgcc/armgcc/micro_ecc_lib_nrf52.a(micro_ecc_lib_uECC.c.o)
 .text.apply_z  0x00076188       0x3e ../../../../external/sdk13/components/../external/micro-ecc/nrf52_armgcc/armgcc/micro_ecc_lib_nrf52.a(micro_ecc_lib_uECC.c.o)
 .text.uECC_vli_modInv
                0x000761c6      0x10c ../../../../external/sdk13/components/../external/micro-ecc/nrf52_armgcc/armgcc/micro_ecc_lib_nrf52.a(micro_ecc_lib_uECC.c.o)
                0x000761c6                uECC_vli_modInv
 *fill*         0x000762d2        0x2 
 .text.uECC_secp256r1
                0x000762d4        0x8 ../../../../external/sdk13/components/../external/micro-ecc/nrf52_armgcc/armgcc/micro_ecc_lib_nrf52.a(micro_ecc_lib_uECC.c.o)
                0x000762d4                uECC_secp256r1
 .text.uECC_verify
                0x000762dc      0x2d4 ../../../../external/sdk13/components/../external/micro-ecc/nrf52_armgcc/armgcc/micro_ecc_lib_nrf52.a(micro_ecc_lib_uECC.c.o)
                0x000762dc                uECC_verify
 .text.abs      0x000765b0        0x8 /usr/local/gcc-arm-none-eabi-4_9-2015q3/bin/../lib/gcc/arm-none-eabi/4.9.3/../../../../arm-none-eabi/lib/armv7e-m/fpu/libc_nano.a(lib_a-abs.o)
                0x000765b0                abs
 .text.exit     0x000765b8       0x28 /usr/local/gcc-arm-none-eabi-4_9-2015q3/bin/../lib/gcc/arm-none-eabi/4.9.3/../../../../arm-none-eabi/lib/armv7e-m/fpu/libc_nano.a(lib_a-exit.o)
                0x000765b8                exit
 .text.__libc_init_array
                0x000765e0       0x4c /usr/local/gcc-arm-none-eabi-4_9-2015q3/bin/../lib/gcc/arm-none-eabi/4.9.3/../../../../arm-none-eabi/lib/armv7e-m/fpu/libc_nano.a(lib_a-init.o)
                0x000765e0                __libc_init_array
 .text.memcmp   0x0007662c       0x20 /usr/local/gcc-arm-none-eabi-4_9-2015q3/bin/../lib/gcc/arm-none-eabi/4.9.3/../../../../arm-none-eabi/lib/armv7e-m/fpu/libc_nano.a(lib_a-memcmp.o)
                0x0007662c                memcmp
 .text.memcpy   0x0007664c       0x16 /usr/local/gcc-arm-none-eabi-4_9-2015q3/bin/../lib/gcc/arm-none-eabi/4.9.3/../../../../arm-none-eabi/lib/armv7e-m/fpu/libc_nano.a(lib_a-memcpy.o)
                0x0007664c                memcpy
 .text.memset   0x00076662       0x10 /usr/local/gcc-arm-none-eabi-4_9-2015q3/bin/../lib/gcc/arm-none-eabi/4.9.3/../../../../arm-none-eabi/lib/armv7e-m/fpu/libc_nano.a(lib_a-memset.o)
                0x00076662                memset
 .text.strlen   0x00076672       0x10 /usr/local/gcc-arm-none-eabi-4_9-2015q3/bin/../lib/gcc/arm-none-eabi/4.9.3/../../../../arm-none-eabi/lib/armv7e-m/fpu/libc_nano.a(lib_a-strlen.o)
                0x00076672                strlen
 *fill*         0x00076682        0x2 
 .text._exit    0x00076684        0x4 /usr/local/gcc-arm-none-eabi-4_9-2015q3/bin/../lib/gcc/arm-none-eabi/4.9.3/../../../../arm-none-eabi/lib/armv7e-m/fpu/libnosys.a(_exit.o)
                0x00076684                _exit
 .text.round    0x00076688       0xa8 /usr/local/gcc-arm-none-eabi-4_9-2015q3/bin/../lib/gcc/arm-none-eabi/4.9.3/../../../../arm-none-eabi/lib/armv7e-m/fpu/libm.a(lib_a-s_round.o)
                0x00076688                round
 .text          0x00076730      0x370 /usr/local/gcc-arm-none-eabi-4_9-2015q3/bin/../lib/gcc/arm-none-eabi/4.9.3/armv7e-m/fpu/libgcc.a(_arm_addsubdf3.o)
                0x00076730                __aeabi_drsub
                0x00076738                __aeabi_dsub
                0x00076738                __subdf3
                0x0007673c                __adddf3
                0x0007673c                __aeabi_dadd
                0x000769b4                __aeabi_ui2d
                0x000769b4                __floatunsidf
                0x000769d4                __floatsidf
                0x000769d4                __aeabi_i2d
                0x000769f8                __extendsfdf2
                0x000769f8                __aeabi_f2d
                0x00076a34                __aeabi_ul2d
                0x00076a34                __floatundidf
                0x00076a44                __floatdidf
                0x00076a44                __aeabi_l2d
 .text          0x00076aa0       0x40 /usr/local/gcc-arm-none-eabi-4_9-2015q3/bin/../lib/gcc/arm-none-eabi/4.9.3/armv7e-m/fpu/libgcc.a(_arm_fixunsdfsi.o)
                0x00076aa0                __fixunsdfsi
                0x00076aa0                __aeabi_d2uiz
 .text          0x00076ae0       0x30 /usr/local/gcc-arm-none-eabi-4_9-2015q3/bin/../lib/gcc/arm-none-eabi/4.9.3/armv7e-m/fpu/libgcc.a(_aeabi_uldivmod.o)
                0x00076ae0                __aeabi_uldivmod
 .text          0x00076b10       0x60 /usr/local/gcc-arm-none-eabi-4_9-2015q3/bin/../lib/gcc/arm-none-eabi/4.9.3/armv7e-m/fpu/libgcc.a(bpabi.o)
                0x00076b10                __gnu_ldivmod_helper
                0x00076b40                __gnu_uldivmod_helper
 .text          0x00076b70        0x4 /usr/local/gcc-arm-none-eabi-4_9-2015q3/bin/../lib/gcc/arm-none-eabi/4.9.3/armv7e-m/fpu/libgcc.a(_dvmd_tls.o)
                0x00076b70                __aeabi_ldiv0
                0x00076b70                __aeabi_idiv0
 .text          0x00076b74      0x29c /usr/local/gcc-arm-none-eabi-4_9-2015q3/bin/../lib/gcc/arm-none-eabi/4.9.3/armv7e-m/fpu/libgcc.a(_divdi3.o)
                0x00076b74                __divdi3
 .text          0x00076e10      0x26c /usr/local/gcc-arm-none-eabi-4_9-2015q3/bin/../lib/gcc/arm-none-eabi/4.9.3/armv7e-m/fpu/libgcc.a(_udivdi3.o)
                0x00076e10                __udivdi3
 *(.init)
 .init          0x0007707c        0x4 /usr/local/gcc-arm-none-eabi-4_9-2015q3/bin/../lib/gcc/arm-none-eabi/4.9.3/armv7e-m/fpu/crti.o
                0x0007707c                _init
 .init          0x00077080        0x8 /usr/local/gcc-arm-none-eabi-4_9-2015q3/bin/../lib/gcc/arm-none-eabi/4.9.3/armv7e-m/fpu/crtn.o
 *(.fini)
 .fini          0x00077088        0x4 /usr/local/gcc-arm-none-eabi-4_9-2015q3/bin/../lib/gcc/arm-none-eabi/4.9.3/armv7e-m/fpu/crti.o
                0x00077088                _fini
 .fini          0x0007708c        0x8 /usr/local/gcc-arm-none-eabi-4_9-2015q3/bin/../lib/gcc/arm-none-eabi/4.9.3/armv7e-m/fpu/crtn.o
 *crtbegin.o(.ctors)
 *crtbegin?.o(.ctors)
 *(EXCLUDE_FILE(*crtend.o *crtend?.o) .ctors)
 *(SORT(.ctors.*))
 *(.ctors)
 *crtbegin.o(.dtors)
 *crtbegin?.o(.dtors)
 *(EXCLUDE_FILE(*crtend.o *crtend?.o) .dtors)
 *(SORT(.dtors.*))
 *(.dtors)
 *(.rodata*)
 .rodata.m_conn_params_timer_id
                0x00077094        0x4 ./_debug/ble_conn_params.o
 .rodata.m_rand_pool
                0x00077098       0x14 ./_debug/nrf_drv_rng.o
 .rodata        0x000770ac       0x20 ./_debug/nrf_ble_dfu.o
 .rodata.nrf_dfu_utils_reset_delay_timer
                0x000770cc        0x4 ./_debug/nrf_dfu_utils.o
                0x000770cc                nrf_dfu_utils_reset_delay_timer
 .rodata.k      0x000770d0      0x100 ./_debug/sha256.o
 .rodata.PB_DECODERS
                0x000771d0       0x24 ./_debug/pb_decode.o
 .rodata.pk     0x000771f4       0x40 ./_debug/dfu_public_key.o
                0x000771f4                pk
 .rodata.m_twi_sensors
                0x00077234        0x8 ./_debug/thingy_dfu.o
 .rodata.led_config
                0x0007723c       0x10 ./_debug/thingy_dfu.o
 .rodata.twi_config
                0x0007724c       0x10 ./_debug/thingy_dfu.o
 .rodata.sx1509_cfg
                0x0007725c        0xc ./_debug/thingy_dfu.o
 .rodata.ext_gpio_init
                0x00077268        0x4 ./_debug/thingy_dfu.o
 .rodata.led_init.8930
                0x0007726c       0x10 ./_debug/thingy_dfu.o
 .rodata.dfu_init_command_is_debug_default
                0x0007727c        0x1 ./_debug/dfu-cc.pb.o
                0x0007727c                dfu_init_command_is_debug_default
 *fill*         0x0007727d        0x3 
 .rodata.dfu_hash_fields
                0x00077280       0x24 ./_debug/dfu-cc.pb.o
                0x00077280                dfu_hash_fields
 .rodata.dfu_init_command_fields
                0x000772a4       0x78 ./_debug/dfu-cc.pb.o
                0x000772a4                dfu_init_command_fields
 .rodata.dfu_reset_command_fields
                0x0007731c       0x18 ./_debug/dfu-cc.pb.o
                0x0007731c                dfu_reset_command_fields
 .rodata.dfu_command_fields
                0x00077334       0x30 ./_debug/dfu-cc.pb.o
                0x00077334                dfu_command_fields
 .rodata.dfu_signed_command_fields
                0x00077364       0x30 ./_debug/dfu-cc.pb.o
                0x00077364                dfu_signed_command_fields
 .rodata.dfu_packet_fields
                0x00077394       0x24 ./_debug/dfu-cc.pb.o
                0x00077394                dfu_packet_fields
 .rodata.hash_info_sha256
                0x000773b8        0x2 ./_debug/dfu_req_handling.o
                0x000773b8                hash_info_sha256
 *fill*         0x000773ba        0x2 
 .rodata.sig_info_p256
                0x000773bc        0x3 ./_debug/dfu_req_handling.o
                0x000773bc                sig_info_p256
 *fill*         0x000773bf        0x1 
 .rodata.m_ioext_osc_status_use_matrix
                0x000773c0        0x4 ./_debug/drv_ext_light.o
 .rodata        0x000773c4        0x3 ./_debug/drv_ext_light.o
 *fill*         0x000773c7        0x1 
 .rodata        0x000773c8        0x4 ./_debug/drv_sx1509.o
 .rodata        0x000773cc       0xcc ./_debug/support_func.o
 .rodata.curve_secp256r1
                0x00077498       0xb0 ../../../../external/sdk13/components/../external/micro-ecc/nrf52_armgcc/armgcc/micro_ecc_lib_nrf52.a(micro_ecc_lib_uECC.c.o)
 .rodata.str1.1
                0x00077548        0x2 /usr/local/gcc-arm-none-eabi-4_9-2015q3/bin/../lib/gcc/arm-none-eabi/4.9.3/../../../../arm-none-eabi/lib/armv7e-m/fpu/libc_nano.a(lib_a-impure.o)
 *fill*         0x0007754a        0x2 
 .rodata._global_impure_ptr
                0x0007754c        0x4 /usr/local/gcc-arm-none-eabi-4_9-2015q3/bin/../lib/gcc/arm-none-eabi/4.9.3/../../../../arm-none-eabi/lib/armv7e-m/fpu/libc_nano.a(lib_a-impure.o)
                0x0007754c                _global_impure_ptr
 *(.eh_frame*)
 .eh_frame      0x00077550        0x0 /usr/local/gcc-arm-none-eabi-4_9-2015q3/bin/../lib/gcc/arm-none-eabi/4.9.3/armv7e-m/fpu/crtbegin.o
 .eh_frame      0x00077550        0x4 /usr/local/gcc-arm-none-eabi-4_9-2015q3/bin/../lib/gcc/arm-none-eabi/4.9.3/armv7e-m/fpu/crtend.o

.glue_7         0x00077554        0x0
 .glue_7        0x00000000        0x0 linker stubs

.glue_7t        0x00077554        0x0
 .glue_7t       0x00000000        0x0 linker stubs

.vfp11_veneer   0x00077554        0x0
 .vfp11_veneer  0x00000000        0x0 linker stubs

.v4_bx          0x00077554        0x0
 .v4_bx         0x00000000        0x0 linker stubs

.iplt           0x00077554        0x0
 .iplt          0x00000000        0x0 /usr/local/gcc-arm-none-eabi-4_9-2015q3/bin/../lib/gcc/arm-none-eabi/4.9.3/armv7e-m/fpu/crtbegin.o

.ARM.extab
 *(.ARM.extab* .gnu.linkonce.armextab.*)
                0x00077554                __exidx_start = .

.ARM.exidx      0x00077554        0x8
 *(.ARM.exidx* .gnu.linkonce.armexidx.*)
 .ARM.exidx     0x00077554        0x8 /usr/local/gcc-arm-none-eabi-4_9-2015q3/bin/../lib/gcc/arm-none-eabi/4.9.3/../../../../arm-none-eabi/lib/armv7e-m/fpu/crt0.o
 .ARM.exidx     0x0007755c        0x0 /usr/local/gcc-arm-none-eabi-4_9-2015q3/bin/../lib/gcc/arm-none-eabi/4.9.3/armv7e-m/fpu/libgcc.a(_divdi3.o)
                                  0x8 (size before relaxing)
 .ARM.exidx     0x0007755c        0x0 /usr/local/gcc-arm-none-eabi-4_9-2015q3/bin/../lib/gcc/arm-none-eabi/4.9.3/armv7e-m/fpu/libgcc.a(_udivdi3.o)
                                  0x8 (size before relaxing)
                0x0007755c                __exidx_end = .
                0x0007755c                __etext = .

.data           0x20002c00       0xc4 load address 0x0007755c
                0x20002c00                __data_start__ = .
 *(vtable)
 *(.data*)
 .data.m_conn_handle
                0x20002c00        0x2 ./_debug/nrf_ble_dfu.o
 *fill*         0x20002c02        0x2 
 .data.SystemCoreClock
                0x20002c04        0x4 ./_debug/system_nrf52.o
                0x20002c04                SystemCoreClock
 .data.my_led_0
                0x20002c08        0x8 ./_debug/thingy_dfu.o
 .data.my_led_1
                0x20002c10        0x8 ./_debug/thingy_dfu.o
 .data.sequence.8935
                0x20002c18       0x1c ./_debug/thingy_dfu.o
 .data.crypto_key_pk
                0x20002c34        0x8 ./_debug/dfu_req_handling.o
 .data.crypto_sig
                0x20002c3c        0x8 ./_debug/dfu_req_handling.o
 .data.init_packet_hash
                0x20002c44        0x8 ./_debug/dfu_req_handling.o
 .data.fw_hash  0x20002c4c        0x8 ./_debug/dfu_req_handling.o
 .data.cur_obj_type.8259
                0x20002c54        0x1 ./_debug/dfu_req_handling.o
 .data.s_context_limit
                0x20002c55        0x1 ./_debug/twi_manager.o
 *fill*         0x20002c56        0x2 
 .data.impure_data
                0x20002c58       0x60 /usr/local/gcc-arm-none-eabi-4_9-2015q3/bin/../lib/gcc/arm-none-eabi/4.9.3/../../../../arm-none-eabi/lib/armv7e-m/fpu/libc_nano.a(lib_a-impure.o)
                0x20002cb8                . = ALIGN (0x4)
                0x20002cb8                PROVIDE (__preinit_array_start, .)
 *(.preinit_array)
                0x20002cb8                PROVIDE (__preinit_array_end, .)
                0x20002cb8                . = ALIGN (0x4)
                0x20002cb8                PROVIDE (__init_array_start, .)
 *(SORT(.init_array.*))
 *(.init_array)
 .init_array    0x20002cb8        0x4 /usr/local/gcc-arm-none-eabi-4_9-2015q3/bin/../lib/gcc/arm-none-eabi/4.9.3/armv7e-m/fpu/crtbegin.o
                0x20002cbc                PROVIDE (__init_array_end, .)
                0x20002cbc                . = ALIGN (0x4)
                0x20002cbc                PROVIDE (__fini_array_start, .)
 *(SORT(.fini_array.*))
 *(.fini_array)
 .fini_array    0x20002cbc        0x4 /usr/local/gcc-arm-none-eabi-4_9-2015q3/bin/../lib/gcc/arm-none-eabi/4.9.3/armv7e-m/fpu/crtbegin.o
                0x20002cc0                PROVIDE (__fini_array_end, .)
 *(.jcr*)
 .jcr           0x20002cc0        0x0 /usr/local/gcc-arm-none-eabi-4_9-2015q3/bin/../lib/gcc/arm-none-eabi/4.9.3/armv7e-m/fpu/crtbegin.o
 .jcr           0x20002cc0        0x4 /usr/local/gcc-arm-none-eabi-4_9-2015q3/bin/../lib/gcc/arm-none-eabi/4.9.3/armv7e-m/fpu/crtend.o
                0x20002cc4                . = ALIGN (0x4)
                0x20002cc4                __data_end__ = .
LOAD /usr/local/gcc-arm-none-eabi-4_9-2015q3/bin/../lib/gcc/arm-none-eabi/4.9.3/armv7e-m/fpu/crti.o
LOAD /usr/local/gcc-arm-none-eabi-4_9-2015q3/bin/../lib/gcc/arm-none-eabi/4.9.3/armv7e-m/fpu/crtbegin.o
LOAD /usr/local/gcc-arm-none-eabi-4_9-2015q3/bin/../lib/gcc/arm-none-eabi/4.9.3/../../../../arm-none-eabi/lib/armv7e-m/fpu/crt0.o
LOAD ./_debug/ble_advdata.o
LOAD ./_debug/ble_conn_params.o
LOAD ./_debug/ble_srv_common.o
LOAD ./_debug/boards.o
LOAD ./_debug/nrf_drv_common.o
LOAD ./_debug/nrf_nvmc.o
LOAD ./_debug/nrf_drv_rng.o
LOAD ./_debug/nrf_drv_twi.o
LOAD ./_debug/nrf_ble_dfu.o
LOAD ./_debug/nrf_dfu.o
LOAD ./_debug/nrf_dfu_flash.o
LOAD ./_debug/nrf_dfu_handling_error.o
LOAD ./_debug/nrf_dfu_mbr.o
LOAD ./_debug/nrf_dfu_settings.o
LOAD ./_debug/nrf_dfu_transport.o
LOAD ./_debug/nrf_dfu_utils.o
LOAD ./_debug/nrf_bootloader.o
LOAD ./_debug/nrf_bootloader_app_start.o
LOAD ./_debug/nrf_bootloader_app_start_asm.o
LOAD ./_debug/nrf_bootloader_info.o
LOAD ./_debug/crc32.o
LOAD ./_debug/micro_ecc_lib_ecdh.o
LOAD ./_debug/micro_ecc_lib_ecdsa.o
LOAD ./_debug/micro_ecc_lib_init.o
LOAD ./_debug/micro_ecc_lib_keys.o
LOAD ./_debug/micro_ecc_lib_shared.o
LOAD ./_debug/nrf_crypto_sw_hash.o
LOAD ./_debug/nrf_crypto_sw_rng.o
LOAD ./_debug/nrf_crypto_ecdh.o
LOAD ./_debug/nrf_crypto_ecdsa.o
LOAD ./_debug/nrf_crypto_hash.o
LOAD ./_debug/nrf_crypto_init.o
LOAD ./_debug/nrf_crypto_keys.o
LOAD ./_debug/nrf_crypto_mem.o
LOAD ./_debug/nrf_crypto_rng.o
LOAD ./_debug/fstorage.o
LOAD ./_debug/hci_mem_pool.o
LOAD ./_debug/mem_manager.o
LOAD ./_debug/nrf_queue.o
LOAD ./_debug/app_scheduler.o
LOAD ./_debug/sha256.o
LOAD ./_debug/nrf_strerror.o
LOAD ./_debug/app_timer.o
LOAD ./_debug/app_error_weak.o
LOAD ./_debug/app_util_platform.o
LOAD ./_debug/nrf_assert.o
LOAD ./_debug/softdevice_handler.o
LOAD ./_debug/softdevice_handler_appsh.o
LOAD ./_debug/gcc_startup_nrf52.o
LOAD ./_debug/system_nrf52.o
LOAD ./_debug/pb_common.o
LOAD ./_debug/pb_decode.o
LOAD ./_debug/dfu_public_key.o
LOAD ./_debug/main.o
LOAD ./_debug/segger_rtt_printf_override.o
LOAD ./_debug/thingy_dfu.o
LOAD ./_debug/dfu-cc.pb.o
LOAD ./_debug/dfu_req_handling.o
LOAD ./_debug/drv_ext_gpio.o
LOAD ./_debug/drv_ext_light.o
LOAD ./_debug/drv_sx1509.o
LOAD ./_debug/support_func.o
LOAD ./_debug/sx150x_led_drv_calc.o
LOAD ./_debug/twi_manager.o
LOAD ../../../../external/sdk13/components/../external/micro-ecc/nrf52_armgcc/armgcc/micro_ecc_lib_nrf52.a
LOAD /usr/local/gcc-arm-none-eabi-4_9-2015q3/bin/../lib/gcc/arm-none-eabi/4.9.3/../../../../arm-none-eabi/lib/armv7e-m/fpu/libc_nano.a
LOAD /usr/local/gcc-arm-none-eabi-4_9-2015q3/bin/../lib/gcc/arm-none-eabi/4.9.3/../../../../arm-none-eabi/lib/armv7e-m/fpu/libnosys.a
LOAD /usr/local/gcc-arm-none-eabi-4_9-2015q3/bin/../lib/gcc/arm-none-eabi/4.9.3/../../../../arm-none-eabi/lib/armv7e-m/fpu/libm.a
START GROUP
LOAD /usr/local/gcc-arm-none-eabi-4_9-2015q3/bin/../lib/gcc/arm-none-eabi/4.9.3/armv7e-m/fpu/libgcc.a
LOAD /usr/local/gcc-arm-none-eabi-4_9-2015q3/bin/../lib/gcc/arm-none-eabi/4.9.3/../../../../arm-none-eabi/lib/armv7e-m/fpu/libc_nano.a
END GROUP
START GROUP
LOAD /usr/local/gcc-arm-none-eabi-4_9-2015q3/bin/../lib/gcc/arm-none-eabi/4.9.3/armv7e-m/fpu/libgcc.a
LOAD /usr/local/gcc-arm-none-eabi-4_9-2015q3/bin/../lib/gcc/arm-none-eabi/4.9.3/../../../../arm-none-eabi/lib/armv7e-m/fpu/libc_nano.a
END GROUP
LOAD /usr/local/gcc-arm-none-eabi-4_9-2015q3/bin/../lib/gcc/arm-none-eabi/4.9.3/armv7e-m/fpu/crtend.o
LOAD /usr/local/gcc-arm-none-eabi-4_9-2015q3/bin/../lib/gcc/arm-none-eabi/4.9.3/armv7e-m/fpu/crtn.o
START GROUP
LOAD /usr/local/gcc-arm-none-eabi-4_9-2015q3/bin/../lib/gcc/arm-none-eabi/4.9.3/armv7e-m/fpu/libgcc.a
LOAD /usr/local/gcc-arm-none-eabi-4_9-2015q3/bin/../lib/gcc/arm-none-eabi/4.9.3/../../../../arm-none-eabi/lib/armv7e-m/fpu/libc.a
LOAD /usr/local/gcc-arm-none-eabi-4_9-2015q3/bin/../lib/gcc/arm-none-eabi/4.9.3/../../../../arm-none-eabi/lib/armv7e-m/fpu/libnosys.a
END GROUP

.igot.plt       0x20002cc4        0x0 load address 0x00077620
 .igot.plt      0x00000000        0x0 /usr/local/gcc-arm-none-eabi-4_9-2015q3/bin/../lib/gcc/arm-none-eabi/4.9.3/armv7e-m/fpu/crtbegin.o

.bootloaderSettings
                0x0007f000     0x1000
 .bootloaderSettings
                0x0007f000     0x1000 ./_debug/nrf_dfu_settings.o
                0x0007f000                m_dfu_settings_buffer

.uicrBootStartAddress
                0x10001014        0x4
 *(.uicrBootStartAddress)
 .uicrBootStartAddress
                0x10001014        0x4 ./_debug/nrf_bootloader_info.o
                0x10001014                m_uicr_bootloader_start_address

.mbrParamsPage

.uicrMbrParamsPageAddress
                0x10001018        0x4
 *(.uicrMbrParamsPageAddress)
 .uicrMbrParamsPageAddress
                0x10001018        0x4 ./_debug/nrf_dfu_settings.o
                0x10001018                m_uicr_mbr_params_page_address

.noinit
                0x1000101c                . = ALIGN (0x4)

.fs_data        0x20002cc4       0x10 load address 0x00077620
                0x20002cc4                PROVIDE (__start_fs_data, .)
 *(.fs_data)
 .fs_data       0x20002cc4       0x10 ./_debug/nrf_dfu_flash.o
                0x20002cd4                PROVIDE (__stop_fs_data, .)
                0x20002cd4                . = ALIGN (0x4)

.svc_data       0x20002cd4        0x0
                0x20002cd4                PROVIDE (__start_svc_data, .)
 *(.svc_data)
                0x20002cd4                PROVIDE (__stop_svc_data, .)
                0x20002cd4                . = ALIGN (0x4)

.dfu_trans      0x20002cd4        0x8 load address 0x00077630
                0x20002cd4                PROVIDE (__start_dfu_trans, .)
 *(.dfu_trans)
 .dfu_trans     0x20002cd4        0x8 ./_debug/nrf_ble_dfu.o
                0x20002cdc                PROVIDE (__stop_dfu_trans, .)

.rel.dyn        0x20002cdc        0x0 load address 0x00077638
 .rel.iplt      0x00000000        0x0 /usr/local/gcc-arm-none-eabi-4_9-2015q3/bin/../lib/gcc/arm-none-eabi/4.9.3/armv7e-m/fpu/crtbegin.o

.bss            0x20002cdc      0xda0 load address 0x00077638
                0x20002cdc                . = ALIGN (0x4)
                0x20002cdc                __bss_start__ = .
 *(.bss*)
 .bss           0x20002cdc       0x1c /usr/local/gcc-arm-none-eabi-4_9-2015q3/bin/../lib/gcc/arm-none-eabi/4.9.3/armv7e-m/fpu/crtbegin.o
 .bss.m_conn_params_config
                0x20002cf8       0x1c ./_debug/ble_conn_params.o
 .bss.m_preferred_conn_params
                0x20002d14        0x8 ./_debug/ble_conn_params.o
 .bss.m_update_count
                0x20002d1c        0x1 ./_debug/ble_conn_params.o
 *fill*         0x20002d1d        0x1 
 .bss.m_conn_handle
                0x20002d1e        0x2 ./_debug/ble_conn_params.o
 .bss.m_current_conn_params
                0x20002d20        0x8 ./_debug/ble_conn_params.o
 .bss.m_conn_params_timer_id_data
                0x20002d28       0x20 ./_debug/ble_conn_params.o
 .bss.m_change_param
                0x20002d48        0x1 ./_debug/ble_conn_params.o
 *fill*         0x20002d49        0x3 
 .bss.m_rand_pool_nrf_queue_buffer
                0x20002d4c       0x21 ./_debug/nrf_drv_rng.o
 *fill*         0x20002d6d        0x3 
 .bss.m_rand_pool_nrf_queue_cb
                0x20002d70        0xc ./_debug/nrf_drv_rng.o
 .bss.m_cb      0x20002d7c       0x28 ./_debug/nrf_drv_twi.o
 .bss.m_dfu     0x20002da4       0x14 ./_debug/nrf_ble_dfu.o
 .bss.m_pkt_notif_target
                0x20002db8        0x2 ./_debug/nrf_ble_dfu.o
 .bss.m_pkt_notif_target_cnt
                0x20002dba        0x2 ./_debug/nrf_ble_dfu.o
 .bss.m_flags   0x20002dbc        0x4 ./_debug/nrf_ble_dfu.o
 .bss.m_notif_buffer
                0x20002dc0       0x11 ./_debug/nrf_ble_dfu.o
 *fill*         0x20002dd1        0x3 
 .bss.BLE_EVT_BUFFER.9671
                0x20002dd4       0x50 ./_debug/nrf_ble_dfu.o
 .bss.APP_SCHED_BUF.8447
                0x20002e24      0x150 ./_debug/nrf_dfu.o
 .bss.m_flags   0x20002f74        0x4 ./_debug/nrf_dfu_flash.o
 .bss.m_last_error
                0x20002f78        0x1 ./_debug/nrf_dfu_handling_error.o
 .bss.flash_operation_pending
                0x20002f79        0x1 ./_debug/nrf_dfu_settings.o
 *fill*         0x20002f7a        0x2 
 .bss.m_callback
                0x20002f7c        0x4 ./_debug/nrf_dfu_settings.o
 .bss.temp_dfu_settings.7623
                0x20002f80      0x15c ./_debug/nrf_dfu_settings.o
 .bss.nrf_dfu_utils_reset_delay_timer_data
                0x200030dc       0x20 ./_debug/nrf_dfu_utils.o
 .bss.m_flags   0x200030fc        0x1 ./_debug/fstorage.o
 *fill*         0x200030fd        0x3 
 .bss.m_queue   0x20003100       0x68 ./_debug/fstorage.o
 .bss.m_retry_count
                0x20003168        0x1 ./_debug/fstorage.o
 *fill*         0x20003169        0x3 
 .bss.m_queue_event_headers
                0x2000316c        0x4 ./_debug/app_scheduler.o
 .bss.m_queue_event_data
                0x20003170        0x4 ./_debug/app_scheduler.o
 .bss.m_queue_start_index
                0x20003174        0x1 ./_debug/app_scheduler.o
 .bss.m_queue_end_index
                0x20003175        0x1 ./_debug/app_scheduler.o
 .bss.m_queue_event_size
                0x20003176        0x2 ./_debug/app_scheduler.o
 .bss.m_queue_size
                0x20003178        0x2 ./_debug/app_scheduler.o
 *fill*         0x2000317a        0x2 
 .bss.m_op_queue
                0x2000317c      0x10c ./_debug/app_timer.o
 .bss.mp_timer_id_head
                0x20003288        0x4 ./_debug/app_timer.o
 .bss.m_ticks_latest
                0x2000328c        0x4 ./_debug/app_timer.o
 .bss.m_ticks_elapsed
                0x20003290        0x8 ./_debug/app_timer.o
 .bss.m_ticks_elapsed_q_read_ind
                0x20003298        0x1 ./_debug/app_timer.o
 .bss.m_ticks_elapsed_q_write_ind
                0x20003299        0x1 ./_debug/app_timer.o
 .bss.m_rtc1_running
                0x2000329a        0x1 ./_debug/app_timer.o
 .bss.m_rtc1_reset
                0x2000329b        0x1 ./_debug/app_timer.o
 .bss.m_evt_schedule_func
                0x2000329c        0x4 ./_debug/softdevice_handler.o
 .bss.m_sys_evt_handler
                0x200032a0        0x4 ./_debug/softdevice_handler.o
 .bss.m_softdevice_enabled
                0x200032a4        0x1 ./_debug/softdevice_handler.o
 .bss.m_suspended
                0x200032a5        0x1 ./_debug/softdevice_handler.o
 *fill*         0x200032a6        0x2 
 .bss.mp_ble_evt_buffer
                0x200032a8        0x4 ./_debug/softdevice_handler.o
 .bss.m_ble_evt_buffer_size
                0x200032ac        0x2 ./_debug/softdevice_handler.o
 *fill*         0x200032ae        0x2 
 .bss.m_ble_evt_handler
                0x200032b0        0x4 ./_debug/softdevice_handler.o
 .bss.my_led_0_timings
                0x200032b4        0xc ./_debug/thingy_dfu.o
 .bss.my_led_0_timer_data
                0x200032c0       0x20 ./_debug/thingy_dfu.o
 .bss.my_led_1_timings
                0x200032e0        0xc ./_debug/thingy_dfu.o
 .bss.my_led_1_timer_data
                0x200032ec       0x20 ./_debug/thingy_dfu.o
 .bss.m_data_buf
                0x2000330c      0x400 ./_debug/dfu_req_handling.o
 .bss.m_data_buf_pos
                0x2000370c        0x2 ./_debug/dfu_req_handling.o
 .bss.m_current_data_buffer
                0x2000370e        0x1 ./_debug/dfu_req_handling.o
 *fill*         0x2000370f        0x1 
 .bss.m_flash_operations_pending
                0x20003710        0x4 ./_debug/dfu_req_handling.o
 .bss.m_firmware_start_addr
                0x20003714        0x4 ./_debug/dfu_req_handling.o
 .bss.m_firmware_size_req
                0x20003718        0x4 ./_debug/dfu_req_handling.o
 .bss.m_valid_init_packet_present
                0x2000371c        0x1 ./_debug/dfu_req_handling.o
 *fill*         0x2000371d        0x3 
 .bss.packet    0x20003720      0x12c ./_debug/dfu_req_handling.o
 .bss.stream    0x2000384c       0x10 ./_debug/dfu_req_handling.o
 .bss.crypto_sig_buffer
                0x2000385c       0x40 ./_debug/dfu_req_handling.o
 .bss.init_packet_hash_buffer
                0x2000389c       0x20 ./_debug/dfu_req_handling.o
 .bss.fw_hash_buffer
                0x200038bc       0x20 ./_debug/dfu_req_handling.o
 .bss.init_packet_data
                0x200038dc        0x8 ./_debug/dfu_req_handling.o
 .bss.m_is_dfu_complete_response_sent
                0x200038e4        0x1 ./_debug/dfu_req_handling.o
 .bss.m_dfu_finished_settings_write_state
                0x200038e5        0x1 ./_debug/dfu_req_handling.o
 *fill*         0x200038e6        0x2 
 .bss.m_drv_ext_gpio
                0x200038e8        0x4 ./_debug/drv_ext_gpio.o
 .bss.m_p_light_conf
                0x200038ec        0x4 ./_debug/drv_ext_light.o
 .bss.m_p_drv_sx1509_cfg
                0x200038f0        0x4 ./_debug/drv_ext_light.o
 .bss.m_clkx_tics_pr_sec
                0x200038f4        0x4 ./_debug/drv_ext_light.o
 .bss.m_clkx_div
                0x200038f8        0x1 ./_debug/drv_ext_light.o
 *fill*         0x200038f9        0x3 
 .bss.m_num_lights
                0x200038fc        0x4 ./_debug/drv_ext_light.o
 .bss.m_resync_pin
                0x20003900        0x1 ./_debug/drv_ext_light.o
 .bss.num_lights_curr_using_osc.8781
                0x20003901        0x1 ./_debug/drv_ext_light.o
 *fill*         0x20003902        0x2 
 .bss.m_drv_sx1509
                0x20003904        0x4 ./_debug/drv_sx1509.o
 .bss.m_clkx_tics_pr_sec
                0x20003908        0x4 ./_debug/sx150x_led_drv_calc.o
 .bss.m_initialized
                0x2000390c        0x1 ./_debug/sx150x_led_drv_calc.o
 *fill*         0x2000390d        0x1 
 .bss.m_fade_supported_port_mask
                0x2000390e        0x2 ./_debug/sx150x_led_drv_calc.o
 .bss.s_collisions
                0x20003910        0x4 ./_debug/twi_manager.o
 *(COMMON)
 COMMON         0x20003914      0x15c ./_debug/nrf_dfu_settings.o
                0x20003914                s_dfu_settings
 COMMON         0x20003a70        0xc ./_debug/app_util_platform.o
                0x20003a70                nrf_nvic_state
                0x20003a7c                . = ALIGN (0x4)
                0x20003a7c                __bss_end__ = .

.heap           0x20003a80        0x0
                0x20003a80                __HeapBase = .
                0x20003a80                __end__ = .
                0x20003a80                PROVIDE (end, .)
 *(.heap*)
 .heap          0x20003a80        0x0 ./_debug/gcc_startup_nrf52.o
                0x20003a80                __HeapLimit = .

.stack_dummy    0x20003a80     0x2000
 *(.stack*)
 .stack         0x20003a80     0x2000 ./_debug/gcc_startup_nrf52.o
                0x20007f80                __StackTop = (ORIGIN (RAM) + 0x5380)
                0x20005f80                __StackLimit = (__StackTop - SIZEOF (.stack_dummy))
                0x20007f80                PROVIDE (__stack, __StackTop)
                0x00000001                ASSERT ((__StackLimit >= __HeapLimit), region RAM overflowed with stack)
OUTPUT(_debug/secure_dfu_thingy_s132_pca20020.out elf32-littlearm)

.ARM.attributes
                0x00000000       0x30
 .ARM.attributes
                0x00000000       0x22 /usr/local/gcc-arm-none-eabi-4_9-2015q3/bin/../lib/gcc/arm-none-eabi/4.9.3/armv7e-m/fpu/crti.o
 .ARM.attributes
                0x00000022       0x34 /usr/local/gcc-arm-none-eabi-4_9-2015q3/bin/../lib/gcc/arm-none-eabi/4.9.3/armv7e-m/fpu/crtbegin.o
 .ARM.attributes
                0x00000056       0x20 /usr/local/gcc-arm-none-eabi-4_9-2015q3/bin/../lib/gcc/arm-none-eabi/4.9.3/../../../../arm-none-eabi/lib/armv7e-m/fpu/crt0.o
 .ARM.attributes
                0x00000076       0x39 ./_debug/ble_conn_params.o
 .ARM.attributes
                0x000000af       0x39 ./_debug/ble_srv_common.o
 .ARM.attributes
                0x000000e8       0x39 ./_debug/nrf_drv_common.o
 .ARM.attributes
                0x00000121       0x39 ./_debug/nrf_nvmc.o
 .ARM.attributes
                0x0000015a       0x39 ./_debug/nrf_drv_rng.o
 .ARM.attributes
                0x00000193       0x39 ./_debug/nrf_drv_twi.o
 .ARM.attributes
                0x000001cc       0x39 ./_debug/nrf_ble_dfu.o
 .ARM.attributes
                0x00000205       0x39 ./_debug/nrf_dfu.o
 .ARM.attributes
                0x0000023e       0x39 ./_debug/nrf_dfu_flash.o
 .ARM.attributes
                0x00000277       0x39 ./_debug/nrf_dfu_handling_error.o
 .ARM.attributes
                0x000002b0       0x39 ./_debug/nrf_dfu_mbr.o
 .ARM.attributes
                0x000002e9       0x39 ./_debug/nrf_dfu_settings.o
 .ARM.attributes
                0x00000322       0x39 ./_debug/nrf_dfu_transport.o
 .ARM.attributes
                0x0000035b       0x39 ./_debug/nrf_dfu_utils.o
 .ARM.attributes
                0x00000394       0x39 ./_debug/nrf_bootloader.o
 .ARM.attributes
                0x000003cd       0x39 ./_debug/nrf_bootloader_app_start.o
 .ARM.attributes
                0x00000406       0x39 ./_debug/nrf_bootloader_app_start_asm.o
 .ARM.attributes
                0x0000043f       0x39 ./_debug/nrf_bootloader_info.o
 .ARM.attributes
                0x00000478       0x39 ./_debug/crc32.o
 .ARM.attributes
                0x000004b1       0x39 ./_debug/micro_ecc_lib_ecdsa.o
 .ARM.attributes
                0x000004ea       0x39 ./_debug/nrf_crypto_sw_hash.o
 .ARM.attributes
                0x00000523       0x39 ./_debug/nrf_crypto_ecdsa.o
 .ARM.attributes
                0x0000055c       0x39 ./_debug/nrf_crypto_hash.o
 .ARM.attributes
                0x00000595       0x39 ./_debug/fstorage.o
 .ARM.attributes
                0x000005ce       0x39 ./_debug/nrf_queue.o
 .ARM.attributes
                0x00000607       0x39 ./_debug/app_scheduler.o
 .ARM.attributes
                0x00000640       0x39 ./_debug/sha256.o
 .ARM.attributes
                0x00000679       0x39 ./_debug/app_timer.o
 .ARM.attributes
                0x000006b2       0x39 ./_debug/app_util_platform.o
 .ARM.attributes
                0x000006eb       0x39 ./_debug/softdevice_handler.o
 .ARM.attributes
                0x00000724       0x39 ./_debug/softdevice_handler_appsh.o
 .ARM.attributes
                0x0000075d       0x1c ./_debug/gcc_startup_nrf52.o
 .ARM.attributes
                0x00000779       0x39 ./_debug/system_nrf52.o
 .ARM.attributes
                0x000007b2       0x39 ./_debug/pb_common.o
 .ARM.attributes
                0x000007eb       0x39 ./_debug/pb_decode.o
 .ARM.attributes
                0x00000824       0x39 ./_debug/dfu_public_key.o
 .ARM.attributes
                0x0000085d       0x39 ./_debug/main.o
 .ARM.attributes
                0x00000896       0x39 ./_debug/thingy_dfu.o
 .ARM.attributes
                0x000008cf       0x39 ./_debug/dfu-cc.pb.o
 .ARM.attributes
                0x00000908       0x39 ./_debug/dfu_req_handling.o
 .ARM.attributes
                0x00000941       0x39 ./_debug/drv_ext_gpio.o
 .ARM.attributes
                0x0000097a       0x39 ./_debug/drv_ext_light.o
 .ARM.attributes
                0x000009b3       0x39 ./_debug/drv_sx1509.o
 .ARM.attributes
                0x000009ec       0x39 ./_debug/support_func.o
 .ARM.attributes
                0x00000a25       0x39 ./_debug/sx150x_led_drv_calc.o
 .ARM.attributes
                0x00000a5e       0x39 ./_debug/twi_manager.o
 .ARM.attributes
                0x00000a97       0x39 ../../../../external/sdk13/components/../external/micro-ecc/nrf52_armgcc/armgcc/micro_ecc_lib_nrf52.a(micro_ecc_lib_uECC.c.o)
 .ARM.attributes
                0x00000ad0       0x34 /usr/local/gcc-arm-none-eabi-4_9-2015q3/bin/../lib/gcc/arm-none-eabi/4.9.3/../../../../arm-none-eabi/lib/armv7e-m/fpu/libc_nano.a(lib_a-abs.o)
 .ARM.attributes
                0x00000b04       0x34 /usr/local/gcc-arm-none-eabi-4_9-2015q3/bin/../lib/gcc/arm-none-eabi/4.9.3/../../../../arm-none-eabi/lib/armv7e-m/fpu/libc_nano.a(lib_a-exit.o)
 .ARM.attributes
                0x00000b38       0x34 /usr/local/gcc-arm-none-eabi-4_9-2015q3/bin/../lib/gcc/arm-none-eabi/4.9.3/../../../../arm-none-eabi/lib/armv7e-m/fpu/libc_nano.a(lib_a-impure.o)
 .ARM.attributes
                0x00000b6c       0x34 /usr/local/gcc-arm-none-eabi-4_9-2015q3/bin/../lib/gcc/arm-none-eabi/4.9.3/../../../../arm-none-eabi/lib/armv7e-m/fpu/libc_nano.a(lib_a-init.o)
 .ARM.attributes
                0x00000ba0       0x34 /usr/local/gcc-arm-none-eabi-4_9-2015q3/bin/../lib/gcc/arm-none-eabi/4.9.3/../../../../arm-none-eabi/lib/armv7e-m/fpu/libc_nano.a(lib_a-memcmp.o)
 .ARM.attributes
                0x00000bd4       0x34 /usr/local/gcc-arm-none-eabi-4_9-2015q3/bin/../lib/gcc/arm-none-eabi/4.9.3/../../../../arm-none-eabi/lib/armv7e-m/fpu/libc_nano.a(lib_a-memcpy.o)
 .ARM.attributes
                0x00000c08       0x34 /usr/local/gcc-arm-none-eabi-4_9-2015q3/bin/../lib/gcc/arm-none-eabi/4.9.3/../../../../arm-none-eabi/lib/armv7e-m/fpu/libc_nano.a(lib_a-memset.o)
 .ARM.attributes
                0x00000c3c       0x34 /usr/local/gcc-arm-none-eabi-4_9-2015q3/bin/../lib/gcc/arm-none-eabi/4.9.3/../../../../arm-none-eabi/lib/armv7e-m/fpu/libc_nano.a(lib_a-strlen.o)
 .ARM.attributes
                0x00000c70       0x34 /usr/local/gcc-arm-none-eabi-4_9-2015q3/bin/../lib/gcc/arm-none-eabi/4.9.3/../../../../arm-none-eabi/lib/armv7e-m/fpu/libnosys.a(_exit.o)
 .ARM.attributes
                0x00000ca4       0x34 /usr/local/gcc-arm-none-eabi-4_9-2015q3/bin/../lib/gcc/arm-none-eabi/4.9.3/../../../../arm-none-eabi/lib/armv7e-m/fpu/libm.a(lib_a-s_round.o)
 .ARM.attributes
                0x00000cd8       0x22 /usr/local/gcc-arm-none-eabi-4_9-2015q3/bin/../lib/gcc/arm-none-eabi/4.9.3/armv7e-m/fpu/libgcc.a(_arm_addsubdf3.o)
 .ARM.attributes
                0x00000cfa       0x22 /usr/local/gcc-arm-none-eabi-4_9-2015q3/bin/../lib/gcc/arm-none-eabi/4.9.3/armv7e-m/fpu/libgcc.a(_arm_fixunsdfsi.o)
 .ARM.attributes
                0x00000d1c       0x22 /usr/local/gcc-arm-none-eabi-4_9-2015q3/bin/../lib/gcc/arm-none-eabi/4.9.3/armv7e-m/fpu/libgcc.a(_aeabi_uldivmod.o)
 .ARM.attributes
                0x00000d3e       0x34 /usr/local/gcc-arm-none-eabi-4_9-2015q3/bin/../lib/gcc/arm-none-eabi/4.9.3/armv7e-m/fpu/libgcc.a(bpabi.o)
 .ARM.attributes
                0x00000d72       0x22 /usr/local/gcc-arm-none-eabi-4_9-2015q3/bin/../lib/gcc/arm-none-eabi/4.9.3/armv7e-m/fpu/libgcc.a(_dvmd_tls.o)
 .ARM.attributes
                0x00000d94       0x34 /usr/local/gcc-arm-none-eabi-4_9-2015q3/bin/../lib/gcc/arm-none-eabi/4.9.3/armv7e-m/fpu/libgcc.a(_divdi3.o)
 .ARM.attributes
                0x00000dc8       0x34 /usr/local/gcc-arm-none-eabi-4_9-2015q3/bin/../lib/gcc/arm-none-eabi/4.9.3/armv7e-m/fpu/libgcc.a(_udivdi3.o)
 .ARM.attributes